Component: ARM Compiler 5.06 update 3 (build 300) Tool: armlink [4d35c9]

==============================================================================

Section Cross References

    main.o(i.main) refers to systick.o(i.SysTick_Initialization) for SysTick_Initialization
    main.o(i.main) refers to usart1.o(i.Usart1_Initialization) for Usart1_Initialization
    system_stm32f4xx.o(i.SystemCoreClockUpdate) refers to system_stm32f4xx.o(.data) for SystemCoreClock
    system_stm32f4xx.o(i.SystemInit) refers to system_stm32f4xx.o(i.SetSysClock) for SetSysClock
    startup_stm32f40_41xxx.o(RESET) refers to startup_stm32f40_41xxx.o(STACK) for __initial_sp
    startup_stm32f40_41xxx.o(RESET) refers to startup_stm32f40_41xxx.o(.text) for Reset_Handler
    startup_stm32f40_41xxx.o(RESET) refers to stm32f4xx_it.o(i.NMI_Handler) for NMI_Handler
    startup_stm32f40_41xxx.o(RESET) refers to stm32f4xx_it.o(i.HardFault_Handler) for HardFault_Handler
    startup_stm32f40_41xxx.o(RESET) refers to stm32f4xx_it.o(i.MemManage_Handler) for MemManage_Handler
    startup_stm32f40_41xxx.o(RESET) refers to stm32f4xx_it.o(i.BusFault_Handler) for BusFault_Handler
    startup_stm32f40_41xxx.o(RESET) refers to stm32f4xx_it.o(i.UsageFault_Handler) for UsageFault_Handler
    startup_stm32f40_41xxx.o(RESET) refers to stm32f4xx_it.o(i.SVC_Handler) for SVC_Handler
    startup_stm32f40_41xxx.o(RESET) refers to stm32f4xx_it.o(i.DebugMon_Handler) for DebugMon_Handler
    startup_stm32f40_41xxx.o(RESET) refers to stm32f4xx_it.o(i.PendSV_Handler) for PendSV_Handler
    startup_stm32f40_41xxx.o(RESET) refers to stm32f4xx_it.o(i.SysTick_Handler) for SysTick_Handler
    startup_stm32f40_41xxx.o(RESET) refers to adc.o(i.ADC_IRQHandler) for ADC_IRQHandler
    startup_stm32f40_41xxx.o(RESET) refers to usart1.o(i.USART1_IRQHandler) for USART1_IRQHandler
    startup_stm32f40_41xxx.o(.text) refers to system_stm32f4xx.o(i.SystemInit) for SystemInit
    startup_stm32f40_41xxx.o(.text) refers to entry.o(.ARM.Collect$$$$00000000) for __main
    stm32f4xx_gpio.o(i.GPIO_DeInit) refers to stm32f4xx_rcc.o(i.RCC_AHB1PeriphResetCmd) for RCC_AHB1PeriphResetCmd
    stm32f4xx_rcc.o(i.RCC_GetClocksFreq) refers to stm32f4xx_rcc.o(.data) for APBAHBPrescTable
    stm32f4xx_rcc.o(i.RCC_WaitForHSEStartUp) refers to stm32f4xx_rcc.o(i.RCC_GetFlagStatus) for RCC_GetFlagStatus
    stm32f4xx_usart.o(i.USART_DeInit) refers to stm32f4xx_rcc.o(i.RCC_APB2PeriphResetCmd) for RCC_APB2PeriphResetCmd
    stm32f4xx_usart.o(i.USART_DeInit) refers to stm32f4xx_rcc.o(i.RCC_APB1PeriphResetCmd) for RCC_APB1PeriphResetCmd
    stm32f4xx_usart.o(i.USART_Init) refers to stm32f4xx_rcc.o(i.RCC_GetClocksFreq) for RCC_GetClocksFreq
    stm32f4xx_tim.o(i.TIM_DeInit) refers to stm32f4xx_rcc.o(i.RCC_APB2PeriphResetCmd) for RCC_APB2PeriphResetCmd
    stm32f4xx_tim.o(i.TIM_DeInit) refers to stm32f4xx_rcc.o(i.RCC_APB1PeriphResetCmd) for RCC_APB1PeriphResetCmd
    stm32f4xx_tim.o(i.TIM_ETRClockMode1Config) refers to stm32f4xx_tim.o(i.TIM_ETRConfig) for TIM_ETRConfig
    stm32f4xx_tim.o(i.TIM_ETRClockMode2Config) refers to stm32f4xx_tim.o(i.TIM_ETRConfig) for TIM_ETRConfig
    stm32f4xx_tim.o(i.TIM_ICInit) refers to stm32f4xx_tim.o(i.TI1_Config) for TI1_Config
    stm32f4xx_tim.o(i.TIM_ICInit) refers to stm32f4xx_tim.o(i.TIM_SetIC1Prescaler) for TIM_SetIC1Prescaler
    stm32f4xx_tim.o(i.TIM_ICInit) refers to stm32f4xx_tim.o(i.TI2_Config) for TI2_Config
    stm32f4xx_tim.o(i.TIM_ICInit) refers to stm32f4xx_tim.o(i.TIM_SetIC2Prescaler) for TIM_SetIC2Prescaler
    stm32f4xx_tim.o(i.TIM_ICInit) refers to stm32f4xx_tim.o(i.TI3_Config) for TI3_Config
    stm32f4xx_tim.o(i.TIM_ICInit) refers to stm32f4xx_tim.o(i.TIM_SetIC3Prescaler) for TIM_SetIC3Prescaler
    stm32f4xx_tim.o(i.TIM_ICInit) refers to stm32f4xx_tim.o(i.TI4_Config) for TI4_Config
    stm32f4xx_tim.o(i.TIM_ICInit) refers to stm32f4xx_tim.o(i.TIM_SetIC4Prescaler) for TIM_SetIC4Prescaler
    stm32f4xx_tim.o(i.TIM_ITRxExternalClockConfig) refers to stm32f4xx_tim.o(i.TIM_SelectInputTrigger) for TIM_SelectInputTrigger
    stm32f4xx_tim.o(i.TIM_PWMIConfig) refers to stm32f4xx_tim.o(i.TI1_Config) for TI1_Config
    stm32f4xx_tim.o(i.TIM_PWMIConfig) refers to stm32f4xx_tim.o(i.TIM_SetIC1Prescaler) for TIM_SetIC1Prescaler
    stm32f4xx_tim.o(i.TIM_PWMIConfig) refers to stm32f4xx_tim.o(i.TI2_Config) for TI2_Config
    stm32f4xx_tim.o(i.TIM_PWMIConfig) refers to stm32f4xx_tim.o(i.TIM_SetIC2Prescaler) for TIM_SetIC2Prescaler
    stm32f4xx_tim.o(i.TIM_TIxExternalClockConfig) refers to stm32f4xx_tim.o(i.TI2_Config) for TI2_Config
    stm32f4xx_tim.o(i.TIM_TIxExternalClockConfig) refers to stm32f4xx_tim.o(i.TI1_Config) for TI1_Config
    stm32f4xx_tim.o(i.TIM_TIxExternalClockConfig) refers to stm32f4xx_tim.o(i.TIM_SelectInputTrigger) for TIM_SelectInputTrigger
    stm32f4xx_i2c.o(i.I2C_DeInit) refers to stm32f4xx_rcc.o(i.RCC_APB1PeriphResetCmd) for RCC_APB1PeriphResetCmd
    stm32f4xx_i2c.o(i.I2C_Init) refers to stm32f4xx_rcc.o(i.RCC_GetClocksFreq) for RCC_GetClocksFreq
    stm32f4xx_syscfg.o(i.SYSCFG_DeInit) refers to stm32f4xx_rcc.o(i.RCC_APB2PeriphResetCmd) for RCC_APB2PeriphResetCmd
    stm32f4xx_adc.o(i.ADC_DeInit) refers to stm32f4xx_rcc.o(i.RCC_APB2PeriphResetCmd) for RCC_APB2PeriphResetCmd
    led.o(i.LED_GPIO_Init) refers to stm32f4xx_rcc.o(i.RCC_AHB1PeriphClockCmd) for RCC_AHB1PeriphClockCmd
    led.o(i.LED_GPIO_Init) refers to stm32f4xx_gpio.o(i.GPIO_Init) for GPIO_Init
    led.o(i.LED_GPIO_Init) refers to stm32f4xx_gpio.o(i.GPIO_SetBits) for GPIO_SetBits
    led.o(i.LED_Initialization) refers to led.o(i.LED_GPIO_Init) for LED_GPIO_Init
    led.o(i.LED_Off) refers to stm32f4xx_gpio.o(i.GPIO_SetBits) for GPIO_SetBits
    led.o(i.LED_On) refers to stm32f4xx_gpio.o(i.GPIO_ResetBits) for GPIO_ResetBits
    key.o(i.KEY_GPIO_Init) refers to stm32f4xx_rcc.o(i.RCC_AHB1PeriphClockCmd) for RCC_AHB1PeriphClockCmd
    key.o(i.KEY_GPIO_Init) refers to stm32f4xx_gpio.o(i.GPIO_Init) for GPIO_Init
    key.o(i.KEY_Initialization) refers to key.o(i.KEY_GPIO_Init) for KEY_GPIO_Init
    key.o(i.KEY_Scan) refers to stm32f4xx_gpio.o(i.GPIO_ReadInputDataBit) for GPIO_ReadInputDataBit
    key.o(i.KEY_Scan) refers to systick.o(i.Delay_Ms) for Delay_Ms
    key.o(i.KEY_Scan) refers to key.o(.data) for key_down
    systick.o(i.Delay_Ms) refers to systick.o(.data) for fac_ms
    systick.o(i.Delay_Us) refers to systick.o(.data) for fac_us
    systick.o(i.SysTick_Initialization) refers to misc.o(i.SysTick_CLKSourceConfig) for SysTick_CLKSourceConfig
    systick.o(i.SysTick_Initialization) refers to system_stm32f4xx.o(.data) for SystemCoreClock
    systick.o(i.SysTick_Initialization) refers to systick.o(.data) for fac_us
    i2c.o(i.I2C_Ack) refers to stm32f4xx_gpio.o(i.GPIO_ResetBits) for GPIO_ResetBits
    i2c.o(i.I2C_Ack) refers to systick.o(i.Delay_Us) for Delay_Us
    i2c.o(i.I2C_Ack) refers to stm32f4xx_gpio.o(i.GPIO_SetBits) for GPIO_SetBits
    i2c.o(i.I2C_GPIO_Init) refers to stm32f4xx_rcc.o(i.RCC_AHB1PeriphClockCmd) for RCC_AHB1PeriphClockCmd
    i2c.o(i.I2C_GPIO_Init) refers to stm32f4xx_gpio.o(i.GPIO_Init) for GPIO_Init
    i2c.o(i.I2C_GPIO_Init) refers to stm32f4xx_gpio.o(i.GPIO_SetBits) for GPIO_SetBits
    i2c.o(i.I2C_Initialization) refers to i2c.o(i.I2C_GPIO_Init) for I2C_GPIO_Init
    i2c.o(i.I2C_NAck) refers to stm32f4xx_gpio.o(i.GPIO_ResetBits) for GPIO_ResetBits
    i2c.o(i.I2C_NAck) refers to stm32f4xx_gpio.o(i.GPIO_SetBits) for GPIO_SetBits
    i2c.o(i.I2C_NAck) refers to systick.o(i.Delay_Us) for Delay_Us
    i2c.o(i.I2C_ReceiveByte) refers to stm32f4xx_gpio.o(i.GPIO_ResetBits) for GPIO_ResetBits
    i2c.o(i.I2C_ReceiveByte) refers to systick.o(i.Delay_Us) for Delay_Us
    i2c.o(i.I2C_ReceiveByte) refers to stm32f4xx_gpio.o(i.GPIO_SetBits) for GPIO_SetBits
    i2c.o(i.I2C_ReceiveByte) refers to stm32f4xx_gpio.o(i.GPIO_ReadInputDataBit) for GPIO_ReadInputDataBit
    i2c.o(i.I2C_ReceiveByte) refers to i2c.o(i.I2C_Ack) for I2C_Ack
    i2c.o(i.I2C_ReceiveByte) refers to i2c.o(i.I2C_NAck) for I2C_NAck
    i2c.o(i.I2C_Start) refers to stm32f4xx_gpio.o(i.GPIO_SetBits) for GPIO_SetBits
    i2c.o(i.I2C_Start) refers to systick.o(i.Delay_Us) for Delay_Us
    i2c.o(i.I2C_Start) refers to stm32f4xx_gpio.o(i.GPIO_ResetBits) for GPIO_ResetBits
    i2c.o(i.I2C_Stop) refers to stm32f4xx_gpio.o(i.GPIO_ResetBits) for GPIO_ResetBits
    i2c.o(i.I2C_Stop) refers to systick.o(i.Delay_Us) for Delay_Us
    i2c.o(i.I2C_Stop) refers to stm32f4xx_gpio.o(i.GPIO_SetBits) for GPIO_SetBits
    i2c.o(i.I2C_TransmitByte) refers to stm32f4xx_gpio.o(i.GPIO_ResetBits) for GPIO_ResetBits
    i2c.o(i.I2C_TransmitByte) refers to stm32f4xx_gpio.o(i.GPIO_SetBits) for GPIO_SetBits
    i2c.o(i.I2C_TransmitByte) refers to systick.o(i.Delay_Us) for Delay_Us
    i2c.o(i.I2C_WaitAck) refers to stm32f4xx_gpio.o(i.GPIO_ResetBits) for GPIO_ResetBits
    i2c.o(i.I2C_WaitAck) refers to stm32f4xx_gpio.o(i.GPIO_SetBits) for GPIO_SetBits
    i2c.o(i.I2C_WaitAck) refers to systick.o(i.Delay_Us) for Delay_Us
    i2c.o(i.I2C_WaitAck) refers to i2c.o(i.I2C_Stop) for I2C_Stop
    i2c.o(i.I2C_WaitAck) refers to stm32f4xx_gpio.o(i.GPIO_ReadInputDataBit) for GPIO_ReadInputDataBit
    usart1.o(i.USART1_IRQHandler) refers to stm32f4xx_usart.o(i.USART_GetITStatus) for USART_GetITStatus
    usart1.o(i.USART1_IRQHandler) refers to stm32f4xx_usart.o(i.USART_ReceiveData) for USART_ReceiveData
    usart1.o(i.USART1_IRQHandler) refers to stm32f4xx_usart.o(i.USART_ClearITPendingBit) for USART_ClearITPendingBit
    usart1.o(i.USART1_IRQHandler) refers to usart1.o(.data) for USART1_RX_STA
    usart1.o(i.USART1_IRQHandler) refers to usart1.o(.bss) for USART1_RX_BUF
    usart1.o(i.Usart1_Config) refers to stm32f4xx_rcc.o(i.RCC_APB2PeriphClockCmd) for RCC_APB2PeriphClockCmd
    usart1.o(i.Usart1_Config) refers to stm32f4xx_usart.o(i.USART_Init) for USART_Init
    usart1.o(i.Usart1_Config) refers to stm32f4xx_usart.o(i.USART_ITConfig) for USART_ITConfig
    usart1.o(i.Usart1_Config) refers to stm32f4xx_usart.o(i.USART_Cmd) for USART_Cmd
    usart1.o(i.Usart1_GPIO_Init) refers to stm32f4xx_rcc.o(i.RCC_AHB1PeriphClockCmd) for RCC_AHB1PeriphClockCmd
    usart1.o(i.Usart1_GPIO_Init) refers to stm32f4xx_gpio.o(i.GPIO_PinAFConfig) for GPIO_PinAFConfig
    usart1.o(i.Usart1_GPIO_Init) refers to stm32f4xx_gpio.o(i.GPIO_Init) for GPIO_Init
    usart1.o(i.Usart1_Initialization) refers to usart1.o(i.Usart1_GPIO_Init) for Usart1_GPIO_Init
    usart1.o(i.Usart1_Initialization) refers to usart1.o(i.Usart1_Config) for Usart1_Config
    usart1.o(i.Usart1_Initialization) refers to usart1.o(i.Usart1_NVIC_Config) for Usart1_NVIC_Config
    usart1.o(i.Usart1_NVIC_Config) refers to misc.o(i.NVIC_PriorityGroupConfig) for NVIC_PriorityGroupConfig
    usart1.o(i.Usart1_NVIC_Config) refers to misc.o(i.NVIC_Init) for NVIC_Init
    usart1.o(i.Usart1_SendByte) refers to stm32f4xx_usart.o(i.USART_SendData) for USART_SendData
    usart1.o(i.Usart1_SendByte) refers to stm32f4xx_usart.o(i.USART_GetFlagStatus) for USART_GetFlagStatus
    usart1.o(i.Usart1_SendNumber) refers to usart1.o(i.Usart1_SendByte) for Usart1_SendByte
    usart1.o(i.Usart1_SendString) refers to usart1.o(i.Usart1_SendByte) for Usart1_SendByte
    adc.o(i.ADC_Config) refers to stm32f4xx_rcc.o(i.RCC_APB2PeriphClockCmd) for RCC_APB2PeriphClockCmd
    adc.o(i.ADC_Config) refers to stm32f4xx_adc.o(i.ADC_CommonInit) for ADC_CommonInit
    adc.o(i.ADC_Config) refers to stm32f4xx_adc.o(i.ADC_Init) for ADC_Init
    adc.o(i.ADC_Config) refers to stm32f4xx_adc.o(i.ADC_RegularChannelConfig) for ADC_RegularChannelConfig
    adc.o(i.ADC_Config) refers to stm32f4xx_adc.o(i.ADC_ITConfig) for ADC_ITConfig
    adc.o(i.ADC_Config) refers to stm32f4xx_adc.o(i.ADC_Cmd) for ADC_Cmd
    adc.o(i.ADC_Config) refers to stm32f4xx_adc.o(i.ADC_SoftwareStartConv) for ADC_SoftwareStartConv
    adc.o(i.ADC_GPIO_Init) refers to stm32f4xx_rcc.o(i.RCC_AHB1PeriphClockCmd) for RCC_AHB1PeriphClockCmd
    adc.o(i.ADC_GPIO_Init) refers to stm32f4xx_gpio.o(i.GPIO_Init) for GPIO_Init
    adc.o(i.ADC_IRQHandler) refers to stm32f4xx_adc.o(i.ADC_GetFlagStatus) for ADC_GetFlagStatus
    adc.o(i.ADC_IRQHandler) refers to stm32f4xx_adc.o(i.ADC_GetConversionValue) for ADC_GetConversionValue
    adc.o(i.ADC_IRQHandler) refers to stm32f4xx_adc.o(i.ADC_ClearITPendingBit) for ADC_ClearITPendingBit
    adc.o(i.ADC_IRQHandler) refers to adc.o(.data) for ADC_ConvertedValue
    adc.o(i.ADC_Initialization) refers to adc.o(i.ADC_GPIO_Init) for ADC_GPIO_Init
    adc.o(i.ADC_Initialization) refers to adc.o(i.ADC_Config) for ADC_Config
    adc.o(i.ADC_Initialization) refers to adc.o(i.ADC_NVIC_Config) for ADC_NVIC_Config
    adc.o(i.ADC_NVIC_Config) refers to misc.o(i.NVIC_PriorityGroupConfig) for NVIC_PriorityGroupConfig
    adc.o(i.ADC_NVIC_Config) refers to misc.o(i.NVIC_Init) for NVIC_Init
    pwm1.o(i.PWM1_Ctrl) refers to stm32f4xx_tim.o(i.TIM_Cmd) for TIM_Cmd
    pwm1.o(i.PWM1_GPIO_Init) refers to stm32f4xx_rcc.o(i.RCC_AHB1PeriphClockCmd) for RCC_AHB1PeriphClockCmd
    pwm1.o(i.PWM1_GPIO_Init) refers to stm32f4xx_gpio.o(i.GPIO_PinAFConfig) for GPIO_PinAFConfig
    pwm1.o(i.PWM1_GPIO_Init) refers to stm32f4xx_gpio.o(i.GPIO_Init) for GPIO_Init
    pwm1.o(i.PWM1_Initialization) refers to pwm1.o(i.PWM1_GPIO_Init) for PWM1_GPIO_Init
    pwm1.o(i.PWM1_Initialization) refers to pwm1.o(i.PWM1_TIM_Init) for PWM1_TIM_Init
    pwm1.o(i.PWM1_SetScale) refers to stm32f4xx_tim.o(i.TIM_SetCompare1) for TIM_SetCompare1
    pwm1.o(i.PWM1_TIM_Init) refers to stm32f4xx_rcc.o(i.RCC_APB1PeriphClockCmd) for RCC_APB1PeriphClockCmd
    pwm1.o(i.PWM1_TIM_Init) refers to stm32f4xx_tim.o(i.TIM_TimeBaseInit) for TIM_TimeBaseInit
    pwm1.o(i.PWM1_TIM_Init) refers to stm32f4xx_tim.o(i.TIM_OC1Init) for TIM_OC1Init
    pwm1.o(i.PWM1_TIM_Init) refers to stm32f4xx_tim.o(i.TIM_OC1PreloadConfig) for TIM_OC1PreloadConfig
    pwm1.o(i.PWM1_TIM_Init) refers to stm32f4xx_tim.o(i.TIM_ARRPreloadConfig) for TIM_ARRPreloadConfig
    pwm2.o(i.PWM2_Ctrl) refers to stm32f4xx_tim.o(i.TIM_Cmd) for TIM_Cmd
    pwm2.o(i.PWM2_GPIO_Init) refers to stm32f4xx_rcc.o(i.RCC_AHB1PeriphClockCmd) for RCC_AHB1PeriphClockCmd
    pwm2.o(i.PWM2_GPIO_Init) refers to stm32f4xx_gpio.o(i.GPIO_PinAFConfig) for GPIO_PinAFConfig
    pwm2.o(i.PWM2_GPIO_Init) refers to stm32f4xx_gpio.o(i.GPIO_Init) for GPIO_Init
    pwm2.o(i.PWM2_Initialization) refers to pwm2.o(i.PWM2_GPIO_Init) for PWM2_GPIO_Init
    pwm2.o(i.PWM2_Initialization) refers to pwm2.o(i.PWM2_TIM_Init) for PWM2_TIM_Init
    pwm2.o(i.PWM2_SetScale) refers to stm32f4xx_tim.o(i.TIM_SetCompare2) for TIM_SetCompare2
    pwm2.o(i.PWM2_TIM_Init) refers to stm32f4xx_rcc.o(i.RCC_APB1PeriphClockCmd) for RCC_APB1PeriphClockCmd
    pwm2.o(i.PWM2_TIM_Init) refers to stm32f4xx_tim.o(i.TIM_TimeBaseInit) for TIM_TimeBaseInit
    pwm2.o(i.PWM2_TIM_Init) refers to stm32f4xx_tim.o(i.TIM_OC2Init) for TIM_OC2Init
    pwm2.o(i.PWM2_TIM_Init) refers to stm32f4xx_tim.o(i.TIM_OC2PreloadConfig) for TIM_OC2PreloadConfig
    pwm2.o(i.PWM2_TIM_Init) refers to stm32f4xx_tim.o(i.TIM_ARRPreloadConfig) for TIM_ARRPreloadConfig
    pwm3.o(i.PWM3_Ctrl) refers to stm32f4xx_tim.o(i.TIM_Cmd) for TIM_Cmd
    pwm3.o(i.PWM3_GPIO_Init) refers to stm32f4xx_rcc.o(i.RCC_AHB1PeriphClockCmd) for RCC_AHB1PeriphClockCmd
    pwm3.o(i.PWM3_GPIO_Init) refers to stm32f4xx_gpio.o(i.GPIO_PinAFConfig) for GPIO_PinAFConfig
    pwm3.o(i.PWM3_GPIO_Init) refers to stm32f4xx_gpio.o(i.GPIO_Init) for GPIO_Init
    pwm3.o(i.PWM3_Initialization) refers to pwm3.o(i.PWM3_GPIO_Init) for PWM3_GPIO_Init
    pwm3.o(i.PWM3_Initialization) refers to pwm3.o(i.PWM3_TIM_Init) for PWM3_TIM_Init
    pwm3.o(i.PWM3_SetScale) refers to stm32f4xx_tim.o(i.TIM_SetCompare3) for TIM_SetCompare3
    pwm3.o(i.PWM3_TIM_Init) refers to stm32f4xx_rcc.o(i.RCC_APB1PeriphClockCmd) for RCC_APB1PeriphClockCmd
    pwm3.o(i.PWM3_TIM_Init) refers to stm32f4xx_tim.o(i.TIM_TimeBaseInit) for TIM_TimeBaseInit
    pwm3.o(i.PWM3_TIM_Init) refers to stm32f4xx_tim.o(i.TIM_OC3Init) for TIM_OC3Init
    pwm3.o(i.PWM3_TIM_Init) refers to stm32f4xx_tim.o(i.TIM_OC3PreloadConfig) for TIM_OC3PreloadConfig
    pwm3.o(i.PWM3_TIM_Init) refers to stm32f4xx_tim.o(i.TIM_ARRPreloadConfig) for TIM_ARRPreloadConfig
    pwm4.o(i.PWM4_Ctrl) refers to stm32f4xx_tim.o(i.TIM_Cmd) for TIM_Cmd
    pwm4.o(i.PWM4_GPIO_Init) refers to stm32f4xx_rcc.o(i.RCC_AHB1PeriphClockCmd) for RCC_AHB1PeriphClockCmd
    pwm4.o(i.PWM4_GPIO_Init) refers to stm32f4xx_gpio.o(i.GPIO_PinAFConfig) for GPIO_PinAFConfig
    pwm4.o(i.PWM4_GPIO_Init) refers to stm32f4xx_gpio.o(i.GPIO_Init) for GPIO_Init
    pwm4.o(i.PWM4_Initialization) refers to pwm4.o(i.PWM4_GPIO_Init) for PWM4_GPIO_Init
    pwm4.o(i.PWM4_Initialization) refers to pwm4.o(i.PWM4_TIM_Init) for PWM4_TIM_Init
    pwm4.o(i.PWM4_SetScale) refers to stm32f4xx_tim.o(i.TIM_SetCompare1) for TIM_SetCompare1
    pwm4.o(i.PWM4_TIM_Init) refers to stm32f4xx_rcc.o(i.RCC_APB1PeriphClockCmd) for RCC_APB1PeriphClockCmd
    pwm4.o(i.PWM4_TIM_Init) refers to stm32f4xx_tim.o(i.TIM_TimeBaseInit) for TIM_TimeBaseInit
    pwm4.o(i.PWM4_TIM_Init) refers to stm32f4xx_tim.o(i.TIM_OC1Init) for TIM_OC1Init
    pwm4.o(i.PWM4_TIM_Init) refers to stm32f4xx_tim.o(i.TIM_OC1PreloadConfig) for TIM_OC1PreloadConfig
    pwm4.o(i.PWM4_TIM_Init) refers to stm32f4xx_tim.o(i.TIM_ARRPreloadConfig) for TIM_ARRPreloadConfig
    pwm5.o(i.PWM5_Ctrl) refers to stm32f4xx_tim.o(i.TIM_Cmd) for TIM_Cmd
    pwm5.o(i.PWM5_GPIO_Init) refers to stm32f4xx_rcc.o(i.RCC_AHB1PeriphClockCmd) for RCC_AHB1PeriphClockCmd
    pwm5.o(i.PWM5_GPIO_Init) refers to stm32f4xx_gpio.o(i.GPIO_PinAFConfig) for GPIO_PinAFConfig
    pwm5.o(i.PWM5_GPIO_Init) refers to stm32f4xx_gpio.o(i.GPIO_Init) for GPIO_Init
    pwm5.o(i.PWM5_Initialization) refers to pwm5.o(i.PWM5_GPIO_Init) for PWM5_GPIO_Init
    pwm5.o(i.PWM5_Initialization) refers to pwm5.o(i.PWM5_TIM_Init) for PWM5_TIM_Init
    pwm5.o(i.PWM5_SetScale) refers to stm32f4xx_tim.o(i.TIM_SetCompare2) for TIM_SetCompare2
    pwm5.o(i.PWM5_TIM_Init) refers to stm32f4xx_rcc.o(i.RCC_APB1PeriphClockCmd) for RCC_APB1PeriphClockCmd
    pwm5.o(i.PWM5_TIM_Init) refers to stm32f4xx_tim.o(i.TIM_TimeBaseInit) for TIM_TimeBaseInit
    pwm5.o(i.PWM5_TIM_Init) refers to stm32f4xx_tim.o(i.TIM_OC2Init) for TIM_OC2Init
    pwm5.o(i.PWM5_TIM_Init) refers to stm32f4xx_tim.o(i.TIM_OC2PreloadConfig) for TIM_OC2PreloadConfig
    pwm5.o(i.PWM5_TIM_Init) refers to stm32f4xx_tim.o(i.TIM_ARRPreloadConfig) for TIM_ARRPreloadConfig
    pwm6.o(i.PWM6_Ctrl) refers to stm32f4xx_tim.o(i.TIM_Cmd) for TIM_Cmd
    pwm6.o(i.PWM6_GPIO_Init) refers to stm32f4xx_rcc.o(i.RCC_AHB1PeriphClockCmd) for RCC_AHB1PeriphClockCmd
    pwm6.o(i.PWM6_GPIO_Init) refers to stm32f4xx_gpio.o(i.GPIO_PinAFConfig) for GPIO_PinAFConfig
    pwm6.o(i.PWM6_GPIO_Init) refers to stm32f4xx_gpio.o(i.GPIO_Init) for GPIO_Init
    pwm6.o(i.PWM6_Initialization) refers to pwm6.o(i.PWM6_GPIO_Init) for PWM6_GPIO_Init
    pwm6.o(i.PWM6_Initialization) refers to pwm6.o(i.PWM6_TIM_Init) for PWM6_TIM_Init
    pwm6.o(i.PWM6_SetScale) refers to stm32f4xx_tim.o(i.TIM_SetCompare3) for TIM_SetCompare3
    pwm6.o(i.PWM6_TIM_Init) refers to stm32f4xx_rcc.o(i.RCC_APB1PeriphClockCmd) for RCC_APB1PeriphClockCmd
    pwm6.o(i.PWM6_TIM_Init) refers to stm32f4xx_tim.o(i.TIM_TimeBaseInit) for TIM_TimeBaseInit
    pwm6.o(i.PWM6_TIM_Init) refers to stm32f4xx_tim.o(i.TIM_OC3Init) for TIM_OC3Init
    pwm6.o(i.PWM6_TIM_Init) refers to stm32f4xx_tim.o(i.TIM_OC3PreloadConfig) for TIM_OC3PreloadConfig
    pwm6.o(i.PWM6_TIM_Init) refers to stm32f4xx_tim.o(i.TIM_ARRPreloadConfig) for TIM_ARRPreloadConfig
    pwm7.o(i.PWM7_Ctrl) refers to stm32f4xx_tim.o(i.TIM_Cmd) for TIM_Cmd
    pwm7.o(i.PWM7_GPIO_Init) refers to stm32f4xx_rcc.o(i.RCC_AHB1PeriphClockCmd) for RCC_AHB1PeriphClockCmd
    pwm7.o(i.PWM7_GPIO_Init) refers to stm32f4xx_gpio.o(i.GPIO_PinAFConfig) for GPIO_PinAFConfig
    pwm7.o(i.PWM7_GPIO_Init) refers to stm32f4xx_gpio.o(i.GPIO_Init) for GPIO_Init
    pwm7.o(i.PWM7_Initialization) refers to pwm7.o(i.PWM7_GPIO_Init) for PWM7_GPIO_Init
    pwm7.o(i.PWM7_Initialization) refers to pwm7.o(i.PWM7_TIM_Init) for PWM7_TIM_Init
    pwm7.o(i.PWM7_SetScale) refers to stm32f4xx_tim.o(i.TIM_SetCompare1) for TIM_SetCompare1
    pwm7.o(i.PWM7_TIM_Init) refers to stm32f4xx_rcc.o(i.RCC_APB1PeriphClockCmd) for RCC_APB1PeriphClockCmd
    pwm7.o(i.PWM7_TIM_Init) refers to stm32f4xx_tim.o(i.TIM_TimeBaseInit) for TIM_TimeBaseInit
    pwm7.o(i.PWM7_TIM_Init) refers to stm32f4xx_tim.o(i.TIM_OC1Init) for TIM_OC1Init
    pwm7.o(i.PWM7_TIM_Init) refers to stm32f4xx_tim.o(i.TIM_OC1PreloadConfig) for TIM_OC1PreloadConfig
    pwm7.o(i.PWM7_TIM_Init) refers to stm32f4xx_tim.o(i.TIM_ARRPreloadConfig) for TIM_ARRPreloadConfig
    pwm8.o(i.PWM8_Ctrl) refers to stm32f4xx_tim.o(i.TIM_Cmd) for TIM_Cmd
    pwm8.o(i.PWM8_GPIO_Init) refers to stm32f4xx_rcc.o(i.RCC_AHB1PeriphClockCmd) for RCC_AHB1PeriphClockCmd
    pwm8.o(i.PWM8_GPIO_Init) refers to stm32f4xx_gpio.o(i.GPIO_PinAFConfig) for GPIO_PinAFConfig
    pwm8.o(i.PWM8_GPIO_Init) refers to stm32f4xx_gpio.o(i.GPIO_Init) for GPIO_Init
    pwm8.o(i.PWM8_Initialization) refers to pwm8.o(i.PWM8_GPIO_Init) for PWM8_GPIO_Init
    pwm8.o(i.PWM8_Initialization) refers to pwm8.o(i.PWM8_TIM_Init) for PWM8_TIM_Init
    pwm8.o(i.PWM8_SetScale) refers to stm32f4xx_tim.o(i.TIM_SetCompare2) for TIM_SetCompare2
    pwm8.o(i.PWM8_TIM_Init) refers to stm32f4xx_rcc.o(i.RCC_APB1PeriphClockCmd) for RCC_APB1PeriphClockCmd
    pwm8.o(i.PWM8_TIM_Init) refers to stm32f4xx_tim.o(i.TIM_TimeBaseInit) for TIM_TimeBaseInit
    pwm8.o(i.PWM8_TIM_Init) refers to stm32f4xx_tim.o(i.TIM_OC2Init) for TIM_OC2Init
    pwm8.o(i.PWM8_TIM_Init) refers to stm32f4xx_tim.o(i.TIM_OC2PreloadConfig) for TIM_OC2PreloadConfig
    pwm8.o(i.PWM8_TIM_Init) refers to stm32f4xx_tim.o(i.TIM_ARRPreloadConfig) for TIM_ARRPreloadConfig
    motor.o(i.Motor_B1_Turn) refers to pwm3.o(i.PWM3_SetScale) for PWM3_SetScale
    motor.o(i.Motor_B2_Turn) refers to pwm4.o(i.PWM4_SetScale) for PWM4_SetScale
    motor.o(i.Motor_F1_Turn) refers to pwm1.o(i.PWM1_SetScale) for PWM1_SetScale
    motor.o(i.Motor_F2_Turn) refers to pwm2.o(i.PWM2_SetScale) for PWM2_SetScale
    motor.o(i.Motor_Init) refers to pwm1.o(i.PWM1_Initialization) for PWM1_Initialization
    motor.o(i.Motor_Init) refers to pwm2.o(i.PWM2_Initialization) for PWM2_Initialization
    motor.o(i.Motor_Init) refers to pwm3.o(i.PWM3_Initialization) for PWM3_Initialization
    motor.o(i.Motor_Init) refers to pwm4.o(i.PWM4_Initialization) for PWM4_Initialization
    motor.o(i.Motor_Init) refers to pwm5.o(i.PWM5_Initialization) for PWM5_Initialization
    motor.o(i.Motor_Init) refers to pwm6.o(i.PWM6_Initialization) for PWM6_Initialization
    motor.o(i.Motor_Init) refers to pwm7.o(i.PWM7_Initialization) for PWM7_Initialization
    motor.o(i.Motor_Init) refers to pwm8.o(i.PWM8_Initialization) for PWM8_Initialization
    motor.o(i.Motor_Init) refers to pwm1.o(i.PWM1_SetScale) for PWM1_SetScale
    motor.o(i.Motor_Init) refers to pwm2.o(i.PWM2_SetScale) for PWM2_SetScale
    motor.o(i.Motor_Init) refers to pwm3.o(i.PWM3_SetScale) for PWM3_SetScale
    motor.o(i.Motor_Init) refers to pwm4.o(i.PWM4_SetScale) for PWM4_SetScale
    motor.o(i.Motor_Init) refers to pwm5.o(i.PWM5_SetScale) for PWM5_SetScale
    motor.o(i.Motor_Init) refers to pwm6.o(i.PWM6_SetScale) for PWM6_SetScale
    motor.o(i.Motor_Init) refers to pwm7.o(i.PWM7_SetScale) for PWM7_SetScale
    motor.o(i.Motor_Init) refers to pwm8.o(i.PWM8_SetScale) for PWM8_SetScale
    motor.o(i.Motor_Initialization) refers to motor.o(i.Motor_Init) for Motor_Init
    motor.o(i.Motor_L1_Turn) refers to pwm7.o(i.PWM7_SetScale) for PWM7_SetScale
    motor.o(i.Motor_L2_Turn) refers to pwm5.o(i.PWM5_SetScale) for PWM5_SetScale
    motor.o(i.Motor_R1_Turn) refers to pwm8.o(i.PWM8_SetScale) for PWM8_SetScale
    motor.o(i.Motor_R2_Turn) refers to pwm6.o(i.PWM6_SetScale) for PWM6_SetScale
    motor.o(i.Motor_ctrl) refers to pwm1.o(i.PWM1_Ctrl) for PWM1_Ctrl
    motor.o(i.Motor_ctrl) refers to pwm2.o(i.PWM2_Ctrl) for PWM2_Ctrl
    motor.o(i.Motor_ctrl) refers to pwm3.o(i.PWM3_Ctrl) for PWM3_Ctrl
    motor.o(i.Motor_ctrl) refers to pwm4.o(i.PWM4_Ctrl) for PWM4_Ctrl
    motor.o(i.Motor_ctrl) refers to pwm5.o(i.PWM5_Ctrl) for PWM5_Ctrl
    motor.o(i.Motor_ctrl) refers to pwm6.o(i.PWM6_Ctrl) for PWM6_Ctrl
    motor.o(i.Motor_ctrl) refers to pwm7.o(i.PWM7_Ctrl) for PWM7_Ctrl
    motor.o(i.Motor_ctrl) refers to pwm8.o(i.PWM8_Ctrl) for PWM8_Ctrl
    robot.o(i.Robot_Bback) refers to motor.o(i.Motor_B2_Turn) for Motor_B2_Turn
    robot.o(i.Robot_Bcatch) refers to motor.o(i.Motor_B2_Turn) for Motor_B2_Turn
    robot.o(i.Robot_Bturn) refers to motor.o(i.Motor_B1_Turn) for Motor_B1_Turn
    robot.o(i.Robot_Bturn) refers to systick.o(i.Delay_Ms) for Delay_Ms
    robot.o(i.Robot_Bturn) refers to robot.o(i.Robot_Bback) for Robot_Bback
    robot.o(i.Robot_Bturn) refers to robot.o(i.Robot_Bcatch) for Robot_Bcatch
    robot.o(i.Robot_Dturn) refers to robot.o(i.Robot_getUDface) for Robot_getUDface
    robot.o(i.Robot_Dturn) refers to robot.o(i.Robot_Bturn) for Robot_Bturn
    robot.o(i.Robot_Dturn) refers to robot.o(i.Robot_reUDface) for Robot_reUDface
    robot.o(i.Robot_Fback) refers to motor.o(i.Motor_F2_Turn) for Motor_F2_Turn
    robot.o(i.Robot_Fcatch) refers to motor.o(i.Motor_F2_Turn) for Motor_F2_Turn
    robot.o(i.Robot_Fturn) refers to motor.o(i.Motor_F1_Turn) for Motor_F1_Turn
    robot.o(i.Robot_Fturn) refers to systick.o(i.Delay_Ms) for Delay_Ms
    robot.o(i.Robot_Fturn) refers to robot.o(i.Robot_Fback) for Robot_Fback
    robot.o(i.Robot_Fturn) refers to robot.o(i.Robot_Fcatch) for Robot_Fcatch
    robot.o(i.Robot_Init) refers to motor.o(i.Motor_Initialization) for Motor_Initialization
    robot.o(i.Robot_Initialization) refers to robot.o(i.Robot_Init) for Robot_Init
    robot.o(i.Robot_Lback) refers to motor.o(i.Motor_L2_Turn) for Motor_L2_Turn
    robot.o(i.Robot_Lcatch) refers to motor.o(i.Motor_L2_Turn) for Motor_L2_Turn
    robot.o(i.Robot_Lturn) refers to motor.o(i.Motor_L1_Turn) for Motor_L1_Turn
    robot.o(i.Robot_Lturn) refers to systick.o(i.Delay_Ms) for Delay_Ms
    robot.o(i.Robot_Lturn) refers to robot.o(i.Robot_Lback) for Robot_Lback
    robot.o(i.Robot_Lturn) refers to robot.o(i.Robot_Lcatch) for Robot_Lcatch
    robot.o(i.Robot_Rback) refers to motor.o(i.Motor_R2_Turn) for Motor_R2_Turn
    robot.o(i.Robot_Rcatch) refers to motor.o(i.Motor_R2_Turn) for Motor_R2_Turn
    robot.o(i.Robot_Rturn) refers to motor.o(i.Motor_R1_Turn) for Motor_R1_Turn
    robot.o(i.Robot_Rturn) refers to systick.o(i.Delay_Ms) for Delay_Ms
    robot.o(i.Robot_Rturn) refers to robot.o(i.Robot_Rback) for Robot_Rback
    robot.o(i.Robot_Rturn) refers to robot.o(i.Robot_Rcatch) for Robot_Rcatch
    robot.o(i.Robot_Uturn) refers to robot.o(i.Robot_getUDface) for Robot_getUDface
    robot.o(i.Robot_Uturn) refers to robot.o(i.Robot_Fturn) for Robot_Fturn
    robot.o(i.Robot_Uturn) refers to robot.o(i.Robot_reUDface) for Robot_reUDface
    robot.o(i.Robot_getUDface) refers to robot.o(i.Robot_Bback) for Robot_Bback
    robot.o(i.Robot_getUDface) refers to robot.o(i.Robot_Fback) for Robot_Fback
    robot.o(i.Robot_getUDface) refers to systick.o(i.Delay_Ms) for Delay_Ms
    robot.o(i.Robot_getUDface) refers to motor.o(i.Motor_L1_Turn) for Motor_L1_Turn
    robot.o(i.Robot_getUDface) refers to motor.o(i.Motor_R1_Turn) for Motor_R1_Turn
    robot.o(i.Robot_getUDface) refers to robot.o(i.Robot_Bcatch) for Robot_Bcatch
    robot.o(i.Robot_getUDface) refers to robot.o(i.Robot_Fcatch) for Robot_Fcatch
    robot.o(i.Robot_getUDface) refers to robot.o(i.Robot_Lback) for Robot_Lback
    robot.o(i.Robot_getUDface) refers to robot.o(i.Robot_Rback) for Robot_Rback
    robot.o(i.Robot_getUDface) refers to robot.o(i.Robot_Lcatch) for Robot_Lcatch
    robot.o(i.Robot_getUDface) refers to robot.o(i.Robot_Rcatch) for Robot_Rcatch
    robot.o(i.Robot_reUDface) refers to robot.o(i.Robot_Bback) for Robot_Bback
    robot.o(i.Robot_reUDface) refers to robot.o(i.Robot_Fback) for Robot_Fback
    robot.o(i.Robot_reUDface) refers to systick.o(i.Delay_Ms) for Delay_Ms
    robot.o(i.Robot_reUDface) refers to motor.o(i.Motor_L1_Turn) for Motor_L1_Turn
    robot.o(i.Robot_reUDface) refers to motor.o(i.Motor_R1_Turn) for Motor_R1_Turn
    robot.o(i.Robot_reUDface) refers to robot.o(i.Robot_Bcatch) for Robot_Bcatch
    robot.o(i.Robot_reUDface) refers to robot.o(i.Robot_Fcatch) for Robot_Fcatch
    robot.o(i.Robot_reUDface) refers to robot.o(i.Robot_Lback) for Robot_Lback
    robot.o(i.Robot_reUDface) refers to robot.o(i.Robot_Rback) for Robot_Rback
    robot.o(i.Robot_reUDface) refers to robot.o(i.Robot_Lcatch) for Robot_Lcatch
    robot.o(i.Robot_reUDface) refers to robot.o(i.Robot_Rcatch) for Robot_Rcatch
    entry.o(.ARM.Collect$$$$00000000) refers (Special) to entry10a.o(.ARM.Collect$$$$0000000D) for __rt_final_cpp
    entry.o(.ARM.Collect$$$$00000000) refers (Special) to entry11a.o(.ARM.Collect$$$$0000000F) for __rt_final_exit
    entry.o(.ARM.Collect$$$$00000000) refers (Special) to entry7b.o(.ARM.Collect$$$$00000008) for _main_clock
    entry.o(.ARM.Collect$$$$00000000) refers (Special) to entry8b.o(.ARM.Collect$$$$0000000A) for _main_cpp_init
    entry.o(.ARM.Collect$$$$00000000) refers (Special) to entry9a.o(.ARM.Collect$$$$0000000B) for _main_init
    entry.o(.ARM.Collect$$$$00000000) refers (Special) to entry5.o(.ARM.Collect$$$$00000004) for _main_scatterload
    entry.o(.ARM.Collect$$$$00000000) refers (Special) to entry2.o(.ARM.Collect$$$$00000001) for _main_stk
    entry2.o(.ARM.Collect$$$$00000001) refers to entry2.o(.ARM.Collect$$$$00002712) for __lit__00000000
    entry2.o(.ARM.Collect$$$$00002712) refers to startup_stm32f40_41xxx.o(STACK) for __initial_sp
    entry2.o(__vectab_stack_and_reset_area) refers to startup_stm32f40_41xxx.o(STACK) for __initial_sp
    entry2.o(__vectab_stack_and_reset_area) refers to entry.o(.ARM.Collect$$$$00000000) for __main
    entry5.o(.ARM.Collect$$$$00000004) refers to init.o(.text) for __scatterload
    entry9a.o(.ARM.Collect$$$$0000000B) refers to main.o(i.main) for main
    entry9b.o(.ARM.Collect$$$$0000000C) refers to main.o(i.main) for main
    init.o(.text) refers to entry5.o(.ARM.Collect$$$$00000004) for __main_after_scatterload


==============================================================================

Removing Unused input sections from the image.

    Removing main.o(.rev16_text), (4 bytes).
    Removing main.o(.revsh_text), (4 bytes).
    Removing main.o(.rrx_text), (6 bytes).
    Removing stm32f4xx_it.o(.rev16_text), (4 bytes).
    Removing stm32f4xx_it.o(.revsh_text), (4 bytes).
    Removing stm32f4xx_it.o(.rrx_text), (6 bytes).
    Removing system_stm32f4xx.o(.rev16_text), (4 bytes).
    Removing system_stm32f4xx.o(.revsh_text), (4 bytes).
    Removing system_stm32f4xx.o(.rrx_text), (6 bytes).
    Removing system_stm32f4xx.o(i.SystemCoreClockUpdate), (192 bytes).
    Removing startup_stm32f40_41xxx.o(HEAP), (512 bytes).
    Removing misc.o(.rev16_text), (4 bytes).
    Removing misc.o(.revsh_text), (4 bytes).
    Removing misc.o(.rrx_text), (6 bytes).
    Removing misc.o(i.NVIC_SetVectorTable), (20 bytes).
    Removing misc.o(i.NVIC_SystemLPConfig), (32 bytes).
    Removing stm32f4xx_gpio.o(.rev16_text), (4 bytes).
    Removing stm32f4xx_gpio.o(.revsh_text), (4 bytes).
    Removing stm32f4xx_gpio.o(.rrx_text), (6 bytes).
    Removing stm32f4xx_gpio.o(i.GPIO_DeInit), (312 bytes).
    Removing stm32f4xx_gpio.o(i.GPIO_PinLockConfig), (34 bytes).
    Removing stm32f4xx_gpio.o(i.GPIO_ReadInputData), (8 bytes).
    Removing stm32f4xx_gpio.o(i.GPIO_ReadInputDataBit), (18 bytes).
    Removing stm32f4xx_gpio.o(i.GPIO_ReadOutputData), (8 bytes).
    Removing stm32f4xx_gpio.o(i.GPIO_ReadOutputDataBit), (18 bytes).
    Removing stm32f4xx_gpio.o(i.GPIO_ResetBits), (4 bytes).
    Removing stm32f4xx_gpio.o(i.GPIO_SetBits), (4 bytes).
    Removing stm32f4xx_gpio.o(i.GPIO_StructInit), (18 bytes).
    Removing stm32f4xx_gpio.o(i.GPIO_ToggleBits), (8 bytes).
    Removing stm32f4xx_gpio.o(i.GPIO_Write), (4 bytes).
    Removing stm32f4xx_gpio.o(i.GPIO_WriteBit), (10 bytes).
    Removing stm32f4xx_rcc.o(.rev16_text), (4 bytes).
    Removing stm32f4xx_rcc.o(.revsh_text), (4 bytes).
    Removing stm32f4xx_rcc.o(.rrx_text), (6 bytes).
    Removing stm32f4xx_rcc.o(i.RCC_AHB1PeriphClockLPModeCmd), (32 bytes).
    Removing stm32f4xx_rcc.o(i.RCC_AHB1PeriphResetCmd), (32 bytes).
    Removing stm32f4xx_rcc.o(i.RCC_AHB2PeriphClockCmd), (32 bytes).
    Removing stm32f4xx_rcc.o(i.RCC_AHB2PeriphClockLPModeCmd), (32 bytes).
    Removing stm32f4xx_rcc.o(i.RCC_AHB2PeriphResetCmd), (32 bytes).
    Removing stm32f4xx_rcc.o(i.RCC_AHB3PeriphClockCmd), (32 bytes).
    Removing stm32f4xx_rcc.o(i.RCC_AHB3PeriphClockLPModeCmd), (32 bytes).
    Removing stm32f4xx_rcc.o(i.RCC_AHB3PeriphResetCmd), (32 bytes).
    Removing stm32f4xx_rcc.o(i.RCC_APB1PeriphClockCmd), (32 bytes).
    Removing stm32f4xx_rcc.o(i.RCC_APB1PeriphClockLPModeCmd), (32 bytes).
    Removing stm32f4xx_rcc.o(i.RCC_APB1PeriphResetCmd), (32 bytes).
    Removing stm32f4xx_rcc.o(i.RCC_APB2PeriphClockLPModeCmd), (32 bytes).
    Removing stm32f4xx_rcc.o(i.RCC_APB2PeriphResetCmd), (32 bytes).
    Removing stm32f4xx_rcc.o(i.RCC_AdjustHSICalibrationValue), (24 bytes).
    Removing stm32f4xx_rcc.o(i.RCC_BackupResetCmd), (12 bytes).
    Removing stm32f4xx_rcc.o(i.RCC_ClearFlag), (20 bytes).
    Removing stm32f4xx_rcc.o(i.RCC_ClearITPendingBit), (12 bytes).
    Removing stm32f4xx_rcc.o(i.RCC_ClockSecuritySystemCmd), (12 bytes).
    Removing stm32f4xx_rcc.o(i.RCC_DeInit), (100 bytes).
    Removing stm32f4xx_rcc.o(i.RCC_GetFlagStatus), (64 bytes).
    Removing stm32f4xx_rcc.o(i.RCC_GetITStatus), (24 bytes).
    Removing stm32f4xx_rcc.o(i.RCC_GetSYSCLKSource), (16 bytes).
    Removing stm32f4xx_rcc.o(i.RCC_HCLKConfig), (24 bytes).
    Removing stm32f4xx_rcc.o(i.RCC_HSEConfig), (16 bytes).
    Removing stm32f4xx_rcc.o(i.RCC_HSICmd), (12 bytes).
    Removing stm32f4xx_rcc.o(i.RCC_I2SCLKConfig), (12 bytes).
    Removing stm32f4xx_rcc.o(i.RCC_ITConfig), (32 bytes).
    Removing stm32f4xx_rcc.o(i.RCC_LSEConfig), (44 bytes).
    Removing stm32f4xx_rcc.o(i.RCC_LSEModeConfig), (36 bytes).
    Removing stm32f4xx_rcc.o(i.RCC_LSICmd), (12 bytes).
    Removing stm32f4xx_rcc.o(i.RCC_LTDCCLKDivConfig), (24 bytes).
    Removing stm32f4xx_rcc.o(i.RCC_MCO1Config), (28 bytes).
    Removing stm32f4xx_rcc.o(i.RCC_MCO2Config), (28 bytes).
    Removing stm32f4xx_rcc.o(i.RCC_PCLK1Config), (24 bytes).
    Removing stm32f4xx_rcc.o(i.RCC_PCLK2Config), (24 bytes).
    Removing stm32f4xx_rcc.o(i.RCC_PLLCmd), (12 bytes).
    Removing stm32f4xx_rcc.o(i.RCC_PLLConfig), (36 bytes).
    Removing stm32f4xx_rcc.o(i.RCC_PLLI2SCmd), (12 bytes).
    Removing stm32f4xx_rcc.o(i.RCC_PLLI2SConfig), (16 bytes).
    Removing stm32f4xx_rcc.o(i.RCC_PLLSAICmd), (12 bytes).
    Removing stm32f4xx_rcc.o(i.RCC_PLLSAIConfig), (24 bytes).
    Removing stm32f4xx_rcc.o(i.RCC_RTCCLKCmd), (12 bytes).
    Removing stm32f4xx_rcc.o(i.RCC_RTCCLKConfig), (60 bytes).
    Removing stm32f4xx_rcc.o(i.RCC_SAIBlockACLKConfig), (24 bytes).
    Removing stm32f4xx_rcc.o(i.RCC_SAIBlockBCLKConfig), (24 bytes).
    Removing stm32f4xx_rcc.o(i.RCC_SAIPLLI2SClkDivConfig), (28 bytes).
    Removing stm32f4xx_rcc.o(i.RCC_SAIPLLSAIClkDivConfig), (28 bytes).
    Removing stm32f4xx_rcc.o(i.RCC_SYSCLKConfig), (24 bytes).
    Removing stm32f4xx_rcc.o(i.RCC_TIMCLKPresConfig), (12 bytes).
    Removing stm32f4xx_rcc.o(i.RCC_WaitForHSEStartUp), (56 bytes).
    Removing stm32f4xx_usart.o(.rev16_text), (4 bytes).
    Removing stm32f4xx_usart.o(.revsh_text), (4 bytes).
    Removing stm32f4xx_usart.o(.rrx_text), (6 bytes).
    Removing stm32f4xx_usart.o(i.USART_ClearFlag), (18 bytes).
    Removing stm32f4xx_usart.o(i.USART_ClockInit), (32 bytes).
    Removing stm32f4xx_usart.o(i.USART_ClockStructInit), (12 bytes).
    Removing stm32f4xx_usart.o(i.USART_DMACmd), (18 bytes).
    Removing stm32f4xx_usart.o(i.USART_DeInit), (240 bytes).
    Removing stm32f4xx_usart.o(i.USART_GetFlagStatus), (26 bytes).
    Removing stm32f4xx_usart.o(i.USART_HalfDuplexCmd), (24 bytes).
    Removing stm32f4xx_usart.o(i.USART_IrDACmd), (24 bytes).
    Removing stm32f4xx_usart.o(i.USART_IrDAConfig), (18 bytes).
    Removing stm32f4xx_usart.o(i.USART_LINBreakDetectLengthConfig), (18 bytes).
    Removing stm32f4xx_usart.o(i.USART_LINCmd), (24 bytes).
    Removing stm32f4xx_usart.o(i.USART_OneBitMethodCmd), (24 bytes).
    Removing stm32f4xx_usart.o(i.USART_OverSampling8Cmd), (22 bytes).
    Removing stm32f4xx_usart.o(i.USART_ReceiverWakeUpCmd), (24 bytes).
    Removing stm32f4xx_usart.o(i.USART_SendBreak), (10 bytes).
    Removing stm32f4xx_usart.o(i.USART_SendData), (8 bytes).
    Removing stm32f4xx_usart.o(i.USART_SetAddress), (18 bytes).
    Removing stm32f4xx_usart.o(i.USART_SetGuardTime), (16 bytes).
    Removing stm32f4xx_usart.o(i.USART_SetPrescaler), (16 bytes).
    Removing stm32f4xx_usart.o(i.USART_SmartCardCmd), (24 bytes).
    Removing stm32f4xx_usart.o(i.USART_SmartCardNACKCmd), (24 bytes).
    Removing stm32f4xx_usart.o(i.USART_StructInit), (24 bytes).
    Removing stm32f4xx_usart.o(i.USART_WakeUpConfig), (18 bytes).
    Removing stm32f4xx_tim.o(.rev16_text), (4 bytes).
    Removing stm32f4xx_tim.o(.revsh_text), (4 bytes).
    Removing stm32f4xx_tim.o(.rrx_text), (6 bytes).
    Removing stm32f4xx_tim.o(i.TI1_Config), (58 bytes).
    Removing stm32f4xx_tim.o(i.TI2_Config), (80 bytes).
    Removing stm32f4xx_tim.o(i.TI3_Config), (72 bytes).
    Removing stm32f4xx_tim.o(i.TI4_Config), (80 bytes).
    Removing stm32f4xx_tim.o(i.TIM_ARRPreloadConfig), (24 bytes).
    Removing stm32f4xx_tim.o(i.TIM_BDTRConfig), (32 bytes).
    Removing stm32f4xx_tim.o(i.TIM_BDTRStructInit), (18 bytes).
    Removing stm32f4xx_tim.o(i.TIM_CCPreloadControl), (24 bytes).
    Removing stm32f4xx_tim.o(i.TIM_CCxCmd), (30 bytes).
    Removing stm32f4xx_tim.o(i.TIM_CCxNCmd), (30 bytes).
    Removing stm32f4xx_tim.o(i.TIM_ClearFlag), (6 bytes).
    Removing stm32f4xx_tim.o(i.TIM_ClearITPendingBit), (6 bytes).
    Removing stm32f4xx_tim.o(i.TIM_ClearOC1Ref), (18 bytes).
    Removing stm32f4xx_tim.o(i.TIM_ClearOC2Ref), (24 bytes).
    Removing stm32f4xx_tim.o(i.TIM_ClearOC3Ref), (18 bytes).
    Removing stm32f4xx_tim.o(i.TIM_ClearOC4Ref), (24 bytes).
    Removing stm32f4xx_tim.o(i.TIM_Cmd), (24 bytes).
    Removing stm32f4xx_tim.o(i.TIM_CounterModeConfig), (18 bytes).
    Removing stm32f4xx_tim.o(i.TIM_CtrlPWMOutputs), (30 bytes).
    Removing stm32f4xx_tim.o(i.TIM_DMACmd), (18 bytes).
    Removing stm32f4xx_tim.o(i.TIM_DMAConfig), (10 bytes).
    Removing stm32f4xx_tim.o(i.TIM_DeInit), (400 bytes).
    Removing stm32f4xx_tim.o(i.TIM_ETRClockMode1Config), (54 bytes).
    Removing stm32f4xx_tim.o(i.TIM_ETRClockMode2Config), (32 bytes).
    Removing stm32f4xx_tim.o(i.TIM_ETRConfig), (28 bytes).
    Removing stm32f4xx_tim.o(i.TIM_EncoderInterfaceConfig), (66 bytes).
    Removing stm32f4xx_tim.o(i.TIM_ForcedOC1Config), (18 bytes).
    Removing stm32f4xx_tim.o(i.TIM_ForcedOC2Config), (26 bytes).
    Removing stm32f4xx_tim.o(i.TIM_ForcedOC3Config), (18 bytes).
    Removing stm32f4xx_tim.o(i.TIM_ForcedOC4Config), (26 bytes).
    Removing stm32f4xx_tim.o(i.TIM_GenerateEvent), (4 bytes).
    Removing stm32f4xx_tim.o(i.TIM_GetCapture1), (6 bytes).
    Removing stm32f4xx_tim.o(i.TIM_GetCapture2), (6 bytes).
    Removing stm32f4xx_tim.o(i.TIM_GetCapture3), (6 bytes).
    Removing stm32f4xx_tim.o(i.TIM_GetCapture4), (6 bytes).
    Removing stm32f4xx_tim.o(i.TIM_GetCounter), (6 bytes).
    Removing stm32f4xx_tim.o(i.TIM_GetFlagStatus), (18 bytes).
    Removing stm32f4xx_tim.o(i.TIM_GetITStatus), (34 bytes).
    Removing stm32f4xx_tim.o(i.TIM_GetPrescaler), (6 bytes).
    Removing stm32f4xx_tim.o(i.TIM_ICInit), (110 bytes).
    Removing stm32f4xx_tim.o(i.TIM_ICStructInit), (18 bytes).
    Removing stm32f4xx_tim.o(i.TIM_ITConfig), (18 bytes).
    Removing stm32f4xx_tim.o(i.TIM_ITRxExternalClockConfig), (24 bytes).
    Removing stm32f4xx_tim.o(i.TIM_InternalClockConfig), (12 bytes).
    Removing stm32f4xx_tim.o(i.TIM_OC1FastConfig), (18 bytes).
    Removing stm32f4xx_tim.o(i.TIM_OC1Init), (124 bytes).
    Removing stm32f4xx_tim.o(i.TIM_OC1NPolarityConfig), (18 bytes).
    Removing stm32f4xx_tim.o(i.TIM_OC1PolarityConfig), (18 bytes).
    Removing stm32f4xx_tim.o(i.TIM_OC1PreloadConfig), (18 bytes).
    Removing stm32f4xx_tim.o(i.TIM_OC2FastConfig), (26 bytes).
    Removing stm32f4xx_tim.o(i.TIM_OC2Init), (164 bytes).
    Removing stm32f4xx_tim.o(i.TIM_OC2NPolarityConfig), (26 bytes).
    Removing stm32f4xx_tim.o(i.TIM_OC2PolarityConfig), (26 bytes).
    Removing stm32f4xx_tim.o(i.TIM_OC2PreloadConfig), (26 bytes).
    Removing stm32f4xx_tim.o(i.TIM_OC3FastConfig), (18 bytes).
    Removing stm32f4xx_tim.o(i.TIM_OC3Init), (160 bytes).
    Removing stm32f4xx_tim.o(i.TIM_OC3NPolarityConfig), (26 bytes).
    Removing stm32f4xx_tim.o(i.TIM_OC3PolarityConfig), (26 bytes).
    Removing stm32f4xx_tim.o(i.TIM_OC3PreloadConfig), (18 bytes).
    Removing stm32f4xx_tim.o(i.TIM_OC4FastConfig), (26 bytes).
    Removing stm32f4xx_tim.o(i.TIM_OC4Init), (120 bytes).
    Removing stm32f4xx_tim.o(i.TIM_OC4PolarityConfig), (26 bytes).
    Removing stm32f4xx_tim.o(i.TIM_OC4PreloadConfig), (26 bytes).
    Removing stm32f4xx_tim.o(i.TIM_OCStructInit), (20 bytes).
    Removing stm32f4xx_tim.o(i.TIM_PWMIConfig), (124 bytes).
    Removing stm32f4xx_tim.o(i.TIM_PrescalerConfig), (6 bytes).
    Removing stm32f4xx_tim.o(i.TIM_RemapConfig), (6 bytes).
    Removing stm32f4xx_tim.o(i.TIM_SelectCCDMA), (24 bytes).
    Removing stm32f4xx_tim.o(i.TIM_SelectCOM), (24 bytes).
    Removing stm32f4xx_tim.o(i.TIM_SelectHallSensor), (24 bytes).
    Removing stm32f4xx_tim.o(i.TIM_SelectInputTrigger), (18 bytes).
    Removing stm32f4xx_tim.o(i.TIM_SelectMasterSlaveMode), (18 bytes).
    Removing stm32f4xx_tim.o(i.TIM_SelectOCxM), (86 bytes).
    Removing stm32f4xx_tim.o(i.TIM_SelectOnePulseMode), (18 bytes).
    Removing stm32f4xx_tim.o(i.TIM_SelectOutputTrigger), (18 bytes).
    Removing stm32f4xx_tim.o(i.TIM_SelectSlaveMode), (18 bytes).
    Removing stm32f4xx_tim.o(i.TIM_SetAutoreload), (4 bytes).
    Removing stm32f4xx_tim.o(i.TIM_SetClockDivision), (18 bytes).
    Removing stm32f4xx_tim.o(i.TIM_SetCompare1), (4 bytes).
    Removing stm32f4xx_tim.o(i.TIM_SetCompare2), (4 bytes).
    Removing stm32f4xx_tim.o(i.TIM_SetCompare3), (4 bytes).
    Removing stm32f4xx_tim.o(i.TIM_SetCompare4), (4 bytes).
    Removing stm32f4xx_tim.o(i.TIM_SetCounter), (4 bytes).
    Removing stm32f4xx_tim.o(i.TIM_SetIC1Prescaler), (18 bytes).
    Removing stm32f4xx_tim.o(i.TIM_SetIC2Prescaler), (26 bytes).
    Removing stm32f4xx_tim.o(i.TIM_SetIC3Prescaler), (18 bytes).
    Removing stm32f4xx_tim.o(i.TIM_SetIC4Prescaler), (26 bytes).
    Removing stm32f4xx_tim.o(i.TIM_TIxExternalClockConfig), (62 bytes).
    Removing stm32f4xx_tim.o(i.TIM_TimeBaseInit), (132 bytes).
    Removing stm32f4xx_tim.o(i.TIM_TimeBaseStructInit), (18 bytes).
    Removing stm32f4xx_tim.o(i.TIM_UpdateDisableConfig), (24 bytes).
    Removing stm32f4xx_tim.o(i.TIM_UpdateRequestConfig), (24 bytes).
    Removing stm32f4xx_i2c.o(.rev16_text), (4 bytes).
    Removing stm32f4xx_i2c.o(.revsh_text), (4 bytes).
    Removing stm32f4xx_i2c.o(.rrx_text), (6 bytes).
    Removing stm32f4xx_i2c.o(i.I2C_ARPCmd), (24 bytes).
    Removing stm32f4xx_i2c.o(i.I2C_AcknowledgeConfig), (24 bytes).
    Removing stm32f4xx_i2c.o(i.I2C_AnalogFilterCmd), (24 bytes).
    Removing stm32f4xx_i2c.o(i.I2C_CalculatePEC), (24 bytes).
    Removing stm32f4xx_i2c.o(i.I2C_CheckEvent), (42 bytes).
    Removing stm32f4xx_i2c.o(i.I2C_ClearFlag), (12 bytes).
    Removing stm32f4xx_i2c.o(i.I2C_ClearITPendingBit), (12 bytes).
    Removing stm32f4xx_i2c.o(i.I2C_Cmd), (24 bytes).
    Removing stm32f4xx_i2c.o(i.I2C_DMACmd), (24 bytes).
    Removing stm32f4xx_i2c.o(i.I2C_DMALastTransferCmd), (24 bytes).
    Removing stm32f4xx_i2c.o(i.I2C_DeInit), (96 bytes).
    Removing stm32f4xx_i2c.o(i.I2C_DigitalFilterConfig), (22 bytes).
    Removing stm32f4xx_i2c.o(i.I2C_DualAddressCmd), (24 bytes).
    Removing stm32f4xx_i2c.o(i.I2C_FastModeDutyCycleConfig), (28 bytes).
    Removing stm32f4xx_i2c.o(i.I2C_GeneralCallCmd), (24 bytes).
    Removing stm32f4xx_i2c.o(i.I2C_GenerateSTART), (24 bytes).
    Removing stm32f4xx_i2c.o(i.I2C_GenerateSTOP), (24 bytes).
    Removing stm32f4xx_i2c.o(i.I2C_GetFlagStatus), (58 bytes).
    Removing stm32f4xx_i2c.o(i.I2C_GetITStatus), (38 bytes).
    Removing stm32f4xx_i2c.o(i.I2C_GetLastEvent), (26 bytes).
    Removing stm32f4xx_i2c.o(i.I2C_GetPEC), (8 bytes).
    Removing stm32f4xx_i2c.o(i.I2C_ITConfig), (18 bytes).
    Removing stm32f4xx_i2c.o(i.I2C_Init), (232 bytes).
    Removing stm32f4xx_i2c.o(i.I2C_NACKPositionConfig), (28 bytes).
    Removing stm32f4xx_i2c.o(i.I2C_OwnAddress2Config), (22 bytes).
    Removing stm32f4xx_i2c.o(i.I2C_PECPositionConfig), (28 bytes).
    Removing stm32f4xx_i2c.o(i.I2C_ReadRegister), (22 bytes).
    Removing stm32f4xx_i2c.o(i.I2C_ReceiveData), (8 bytes).
    Removing stm32f4xx_i2c.o(i.I2C_SMBusAlertConfig), (28 bytes).
    Removing stm32f4xx_i2c.o(i.I2C_Send7bitAddress), (16 bytes).
    Removing stm32f4xx_i2c.o(i.I2C_SendData), (4 bytes).
    Removing stm32f4xx_i2c.o(i.I2C_SoftwareResetCmd), (22 bytes).
    Removing stm32f4xx_i2c.o(i.I2C_StretchClockCmd), (24 bytes).
    Removing stm32f4xx_i2c.o(i.I2C_StructInit), (30 bytes).
    Removing stm32f4xx_i2c.o(i.I2C_TransmitPEC), (24 bytes).
    Removing stm32f4xx_syscfg.o(.rev16_text), (4 bytes).
    Removing stm32f4xx_syscfg.o(.revsh_text), (4 bytes).
    Removing stm32f4xx_syscfg.o(.rrx_text), (6 bytes).
    Removing stm32f4xx_syscfg.o(i.SYSCFG_CompensationCellCmd), (12 bytes).
    Removing stm32f4xx_syscfg.o(i.SYSCFG_DeInit), (22 bytes).
    Removing stm32f4xx_syscfg.o(i.SYSCFG_ETH_MediaInterfaceConfig), (12 bytes).
    Removing stm32f4xx_syscfg.o(i.SYSCFG_EXTILineConfig), (64 bytes).
    Removing stm32f4xx_syscfg.o(i.SYSCFG_GetCompensationCellStatus), (24 bytes).
    Removing stm32f4xx_syscfg.o(i.SYSCFG_MemoryRemapConfig), (12 bytes).
    Removing stm32f4xx_syscfg.o(i.SYSCFG_MemorySwappingBank), (12 bytes).
    Removing stm32f4xx_exti.o(.rev16_text), (4 bytes).
    Removing stm32f4xx_exti.o(.revsh_text), (4 bytes).
    Removing stm32f4xx_exti.o(.rrx_text), (6 bytes).
    Removing stm32f4xx_exti.o(i.EXTI_ClearFlag), (12 bytes).
    Removing stm32f4xx_exti.o(i.EXTI_ClearITPendingBit), (12 bytes).
    Removing stm32f4xx_exti.o(i.EXTI_DeInit), (36 bytes).
    Removing stm32f4xx_exti.o(i.EXTI_GenerateSWInterrupt), (16 bytes).
    Removing stm32f4xx_exti.o(i.EXTI_GetFlagStatus), (24 bytes).
    Removing stm32f4xx_exti.o(i.EXTI_GetITStatus), (24 bytes).
    Removing stm32f4xx_exti.o(i.EXTI_Init), (148 bytes).
    Removing stm32f4xx_exti.o(i.EXTI_StructInit), (16 bytes).
    Removing stm32f4xx_adc.o(.rev16_text), (4 bytes).
    Removing stm32f4xx_adc.o(.revsh_text), (4 bytes).
    Removing stm32f4xx_adc.o(.rrx_text), (6 bytes).
    Removing stm32f4xx_adc.o(i.ADC_AnalogWatchdogCmd), (20 bytes).
    Removing stm32f4xx_adc.o(i.ADC_AnalogWatchdogSingleChannelConfig), (16 bytes).
    Removing stm32f4xx_adc.o(i.ADC_AnalogWatchdogThresholdsConfig), (6 bytes).
    Removing stm32f4xx_adc.o(i.ADC_AutoInjectedConvCmd), (22 bytes).
    Removing stm32f4xx_adc.o(i.ADC_ClearFlag), (6 bytes).
    Removing stm32f4xx_adc.o(i.ADC_Cmd), (22 bytes).
    Removing stm32f4xx_adc.o(i.ADC_CommonInit), (48 bytes).
    Removing stm32f4xx_adc.o(i.ADC_CommonStructInit), (12 bytes).
    Removing stm32f4xx_adc.o(i.ADC_ContinuousModeCmd), (22 bytes).
    Removing stm32f4xx_adc.o(i.ADC_DMACmd), (22 bytes).
    Removing stm32f4xx_adc.o(i.ADC_DMARequestAfterLastTransferCmd), (22 bytes).
    Removing stm32f4xx_adc.o(i.ADC_DeInit), (22 bytes).
    Removing stm32f4xx_adc.o(i.ADC_DiscModeChannelCountConfig), (24 bytes).
    Removing stm32f4xx_adc.o(i.ADC_DiscModeCmd), (22 bytes).
    Removing stm32f4xx_adc.o(i.ADC_EOCOnEachRegularChannelCmd), (22 bytes).
    Removing stm32f4xx_adc.o(i.ADC_ExternalTrigInjectedConvConfig), (16 bytes).
    Removing stm32f4xx_adc.o(i.ADC_ExternalTrigInjectedConvEdgeConfig), (16 bytes).
    Removing stm32f4xx_adc.o(i.ADC_GetITStatus), (38 bytes).
    Removing stm32f4xx_adc.o(i.ADC_GetInjectedConversionValue), (28 bytes).
    Removing stm32f4xx_adc.o(i.ADC_GetMultiModeConversionValue), (12 bytes).
    Removing stm32f4xx_adc.o(i.ADC_GetSoftwareStartConvStatus), (20 bytes).
    Removing stm32f4xx_adc.o(i.ADC_GetSoftwareStartInjectedConvCmdStatus), (20 bytes).
    Removing stm32f4xx_adc.o(i.ADC_ITConfig), (32 bytes).
    Removing stm32f4xx_adc.o(i.ADC_Init), (84 bytes).
    Removing stm32f4xx_adc.o(i.ADC_InjectedChannelConfig), (130 bytes).
    Removing stm32f4xx_adc.o(i.ADC_InjectedDiscModeCmd), (22 bytes).
    Removing stm32f4xx_adc.o(i.ADC_InjectedSequencerLengthConfig), (24 bytes).
    Removing stm32f4xx_adc.o(i.ADC_MultiModeDMARequestAfterLastTransferCmd), (44 bytes).
    Removing stm32f4xx_adc.o(i.ADC_RegularChannelConfig), (184 bytes).
    Removing stm32f4xx_adc.o(i.ADC_SetInjectedOffset), (20 bytes).
    Removing stm32f4xx_adc.o(i.ADC_SoftwareStartConv), (10 bytes).
    Removing stm32f4xx_adc.o(i.ADC_SoftwareStartInjectedConv), (10 bytes).
    Removing stm32f4xx_adc.o(i.ADC_StructInit), (20 bytes).
    Removing stm32f4xx_adc.o(i.ADC_TempSensorVrefintCmd), (44 bytes).
    Removing stm32f4xx_adc.o(i.ADC_VBATCmd), (44 bytes).
    Removing led.o(.rev16_text), (4 bytes).
    Removing led.o(.revsh_text), (4 bytes).
    Removing led.o(.rrx_text), (6 bytes).
    Removing led.o(i.LED_GPIO_Init), (60 bytes).
    Removing led.o(i.LED_Initialization), (8 bytes).
    Removing led.o(i.LED_Off), (20 bytes).
    Removing led.o(i.LED_On), (20 bytes).
    Removing key.o(.rev16_text), (4 bytes).
    Removing key.o(.revsh_text), (4 bytes).
    Removing key.o(.rrx_text), (6 bytes).
    Removing key.o(i.KEY_GPIO_Init), (52 bytes).
    Removing key.o(i.KEY_Initialization), (8 bytes).
    Removing key.o(i.KEY_Scan), (80 bytes).
    Removing key.o(.data), (1 bytes).
    Removing systick.o(.rev16_text), (4 bytes).
    Removing systick.o(.revsh_text), (4 bytes).
    Removing systick.o(.rrx_text), (6 bytes).
    Removing systick.o(i.Delay_Ms), (152 bytes).
    Removing systick.o(i.Delay_Us), (72 bytes).
    Removing i2c.o(.rev16_text), (4 bytes).
    Removing i2c.o(.revsh_text), (4 bytes).
    Removing i2c.o(.rrx_text), (6 bytes).
    Removing i2c.o(i.I2C_Ack), (80 bytes).
    Removing i2c.o(i.I2C_GPIO_Init), (120 bytes).
    Removing i2c.o(i.I2C_Initialization), (8 bytes).
    Removing i2c.o(i.I2C_NAck), (80 bytes).
    Removing i2c.o(i.I2C_ReceiveByte), (116 bytes).
    Removing i2c.o(i.I2C_Start), (80 bytes).
    Removing i2c.o(i.I2C_Stop), (80 bytes).
    Removing i2c.o(i.I2C_TransmitByte), (136 bytes).
    Removing i2c.o(i.I2C_WaitAck), (132 bytes).
    Removing usart1.o(.rev16_text), (4 bytes).
    Removing usart1.o(.revsh_text), (4 bytes).
    Removing usart1.o(.rrx_text), (6 bytes).
    Removing usart1.o(i.Usart1_SendByte), (32 bytes).
    Removing usart1.o(i.Usart1_SendNumber), (196 bytes).
    Removing usart1.o(i.Usart1_SendString), (26 bytes).
    Removing adc.o(.rev16_text), (4 bytes).
    Removing adc.o(.revsh_text), (4 bytes).
    Removing adc.o(.rrx_text), (6 bytes).
    Removing adc.o(i.ADC_Config), (116 bytes).
    Removing adc.o(i.ADC_GPIO_Init), (52 bytes).
    Removing adc.o(i.ADC_Initialization), (16 bytes).
    Removing adc.o(i.ADC_NVIC_Config), (38 bytes).
    Removing pwm1.o(.rev16_text), (4 bytes).
    Removing pwm1.o(.revsh_text), (4 bytes).
    Removing pwm1.o(.rrx_text), (6 bytes).
    Removing pwm1.o(i.PWM1_Ctrl), (28 bytes).
    Removing pwm1.o(i.PWM1_GPIO_Init), (64 bytes).
    Removing pwm1.o(i.PWM1_Initialization), (12 bytes).
    Removing pwm1.o(i.PWM1_SetScale), (16 bytes).
    Removing pwm1.o(i.PWM1_TIM_Init), (96 bytes).
    Removing pwm2.o(.rev16_text), (4 bytes).
    Removing pwm2.o(.revsh_text), (4 bytes).
    Removing pwm2.o(.rrx_text), (6 bytes).
    Removing pwm2.o(i.PWM2_Ctrl), (28 bytes).
    Removing pwm2.o(i.PWM2_GPIO_Init), (64 bytes).
    Removing pwm2.o(i.PWM2_Initialization), (12 bytes).
    Removing pwm2.o(i.PWM2_SetScale), (16 bytes).
    Removing pwm2.o(i.PWM2_TIM_Init), (96 bytes).
    Removing pwm3.o(.rev16_text), (4 bytes).
    Removing pwm3.o(.revsh_text), (4 bytes).
    Removing pwm3.o(.rrx_text), (6 bytes).
    Removing pwm3.o(i.PWM3_Ctrl), (28 bytes).
    Removing pwm3.o(i.PWM3_GPIO_Init), (64 bytes).
    Removing pwm3.o(i.PWM3_Initialization), (12 bytes).
    Removing pwm3.o(i.PWM3_SetScale), (16 bytes).
    Removing pwm3.o(i.PWM3_TIM_Init), (96 bytes).
    Removing pwm4.o(.rev16_text), (4 bytes).
    Removing pwm4.o(.revsh_text), (4 bytes).
    Removing pwm4.o(.rrx_text), (6 bytes).
    Removing pwm4.o(i.PWM4_Ctrl), (32 bytes).
    Removing pwm4.o(i.PWM4_GPIO_Init), (64 bytes).
    Removing pwm4.o(i.PWM4_Initialization), (12 bytes).
    Removing pwm4.o(i.PWM4_SetScale), (20 bytes).
    Removing pwm4.o(i.PWM4_TIM_Init), (100 bytes).
    Removing pwm5.o(.rev16_text), (4 bytes).
    Removing pwm5.o(.revsh_text), (4 bytes).
    Removing pwm5.o(.rrx_text), (6 bytes).
    Removing pwm5.o(i.PWM5_Ctrl), (32 bytes).
    Removing pwm5.o(i.PWM5_GPIO_Init), (60 bytes).
    Removing pwm5.o(i.PWM5_Initialization), (12 bytes).
    Removing pwm5.o(i.PWM5_SetScale), (20 bytes).
    Removing pwm5.o(i.PWM5_TIM_Init), (100 bytes).
    Removing pwm6.o(.rev16_text), (4 bytes).
    Removing pwm6.o(.revsh_text), (4 bytes).
    Removing pwm6.o(.rrx_text), (6 bytes).
    Removing pwm6.o(i.PWM6_Ctrl), (32 bytes).
    Removing pwm6.o(i.PWM6_GPIO_Init), (64 bytes).
    Removing pwm6.o(i.PWM6_Initialization), (12 bytes).
    Removing pwm6.o(i.PWM6_SetScale), (20 bytes).
    Removing pwm6.o(i.PWM6_TIM_Init), (100 bytes).
    Removing pwm7.o(.rev16_text), (4 bytes).
    Removing pwm7.o(.revsh_text), (4 bytes).
    Removing pwm7.o(.rrx_text), (6 bytes).
    Removing pwm7.o(i.PWM7_Ctrl), (32 bytes).
    Removing pwm7.o(i.PWM7_GPIO_Init), (64 bytes).
    Removing pwm7.o(i.PWM7_Initialization), (12 bytes).
    Removing pwm7.o(i.PWM7_SetScale), (20 bytes).
    Removing pwm7.o(i.PWM7_TIM_Init), (100 bytes).
    Removing pwm8.o(.rev16_text), (4 bytes).
    Removing pwm8.o(.revsh_text), (4 bytes).
    Removing pwm8.o(.rrx_text), (6 bytes).
    Removing pwm8.o(i.PWM8_Ctrl), (32 bytes).
    Removing pwm8.o(i.PWM8_GPIO_Init), (64 bytes).
    Removing pwm8.o(i.PWM8_Initialization), (12 bytes).
    Removing pwm8.o(i.PWM8_SetScale), (20 bytes).
    Removing pwm8.o(i.PWM8_TIM_Init), (100 bytes).
    Removing motor.o(.rev16_text), (4 bytes).
    Removing motor.o(.revsh_text), (4 bytes).
    Removing motor.o(.rrx_text), (6 bytes).
    Removing motor.o(i.Motor_B1_Turn), (12 bytes).
    Removing motor.o(i.Motor_B2_Turn), (12 bytes).
    Removing motor.o(i.Motor_F1_Turn), (12 bytes).
    Removing motor.o(i.Motor_F2_Turn), (12 bytes).
    Removing motor.o(i.Motor_Init), (100 bytes).
    Removing motor.o(i.Motor_Initialization), (8 bytes).
    Removing motor.o(i.Motor_L1_Turn), (12 bytes).
    Removing motor.o(i.Motor_L2_Turn), (12 bytes).
    Removing motor.o(i.Motor_R1_Turn), (12 bytes).
    Removing motor.o(i.Motor_R2_Turn), (12 bytes).
    Removing motor.o(i.Motor_ctrl), (60 bytes).
    Removing robot.o(.rev16_text), (4 bytes).
    Removing robot.o(.revsh_text), (4 bytes).
    Removing robot.o(.rrx_text), (6 bytes).
    Removing robot.o(i.Robot_Bback), (12 bytes).
    Removing robot.o(i.Robot_Bcatch), (12 bytes).
    Removing robot.o(i.Robot_Bturn), (118 bytes).
    Removing robot.o(i.Robot_Dturn), (20 bytes).
    Removing robot.o(i.Robot_Fback), (12 bytes).
    Removing robot.o(i.Robot_Fcatch), (12 bytes).
    Removing robot.o(i.Robot_Fturn), (118 bytes).
    Removing robot.o(i.Robot_Init), (8 bytes).
    Removing robot.o(i.Robot_Initialization), (8 bytes).
    Removing robot.o(i.Robot_Lback), (12 bytes).
    Removing robot.o(i.Robot_Lcatch), (12 bytes).
    Removing robot.o(i.Robot_Lturn), (118 bytes).
    Removing robot.o(i.Robot_Rback), (12 bytes).
    Removing robot.o(i.Robot_Rcatch), (12 bytes).
    Removing robot.o(i.Robot_Rturn), (118 bytes).
    Removing robot.o(i.Robot_Uturn), (20 bytes).
    Removing robot.o(i.Robot_getUDface), (100 bytes).
    Removing robot.o(i.Robot_reUDface), (100 bytes).

445 unused section(s) (total 14299 bytes) removed from the image.

==============================================================================

Image Symbol Table

    Local Symbols

    Symbol Name                              Value     Ov Type        Size  Object(Section)

    ../clib/microlib/init/entry.s            0x00000000   Number         0  entry9b.o ABSOLUTE
    ../clib/microlib/init/entry.s            0x00000000   Number         0  entry8a.o ABSOLUTE
    ../clib/microlib/init/entry.s            0x00000000   Number         0  entry11b.o ABSOLUTE
    ../clib/microlib/init/entry.s            0x00000000   Number         0  entry11a.o ABSOLUTE
    ../clib/microlib/init/entry.s            0x00000000   Number         0  entry10b.o ABSOLUTE
    ../clib/microlib/init/entry.s            0x00000000   Number         0  entry10a.o ABSOLUTE
    ../clib/microlib/init/entry.s            0x00000000   Number         0  entry.o ABSOLUTE
    ../clib/microlib/init/entry.s            0x00000000   Number         0  entry9a.o ABSOLUTE
    ../clib/microlib/init/entry.s            0x00000000   Number         0  entry8b.o ABSOLUTE
    ../clib/microlib/init/entry.s            0x00000000   Number         0  entry7b.o ABSOLUTE
    ../clib/microlib/init/entry.s            0x00000000   Number         0  entry7a.o ABSOLUTE
    ../clib/microlib/init/entry.s            0x00000000   Number         0  entry5.o ABSOLUTE
    ../clib/microlib/init/entry.s            0x00000000   Number         0  entry2.o ABSOLUTE
    ..\CORE\startup_stm32f40_41xxx.s         0x00000000   Number         0  startup_stm32f40_41xxx.o ABSOLUTE
    ..\FWLIB\src\misc.c                      0x00000000   Number         0  misc.o ABSOLUTE
    ..\FWLIB\src\stm32f4xx_adc.c             0x00000000   Number         0  stm32f4xx_adc.o ABSOLUTE
    ..\FWLIB\src\stm32f4xx_exti.c            0x00000000   Number         0  stm32f4xx_exti.o ABSOLUTE
    ..\FWLIB\src\stm32f4xx_gpio.c            0x00000000   Number         0  stm32f4xx_gpio.o ABSOLUTE
    ..\FWLIB\src\stm32f4xx_i2c.c             0x00000000   Number         0  stm32f4xx_i2c.o ABSOLUTE
    ..\FWLIB\src\stm32f4xx_rcc.c             0x00000000   Number         0  stm32f4xx_rcc.o ABSOLUTE
    ..\FWLIB\src\stm32f4xx_syscfg.c          0x00000000   Number         0  stm32f4xx_syscfg.o ABSOLUTE
    ..\FWLIB\src\stm32f4xx_tim.c             0x00000000   Number         0  stm32f4xx_tim.o ABSOLUTE
    ..\FWLIB\src\stm32f4xx_usart.c           0x00000000   Number         0  stm32f4xx_usart.o ABSOLUTE
    ..\HARDWARE\ADC\adc.c                    0x00000000   Number         0  adc.o ABSOLUTE
    ..\HARDWARE\CUBE\motor.c                 0x00000000   Number         0  motor.o ABSOLUTE
    ..\HARDWARE\CUBE\pwm1.c                  0x00000000   Number         0  pwm1.o ABSOLUTE
    ..\HARDWARE\CUBE\pwm2.c                  0x00000000   Number         0  pwm2.o ABSOLUTE
    ..\HARDWARE\CUBE\pwm3.c                  0x00000000   Number         0  pwm3.o ABSOLUTE
    ..\HARDWARE\CUBE\pwm4.c                  0x00000000   Number         0  pwm4.o ABSOLUTE
    ..\HARDWARE\CUBE\pwm5.c                  0x00000000   Number         0  pwm5.o ABSOLUTE
    ..\HARDWARE\CUBE\pwm6.c                  0x00000000   Number         0  pwm6.o ABSOLUTE
    ..\HARDWARE\CUBE\pwm7.c                  0x00000000   Number         0  pwm7.o ABSOLUTE
    ..\HARDWARE\CUBE\pwm8.c                  0x00000000   Number         0  pwm8.o ABSOLUTE
    ..\HARDWARE\I2C\i2c.c                    0x00000000   Number         0  i2c.o ABSOLUTE
    ..\HARDWARE\KEY\key.c                    0x00000000   Number         0  key.o ABSOLUTE
    ..\HARDWARE\LED\led.c                    0x00000000   Number         0  led.o ABSOLUTE
    ..\HARDWARE\ROBOT\robot.c                0x00000000   Number         0  robot.o ABSOLUTE
    ..\HARDWARE\SYSTICK\systick.c            0x00000000   Number         0  systick.o ABSOLUTE
    ..\HARDWARE\USART\usart1.c               0x00000000   Number         0  usart1.o ABSOLUTE
    ..\\FWLIB\\src\\misc.c                   0x00000000   Number         0  misc.o ABSOLUTE
    ..\\FWLIB\\src\\stm32f4xx_adc.c          0x00000000   Number         0  stm32f4xx_adc.o ABSOLUTE
    ..\\FWLIB\\src\\stm32f4xx_exti.c         0x00000000   Number         0  stm32f4xx_exti.o ABSOLUTE
    ..\\FWLIB\\src\\stm32f4xx_gpio.c         0x00000000   Number         0  stm32f4xx_gpio.o ABSOLUTE
    ..\\FWLIB\\src\\stm32f4xx_i2c.c          0x00000000   Number         0  stm32f4xx_i2c.o ABSOLUTE
    ..\\FWLIB\\src\\stm32f4xx_rcc.c          0x00000000   Number         0  stm32f4xx_rcc.o ABSOLUTE
    ..\\FWLIB\\src\\stm32f4xx_syscfg.c       0x00000000   Number         0  stm32f4xx_syscfg.o ABSOLUTE
    ..\\FWLIB\\src\\stm32f4xx_tim.c          0x00000000   Number         0  stm32f4xx_tim.o ABSOLUTE
    ..\\FWLIB\\src\\stm32f4xx_usart.c        0x00000000   Number         0  stm32f4xx_usart.o ABSOLUTE
    ..\\HARDWARE\\ADC\\adc.c                 0x00000000   Number         0  adc.o ABSOLUTE
    ..\\HARDWARE\\CUBE\\motor.c              0x00000000   Number         0  motor.o ABSOLUTE
    ..\\HARDWARE\\CUBE\\pwm1.c               0x00000000   Number         0  pwm1.o ABSOLUTE
    ..\\HARDWARE\\CUBE\\pwm2.c               0x00000000   Number         0  pwm2.o ABSOLUTE
    ..\\HARDWARE\\CUBE\\pwm3.c               0x00000000   Number         0  pwm3.o ABSOLUTE
    ..\\HARDWARE\\CUBE\\pwm4.c               0x00000000   Number         0  pwm4.o ABSOLUTE
    ..\\HARDWARE\\CUBE\\pwm5.c               0x00000000   Number         0  pwm5.o ABSOLUTE
    ..\\HARDWARE\\CUBE\\pwm6.c               0x00000000   Number         0  pwm6.o ABSOLUTE
    ..\\HARDWARE\\CUBE\\pwm7.c               0x00000000   Number         0  pwm7.o ABSOLUTE
    ..\\HARDWARE\\CUBE\\pwm8.c               0x00000000   Number         0  pwm8.o ABSOLUTE
    ..\\HARDWARE\\I2C\\i2c.c                 0x00000000   Number         0  i2c.o ABSOLUTE
    ..\\HARDWARE\\KEY\\key.c                 0x00000000   Number         0  key.o ABSOLUTE
    ..\\HARDWARE\\LED\\led.c                 0x00000000   Number         0  led.o ABSOLUTE
    ..\\HARDWARE\\ROBOT\\robot.c             0x00000000   Number         0  robot.o ABSOLUTE
    ..\\HARDWARE\\SYSTICK\\systick.c         0x00000000   Number         0  systick.o ABSOLUTE
    ..\\HARDWARE\\USART\\usart1.c            0x00000000   Number         0  usart1.o ABSOLUTE
    dc.s                                     0x00000000   Number         0  dc.o ABSOLUTE
    handlers.s                               0x00000000   Number         0  handlers.o ABSOLUTE
    init.s                                   0x00000000   Number         0  init.o ABSOLUTE
    main.c                                   0x00000000   Number         0  main.o ABSOLUTE
    main.c                                   0x00000000   Number         0  main.o ABSOLUTE
    stm32f4xx_it.c                           0x00000000   Number         0  stm32f4xx_it.o ABSOLUTE
    stm32f4xx_it.c                           0x00000000   Number         0  stm32f4xx_it.o ABSOLUTE
    system_stm32f4xx.c                       0x00000000   Number         0  system_stm32f4xx.o ABSOLUTE
    system_stm32f4xx.c                       0x00000000   Number         0  system_stm32f4xx.o ABSOLUTE
    RESET                                    0x08000000   Section      392  startup_stm32f40_41xxx.o(RESET)
    .ARM.Collect$$$$00000000                 0x08000188   Section        0  entry.o(.ARM.Collect$$$$00000000)
    .ARM.Collect$$$$00000001                 0x08000188   Section        4  entry2.o(.ARM.Collect$$$$00000001)
    .ARM.Collect$$$$00000004                 0x0800018c   Section        4  entry5.o(.ARM.Collect$$$$00000004)
    .ARM.Collect$$$$00000008                 0x08000190   Section        0  entry7b.o(.ARM.Collect$$$$00000008)
    .ARM.Collect$$$$0000000A                 0x08000190   Section        0  entry8b.o(.ARM.Collect$$$$0000000A)
    .ARM.Collect$$$$0000000B                 0x08000190   Section        8  entry9a.o(.ARM.Collect$$$$0000000B)
    .ARM.Collect$$$$0000000D                 0x08000198   Section        0  entry10a.o(.ARM.Collect$$$$0000000D)
    .ARM.Collect$$$$0000000F                 0x08000198   Section        0  entry11a.o(.ARM.Collect$$$$0000000F)
    .ARM.Collect$$$$00002712                 0x08000198   Section        4  entry2.o(.ARM.Collect$$$$00002712)
    __lit__00000000                          0x08000198   Data           4  entry2.o(.ARM.Collect$$$$00002712)
    .text                                    0x0800019c   Section       36  startup_stm32f40_41xxx.o(.text)
    $v0                                      0x0800019c   Number         0  startup_stm32f40_41xxx.o(.text)
    .text                                    0x080001c0   Section       36  init.o(.text)
    i.ADC_ClearITPendingBit                  0x080001e4   Section        0  stm32f4xx_adc.o(i.ADC_ClearITPendingBit)
    i.ADC_GetConversionValue                 0x080001ee   Section        0  stm32f4xx_adc.o(i.ADC_GetConversionValue)
    i.ADC_GetFlagStatus                      0x080001f6   Section        0  stm32f4xx_adc.o(i.ADC_GetFlagStatus)
    i.ADC_IRQHandler                         0x08000208   Section        0  adc.o(i.ADC_IRQHandler)
    i.BusFault_Handler                       0x0800023c   Section        0  stm32f4xx_it.o(i.BusFault_Handler)
    i.DebugMon_Handler                       0x08000240   Section        0  stm32f4xx_it.o(i.DebugMon_Handler)
    i.GPIO_Init                              0x08000242   Section        0  stm32f4xx_gpio.o(i.GPIO_Init)
    i.GPIO_PinAFConfig                       0x080002d2   Section        0  stm32f4xx_gpio.o(i.GPIO_PinAFConfig)
    i.HardFault_Handler                      0x08000318   Section        0  stm32f4xx_it.o(i.HardFault_Handler)
    i.MemManage_Handler                      0x0800031c   Section        0  stm32f4xx_it.o(i.MemManage_Handler)
    i.NMI_Handler                            0x08000320   Section        0  stm32f4xx_it.o(i.NMI_Handler)
    i.NVIC_Init                              0x08000324   Section        0  misc.o(i.NVIC_Init)
    i.NVIC_PriorityGroupConfig               0x0800039c   Section        0  misc.o(i.NVIC_PriorityGroupConfig)
    i.PendSV_Handler                         0x080003b0   Section        0  stm32f4xx_it.o(i.PendSV_Handler)
    i.RCC_AHB1PeriphClockCmd                 0x080003b4   Section        0  stm32f4xx_rcc.o(i.RCC_AHB1PeriphClockCmd)
    i.RCC_APB2PeriphClockCmd                 0x080003d4   Section        0  stm32f4xx_rcc.o(i.RCC_APB2PeriphClockCmd)
    i.RCC_GetClocksFreq                      0x080003f4   Section        0  stm32f4xx_rcc.o(i.RCC_GetClocksFreq)
    i.SVC_Handler                            0x080004dc   Section        0  stm32f4xx_it.o(i.SVC_Handler)
    i.SetSysClock                            0x080004e0   Section        0  system_stm32f4xx.o(i.SetSysClock)
    SetSysClock                              0x080004e1   Thumb Code   220  system_stm32f4xx.o(i.SetSysClock)
    i.SysTick_CLKSourceConfig                0x080005cc   Section        0  misc.o(i.SysTick_CLKSourceConfig)
    i.SysTick_Handler                        0x080005f4   Section        0  stm32f4xx_it.o(i.SysTick_Handler)
    i.SysTick_Initialization                 0x080005f8   Section        0  systick.o(i.SysTick_Initialization)
    i.SystemInit                             0x08000634   Section        0  system_stm32f4xx.o(i.SystemInit)
    i.USART1_IRQHandler                      0x0800069c   Section        0  usart1.o(i.USART1_IRQHandler)
    i.USART_ClearITPendingBit                0x08000730   Section        0  stm32f4xx_usart.o(i.USART_ClearITPendingBit)
    i.USART_Cmd                              0x0800074e   Section        0  stm32f4xx_usart.o(i.USART_Cmd)
    i.USART_GetITStatus                      0x08000766   Section        0  stm32f4xx_usart.o(i.USART_GetITStatus)
    i.USART_ITConfig                         0x080007ba   Section        0  stm32f4xx_usart.o(i.USART_ITConfig)
    i.USART_Init                             0x08000804   Section        0  stm32f4xx_usart.o(i.USART_Init)
    i.USART_ReceiveData                      0x080008d8   Section        0  stm32f4xx_usart.o(i.USART_ReceiveData)
    i.UsageFault_Handler                     0x080008e2   Section        0  stm32f4xx_it.o(i.UsageFault_Handler)
    i.Usart1_Config                          0x080008e8   Section        0  usart1.o(i.Usart1_Config)
    i.Usart1_GPIO_Init                       0x08000934   Section        0  usart1.o(i.Usart1_GPIO_Init)
    i.Usart1_Initialization                  0x08000980   Section        0  usart1.o(i.Usart1_Initialization)
    i.Usart1_NVIC_Config                     0x08000990   Section        0  usart1.o(i.Usart1_NVIC_Config)
    i.__scatterload_copy                     0x080009b6   Section       14  handlers.o(i.__scatterload_copy)
    i.__scatterload_null                     0x080009c4   Section        2  handlers.o(i.__scatterload_null)
    i.__scatterload_zeroinit                 0x080009c6   Section       14  handlers.o(i.__scatterload_zeroinit)
    i.main                                   0x080009d4   Section        0  main.o(i.main)
    .data                                    0x20000000   Section       20  system_stm32f4xx.o(.data)
    .data                                    0x20000014   Section       16  stm32f4xx_rcc.o(.data)
    APBAHBPrescTable                         0x20000014   Data          16  stm32f4xx_rcc.o(.data)
    .data                                    0x20000024   Section        8  systick.o(.data)
    fac_us                                   0x20000024   Data           1  systick.o(.data)
    fac_ms                                   0x20000028   Data           4  systick.o(.data)
    .data                                    0x2000002c   Section        2  usart1.o(.data)
    .data                                    0x20000030   Section        4  adc.o(.data)
    .bss                                     0x20000034   Section      200  usart1.o(.bss)
    STACK                                    0x20000100   Section     1024  startup_stm32f40_41xxx.o(STACK)

    Global Symbols

    Symbol Name                              Value     Ov Type        Size  Object(Section)

    BuildAttributes$$THM_ISAv4$E$P$D$K$B$S$7EM$VFPi3$EXTD16$VFPS$VFMA$PE$A:L22UL41UL21$X:L11$S22US41US21$IEEE1$IW$USESV6$~STKCKD$USESV7$~SHL$OSPACE$EBA8$MICROLIB$REQ8$PRES8$EABIv2 0x00000000   Number         0  anon$$obj.o ABSOLUTE
    __ARM_use_no_argv                        0x00000000   Number         0  main.o ABSOLUTE
    __cpp_initialize__aeabi_                  - Undefined Weak Reference
    __cxa_finalize                            - Undefined Weak Reference
    __decompress                              - Undefined Weak Reference
    _clock_init                               - Undefined Weak Reference
    _microlib_exit                            - Undefined Weak Reference
    __Vectors_Size                           0x00000188   Number         0  startup_stm32f40_41xxx.o ABSOLUTE
    __Vectors                                0x08000000   Data           4  startup_stm32f40_41xxx.o(RESET)
    __Vectors_End                            0x08000188   Data           0  startup_stm32f40_41xxx.o(RESET)
    __main                                   0x08000189   Thumb Code     0  entry.o(.ARM.Collect$$$$00000000)
    _main_stk                                0x08000189   Thumb Code     0  entry2.o(.ARM.Collect$$$$00000001)
    _main_scatterload                        0x0800018d   Thumb Code     0  entry5.o(.ARM.Collect$$$$00000004)
    __main_after_scatterload                 0x08000191   Thumb Code     0  entry5.o(.ARM.Collect$$$$00000004)
    _main_clock                              0x08000191   Thumb Code     0  entry7b.o(.ARM.Collect$$$$00000008)
    _main_cpp_init                           0x08000191   Thumb Code     0  entry8b.o(.ARM.Collect$$$$0000000A)
    _main_init                               0x08000191   Thumb Code     0  entry9a.o(.ARM.Collect$$$$0000000B)
    __rt_final_cpp                           0x08000199   Thumb Code     0  entry10a.o(.ARM.Collect$$$$0000000D)
    __rt_final_exit                          0x08000199   Thumb Code     0  entry11a.o(.ARM.Collect$$$$0000000F)
    Reset_Handler                            0x0800019d   Thumb Code     8  startup_stm32f40_41xxx.o(.text)
    CAN1_RX0_IRQHandler                      0x080001b7   Thumb Code     0  startup_stm32f40_41xxx.o(.text)
    CAN1_RX1_IRQHandler                      0x080001b7   Thumb Code     0  startup_stm32f40_41xxx.o(.text)
    CAN1_SCE_IRQHandler                      0x080001b7   Thumb Code     0  startup_stm32f40_41xxx.o(.text)
    CAN1_TX_IRQHandler                       0x080001b7   Thumb Code     0  startup_stm32f40_41xxx.o(.text)
    CAN2_RX0_IRQHandler                      0x080001b7   Thumb Code     0  startup_stm32f40_41xxx.o(.text)
    CAN2_RX1_IRQHandler                      0x080001b7   Thumb Code     0  startup_stm32f40_41xxx.o(.text)
    CAN2_SCE_IRQHandler                      0x080001b7   Thumb Code     0  startup_stm32f40_41xxx.o(.text)
    CAN2_TX_IRQHandler                       0x080001b7   Thumb Code     0  startup_stm32f40_41xxx.o(.text)
    CRYP_IRQHandler                          0x080001b7   Thumb Code     0  startup_stm32f40_41xxx.o(.text)
    DCMI_IRQHandler                          0x080001b7   Thumb Code     0  startup_stm32f40_41xxx.o(.text)
    DMA1_Stream0_IRQHandler                  0x080001b7   Thumb Code     0  startup_stm32f40_41xxx.o(.text)
    DMA1_Stream1_IRQHandler                  0x080001b7   Thumb Code     0  startup_stm32f40_41xxx.o(.text)
    DMA1_Stream2_IRQHandler                  0x080001b7   Thumb Code     0  startup_stm32f40_41xxx.o(.text)
    DMA1_Stream3_IRQHandler                  0x080001b7   Thumb Code     0  startup_stm32f40_41xxx.o(.text)
    DMA1_Stream4_IRQHandler                  0x080001b7   Thumb Code     0  startup_stm32f40_41xxx.o(.text)
    DMA1_Stream5_IRQHandler                  0x080001b7   Thumb Code     0  startup_stm32f40_41xxx.o(.text)
    DMA1_Stream6_IRQHandler                  0x080001b7   Thumb Code     0  startup_stm32f40_41xxx.o(.text)
    DMA1_Stream7_IRQHandler                  0x080001b7   Thumb Code     0  startup_stm32f40_41xxx.o(.text)
    DMA2_Stream0_IRQHandler                  0x080001b7   Thumb Code     0  startup_stm32f40_41xxx.o(.text)
    DMA2_Stream1_IRQHandler                  0x080001b7   Thumb Code     0  startup_stm32f40_41xxx.o(.text)
    DMA2_Stream2_IRQHandler                  0x080001b7   Thumb Code     0  startup_stm32f40_41xxx.o(.text)
    DMA2_Stream3_IRQHandler                  0x080001b7   Thumb Code     0  startup_stm32f40_41xxx.o(.text)
    DMA2_Stream4_IRQHandler                  0x080001b7   Thumb Code     0  startup_stm32f40_41xxx.o(.text)
    DMA2_Stream5_IRQHandler                  0x080001b7   Thumb Code     0  startup_stm32f40_41xxx.o(.text)
    DMA2_Stream6_IRQHandler                  0x080001b7   Thumb Code     0  startup_stm32f40_41xxx.o(.text)
    DMA2_Stream7_IRQHandler                  0x080001b7   Thumb Code     0  startup_stm32f40_41xxx.o(.text)
    ETH_IRQHandler                           0x080001b7   Thumb Code     0  startup_stm32f40_41xxx.o(.text)
    ETH_WKUP_IRQHandler                      0x080001b7   Thumb Code     0  startup_stm32f40_41xxx.o(.text)
    EXTI0_IRQHandler                         0x080001b7   Thumb Code     0  startup_stm32f40_41xxx.o(.text)
    EXTI15_10_IRQHandler                     0x080001b7   Thumb Code     0  startup_stm32f40_41xxx.o(.text)
    EXTI1_IRQHandler                         0x080001b7   Thumb Code     0  startup_stm32f40_41xxx.o(.text)
    EXTI2_IRQHandler                         0x080001b7   Thumb Code     0  startup_stm32f40_41xxx.o(.text)
    EXTI3_IRQHandler                         0x080001b7   Thumb Code     0  startup_stm32f40_41xxx.o(.text)
    EXTI4_IRQHandler                         0x080001b7   Thumb Code     0  startup_stm32f40_41xxx.o(.text)
    EXTI9_5_IRQHandler                       0x080001b7   Thumb Code     0  startup_stm32f40_41xxx.o(.text)
    FLASH_IRQHandler                         0x080001b7   Thumb Code     0  startup_stm32f40_41xxx.o(.text)
    FPU_IRQHandler                           0x080001b7   Thumb Code     0  startup_stm32f40_41xxx.o(.text)
    FSMC_IRQHandler                          0x080001b7   Thumb Code     0  startup_stm32f40_41xxx.o(.text)
    HASH_RNG_IRQHandler                      0x080001b7   Thumb Code     0  startup_stm32f40_41xxx.o(.text)
    I2C1_ER_IRQHandler                       0x080001b7   Thumb Code     0  startup_stm32f40_41xxx.o(.text)
    I2C1_EV_IRQHandler                       0x080001b7   Thumb Code     0  startup_stm32f40_41xxx.o(.text)
    I2C2_ER_IRQHandler                       0x080001b7   Thumb Code     0  startup_stm32f40_41xxx.o(.text)
    I2C2_EV_IRQHandler                       0x080001b7   Thumb Code     0  startup_stm32f40_41xxx.o(.text)
    I2C3_ER_IRQHandler                       0x080001b7   Thumb Code     0  startup_stm32f40_41xxx.o(.text)
    I2C3_EV_IRQHandler                       0x080001b7   Thumb Code     0  startup_stm32f40_41xxx.o(.text)
    OTG_FS_IRQHandler                        0x080001b7   Thumb Code     0  startup_stm32f40_41xxx.o(.text)
    OTG_FS_WKUP_IRQHandler                   0x080001b7   Thumb Code     0  startup_stm32f40_41xxx.o(.text)
    OTG_HS_EP1_IN_IRQHandler                 0x080001b7   Thumb Code     0  startup_stm32f40_41xxx.o(.text)
    OTG_HS_EP1_OUT_IRQHandler                0x080001b7   Thumb Code     0  startup_stm32f40_41xxx.o(.text)
    OTG_HS_IRQHandler                        0x080001b7   Thumb Code     0  startup_stm32f40_41xxx.o(.text)
    OTG_HS_WKUP_IRQHandler                   0x080001b7   Thumb Code     0  startup_stm32f40_41xxx.o(.text)
    PVD_IRQHandler                           0x080001b7   Thumb Code     0  startup_stm32f40_41xxx.o(.text)
    RCC_IRQHandler                           0x080001b7   Thumb Code     0  startup_stm32f40_41xxx.o(.text)
    RTC_Alarm_IRQHandler                     0x080001b7   Thumb Code     0  startup_stm32f40_41xxx.o(.text)
    RTC_WKUP_IRQHandler                      0x080001b7   Thumb Code     0  startup_stm32f40_41xxx.o(.text)
    SDIO_IRQHandler                          0x080001b7   Thumb Code     0  startup_stm32f40_41xxx.o(.text)
    SPI1_IRQHandler                          0x080001b7   Thumb Code     0  startup_stm32f40_41xxx.o(.text)
    SPI2_IRQHandler                          0x080001b7   Thumb Code     0  startup_stm32f40_41xxx.o(.text)
    SPI3_IRQHandler                          0x080001b7   Thumb Code     0  startup_stm32f40_41xxx.o(.text)
    TAMP_STAMP_IRQHandler                    0x080001b7   Thumb Code     0  startup_stm32f40_41xxx.o(.text)
    TIM1_BRK_TIM9_IRQHandler                 0x080001b7   Thumb Code     0  startup_stm32f40_41xxx.o(.text)
    TIM1_CC_IRQHandler                       0x080001b7   Thumb Code     0  startup_stm32f40_41xxx.o(.text)
    TIM1_TRG_COM_TIM11_IRQHandler            0x080001b7   Thumb Code     0  startup_stm32f40_41xxx.o(.text)
    TIM1_UP_TIM10_IRQHandler                 0x080001b7   Thumb Code     0  startup_stm32f40_41xxx.o(.text)
    TIM2_IRQHandler                          0x080001b7   Thumb Code     0  startup_stm32f40_41xxx.o(.text)
    TIM3_IRQHandler                          0x080001b7   Thumb Code     0  startup_stm32f40_41xxx.o(.text)
    TIM4_IRQHandler                          0x080001b7   Thumb Code     0  startup_stm32f40_41xxx.o(.text)
    TIM5_IRQHandler                          0x080001b7   Thumb Code     0  startup_stm32f40_41xxx.o(.text)
    TIM6_DAC_IRQHandler                      0x080001b7   Thumb Code     0  startup_stm32f40_41xxx.o(.text)
    TIM7_IRQHandler                          0x080001b7   Thumb Code     0  startup_stm32f40_41xxx.o(.text)
    TIM8_BRK_TIM12_IRQHandler                0x080001b7   Thumb Code     0  startup_stm32f40_41xxx.o(.text)
    TIM8_CC_IRQHandler                       0x080001b7   Thumb Code     0  startup_stm32f40_41xxx.o(.text)
    TIM8_TRG_COM_TIM14_IRQHandler            0x080001b7   Thumb Code     0  startup_stm32f40_41xxx.o(.text)
    TIM8_UP_TIM13_IRQHandler                 0x080001b7   Thumb Code     0  startup_stm32f40_41xxx.o(.text)
    UART4_IRQHandler                         0x080001b7   Thumb Code     0  startup_stm32f40_41xxx.o(.text)
    UART5_IRQHandler                         0x080001b7   Thumb Code     0  startup_stm32f40_41xxx.o(.text)
    USART2_IRQHandler                        0x080001b7   Thumb Code     0  startup_stm32f40_41xxx.o(.text)
    USART3_IRQHandler                        0x080001b7   Thumb Code     0  startup_stm32f40_41xxx.o(.text)
    USART6_IRQHandler                        0x080001b7   Thumb Code     0  startup_stm32f40_41xxx.o(.text)
    WWDG_IRQHandler                          0x080001b7   Thumb Code     0  startup_stm32f40_41xxx.o(.text)
    __scatterload                            0x080001c1   Thumb Code    28  init.o(.text)
    __scatterload_rt2                        0x080001c1   Thumb Code     0  init.o(.text)
    ADC_ClearITPendingBit                    0x080001e5   Thumb Code    10  stm32f4xx_adc.o(i.ADC_ClearITPendingBit)
    ADC_GetConversionValue                   0x080001ef   Thumb Code     8  stm32f4xx_adc.o(i.ADC_GetConversionValue)
    ADC_GetFlagStatus                        0x080001f7   Thumb Code    18  stm32f4xx_adc.o(i.ADC_GetFlagStatus)
    ADC_IRQHandler                           0x08000209   Thumb Code    44  adc.o(i.ADC_IRQHandler)
    BusFault_Handler                         0x0800023d   Thumb Code     4  stm32f4xx_it.o(i.BusFault_Handler)
    DebugMon_Handler                         0x08000241   Thumb Code     2  stm32f4xx_it.o(i.DebugMon_Handler)
    GPIO_Init                                0x08000243   Thumb Code   144  stm32f4xx_gpio.o(i.GPIO_Init)
    GPIO_PinAFConfig                         0x080002d3   Thumb Code    70  stm32f4xx_gpio.o(i.GPIO_PinAFConfig)
    HardFault_Handler                        0x08000319   Thumb Code     4  stm32f4xx_it.o(i.HardFault_Handler)
    MemManage_Handler                        0x0800031d   Thumb Code     4  stm32f4xx_it.o(i.MemManage_Handler)
    NMI_Handler                              0x08000321   Thumb Code     2  stm32f4xx_it.o(i.NMI_Handler)
    NVIC_Init                                0x08000325   Thumb Code   106  misc.o(i.NVIC_Init)
    NVIC_PriorityGroupConfig                 0x0800039d   Thumb Code    10  misc.o(i.NVIC_PriorityGroupConfig)
    PendSV_Handler                           0x080003b1   Thumb Code     2  stm32f4xx_it.o(i.PendSV_Handler)
    RCC_AHB1PeriphClockCmd                   0x080003b5   Thumb Code    26  stm32f4xx_rcc.o(i.RCC_AHB1PeriphClockCmd)
    RCC_APB2PeriphClockCmd                   0x080003d5   Thumb Code    26  stm32f4xx_rcc.o(i.RCC_APB2PeriphClockCmd)
    RCC_GetClocksFreq                        0x080003f5   Thumb Code   214  stm32f4xx_rcc.o(i.RCC_GetClocksFreq)
    SVC_Handler                              0x080004dd   Thumb Code     2  stm32f4xx_it.o(i.SVC_Handler)
    SysTick_CLKSourceConfig                  0x080005cd   Thumb Code    40  misc.o(i.SysTick_CLKSourceConfig)
    SysTick_Handler                          0x080005f5   Thumb Code     2  stm32f4xx_it.o(i.SysTick_Handler)
    SysTick_Initialization                   0x080005f9   Thumb Code    42  systick.o(i.SysTick_Initialization)
    SystemInit                               0x08000635   Thumb Code    88  system_stm32f4xx.o(i.SystemInit)
    USART1_IRQHandler                        0x0800069d   Thumb Code   134  usart1.o(i.USART1_IRQHandler)
    USART_ClearITPendingBit                  0x08000731   Thumb Code    30  stm32f4xx_usart.o(i.USART_ClearITPendingBit)
    USART_Cmd                                0x0800074f   Thumb Code    24  stm32f4xx_usart.o(i.USART_Cmd)
    USART_GetITStatus                        0x08000767   Thumb Code    84  stm32f4xx_usart.o(i.USART_GetITStatus)
    USART_ITConfig                           0x080007bb   Thumb Code    74  stm32f4xx_usart.o(i.USART_ITConfig)
    USART_Init                               0x08000805   Thumb Code   204  stm32f4xx_usart.o(i.USART_Init)
    USART_ReceiveData                        0x080008d9   Thumb Code    10  stm32f4xx_usart.o(i.USART_ReceiveData)
    UsageFault_Handler                       0x080008e3   Thumb Code     4  stm32f4xx_it.o(i.UsageFault_Handler)
    Usart1_Config                            0x080008e9   Thumb Code    72  usart1.o(i.Usart1_Config)
    Usart1_GPIO_Init                         0x08000935   Thumb Code    70  usart1.o(i.Usart1_GPIO_Init)
    Usart1_Initialization                    0x08000981   Thumb Code    16  usart1.o(i.Usart1_Initialization)
    Usart1_NVIC_Config                       0x08000991   Thumb Code    38  usart1.o(i.Usart1_NVIC_Config)
    __scatterload_copy                       0x080009b7   Thumb Code    14  handlers.o(i.__scatterload_copy)
    __scatterload_null                       0x080009c5   Thumb Code     2  handlers.o(i.__scatterload_null)
    __scatterload_zeroinit                   0x080009c7   Thumb Code    14  handlers.o(i.__scatterload_zeroinit)
    main                                     0x080009d5   Thumb Code    12  main.o(i.main)
    Region$$Table$$Base                      0x080009e0   Number         0  anon$$obj.o(Region$$Table)
    Region$$Table$$Limit                     0x08000a00   Number         0  anon$$obj.o(Region$$Table)
    SystemCoreClock                          0x20000000   Data           4  system_stm32f4xx.o(.data)
    AHBPrescTable                            0x20000004   Data          16  system_stm32f4xx.o(.data)
    USART1_RX_STA                            0x2000002c   Data           2  usart1.o(.data)
    ADC_ConvertedValue                       0x20000030   Data           4  adc.o(.data)
    USART1_RX_BUF                            0x20000034   Data         200  usart1.o(.bss)
    __initial_sp                             0x20000500   Data           0  startup_stm32f40_41xxx.o(STACK)



==============================================================================

Memory Map of the image

  Image Entry point : 0x08000189

  Load Region LR_IROM1 (Base: 0x08000000, Size: 0x00000a34, Max: 0x00080000, ABSOLUTE)

    Execution Region ER_IROM1 (Base: 0x08000000, Size: 0x00000a00, Max: 0x00080000, ABSOLUTE)

    Base Addr    Size         Type   Attr      Idx    E Section Name        Object

    0x08000000   0x00000188   Data   RO          287    RESET               startup_stm32f40_41xxx.o
    0x08000188   0x00000000   Code   RO         3085  * .ARM.Collect$$$$00000000  mc_w.l(entry.o)
    0x08000188   0x00000004   Code   RO         3088    .ARM.Collect$$$$00000001  mc_w.l(entry2.o)
    0x0800018c   0x00000004   Code   RO         3091    .ARM.Collect$$$$00000004  mc_w.l(entry5.o)
    0x08000190   0x00000000   Code   RO         3093    .ARM.Collect$$$$00000008  mc_w.l(entry7b.o)
    0x08000190   0x00000000   Code   RO         3095    .ARM.Collect$$$$0000000A  mc_w.l(entry8b.o)
    0x08000190   0x00000008   Code   RO         3096    .ARM.Collect$$$$0000000B  mc_w.l(entry9a.o)
    0x08000198   0x00000000   Code   RO         3098    .ARM.Collect$$$$0000000D  mc_w.l(entry10a.o)
    0x08000198   0x00000000   Code   RO         3100    .ARM.Collect$$$$0000000F  mc_w.l(entry11a.o)
    0x08000198   0x00000004   Code   RO         3089    .ARM.Collect$$$$00002712  mc_w.l(entry2.o)
    0x0800019c   0x00000024   Code   RO          288    .text               startup_stm32f40_41xxx.o
    0x080001c0   0x00000024   Code   RO         3102    .text               mc_w.l(init.o)
    0x080001e4   0x0000000a   Code   RO         1926    i.ADC_ClearITPendingBit  stm32f4xx_adc.o
    0x080001ee   0x00000008   Code   RO         1939    i.ADC_GetConversionValue  stm32f4xx_adc.o
    0x080001f6   0x00000012   Code   RO         1940    i.ADC_GetFlagStatus  stm32f4xx_adc.o
    0x08000208   0x00000034   Code   RO         2443    i.ADC_IRQHandler    adc.o
    0x0800023c   0x00000004   Code   RO          172    i.BusFault_Handler  stm32f4xx_it.o
    0x08000240   0x00000002   Code   RO          173    i.DebugMon_Handler  stm32f4xx_it.o
    0x08000242   0x00000090   Code   RO          370    i.GPIO_Init         stm32f4xx_gpio.o
    0x080002d2   0x00000046   Code   RO          371    i.GPIO_PinAFConfig  stm32f4xx_gpio.o
    0x08000318   0x00000004   Code   RO          174    i.HardFault_Handler  stm32f4xx_it.o
    0x0800031c   0x00000004   Code   RO          175    i.MemManage_Handler  stm32f4xx_it.o
    0x08000320   0x00000002   Code   RO          176    i.NMI_Handler       stm32f4xx_it.o
    0x08000322   0x00000002   PAD
    0x08000324   0x00000078   Code   RO          295    i.NVIC_Init         misc.o
    0x0800039c   0x00000014   Code   RO          296    i.NVIC_PriorityGroupConfig  misc.o
    0x080003b0   0x00000002   Code   RO          177    i.PendSV_Handler    stm32f4xx_it.o
    0x080003b2   0x00000002   PAD
    0x080003b4   0x00000020   Code   RO          471    i.RCC_AHB1PeriphClockCmd  stm32f4xx_rcc.o
    0x080003d4   0x00000020   Code   RO          483    i.RCC_APB2PeriphClockCmd  stm32f4xx_rcc.o
    0x080003f4   0x000000e8   Code   RO          492    i.RCC_GetClocksFreq  stm32f4xx_rcc.o
    0x080004dc   0x00000002   Code   RO          178    i.SVC_Handler       stm32f4xx_it.o
    0x080004de   0x00000002   PAD
    0x080004e0   0x000000ec   Code   RO          247    i.SetSysClock       system_stm32f4xx.o
    0x080005cc   0x00000028   Code   RO          299    i.SysTick_CLKSourceConfig  misc.o
    0x080005f4   0x00000002   Code   RO          179    i.SysTick_Handler   stm32f4xx_it.o
    0x080005f6   0x00000002   PAD
    0x080005f8   0x0000003c   Code   RO         2254    i.SysTick_Initialization  systick.o
    0x08000634   0x00000068   Code   RO          249    i.SystemInit        system_stm32f4xx.o
    0x0800069c   0x00000094   Code   RO         2368    i.USART1_IRQHandler  usart1.o
    0x08000730   0x0000001e   Code   RO          810    i.USART_ClearITPendingBit  stm32f4xx_usart.o
    0x0800074e   0x00000018   Code   RO          813    i.USART_Cmd         stm32f4xx_usart.o
    0x08000766   0x00000054   Code   RO          817    i.USART_GetITStatus  stm32f4xx_usart.o
    0x080007ba   0x0000004a   Code   RO          819    i.USART_ITConfig    stm32f4xx_usart.o
    0x08000804   0x000000d4   Code   RO          820    i.USART_Init        stm32f4xx_usart.o
    0x080008d8   0x0000000a   Code   RO          827    i.USART_ReceiveData  stm32f4xx_usart.o
    0x080008e2   0x00000004   Code   RO          180    i.UsageFault_Handler  stm32f4xx_it.o
    0x080008e6   0x00000002   PAD
    0x080008e8   0x0000004c   Code   RO         2369    i.Usart1_Config     usart1.o
    0x08000934   0x0000004c   Code   RO         2370    i.Usart1_GPIO_Init  usart1.o
    0x08000980   0x00000010   Code   RO         2371    i.Usart1_Initialization  usart1.o
    0x08000990   0x00000026   Code   RO         2372    i.Usart1_NVIC_Config  usart1.o
    0x080009b6   0x0000000e   Code   RO         3106    i.__scatterload_copy  mc_w.l(handlers.o)
    0x080009c4   0x00000002   Code   RO         3107    i.__scatterload_null  mc_w.l(handlers.o)
    0x080009c6   0x0000000e   Code   RO         3108    i.__scatterload_zeroinit  mc_w.l(handlers.o)
    0x080009d4   0x0000000c   Code   RO            4    i.main              main.o
    0x080009e0   0x00000020   Data   RO         3104    Region$$Table       anon$$obj.o


    Execution Region RW_IRAM1 (Base: 0x20000000, Size: 0x00000500, Max: 0x00020000, ABSOLUTE)

    Base Addr    Size         Type   Attr      Idx    E Section Name        Object

    0x20000000   0x00000014   Data   RW          250    .data               system_stm32f4xx.o
    0x20000014   0x00000010   Data   RW          524    .data               stm32f4xx_rcc.o
    0x20000024   0x00000008   Data   RW         2255    .data               systick.o
    0x2000002c   0x00000002   Data   RW         2377    .data               usart1.o
    0x2000002e   0x00000002   PAD
    0x20000030   0x00000004   Data   RW         2446    .data               adc.o
    0x20000034   0x000000c8   Zero   RW         2376    .bss                usart1.o
    0x200000fc   0x00000004   PAD
    0x20000100   0x00000400   Zero   RW          285    STACK               startup_stm32f40_41xxx.o


==============================================================================

Image component sizes


      Code (inc. data)   RO Data    RW Data    ZI Data      Debug   Object Name

        52          8          0          4          0        746   adc.o
        12          0          0          0          0      33435   main.o
       180         24          0          0          0     254261   misc.o
        36          8        392          0       1024        836   startup_stm32f40_41xxx.o
        36          0          0          0          0       2917   stm32f4xx_adc.o
       214          0          0          0          0       1755   stm32f4xx_gpio.o
        26          0          0          0          0       4034   stm32f4xx_it.o
       296         30          0         16          0       4054   stm32f4xx_rcc.o
       434          8          0          0          0       4892   stm32f4xx_usart.o
       340         32          0         20          0       1737   system_stm32f4xx.o
        60         18          0          8          0        737   systick.o
       354         24          0          2        200       3462   usart1.o

    ----------------------------------------------------------------------
      2050        152        424         52       1228     312866   Object Totals
         0          0         32          0          0          0   (incl. Generated)
        10          0          0          2          4          0   (incl. Padding)

    ----------------------------------------------------------------------

      Code (inc. data)   RO Data    RW Data    ZI Data      Debug   Library Member Name

         0          0          0          0          0          0   entry.o
         0          0          0          0          0          0   entry10a.o
         0          0          0          0          0          0   entry11a.o
         8          4          0          0          0          0   entry2.o
         4          0          0          0          0          0   entry5.o
         0          0          0          0          0          0   entry7b.o
         0          0          0          0          0          0   entry8b.o
         8          4          0          0          0          0   entry9a.o
        30          0          0          0          0          0   handlers.o
        36          8          0          0          0         68   init.o

    ----------------------------------------------------------------------
        86         16          0          0          0         68   Library Totals
         0          0          0          0          0          0   (incl. Padding)

    ----------------------------------------------------------------------

      Code (inc. data)   RO Data    RW Data    ZI Data      Debug   Library Name

        86         16          0          0          0         68   mc_w.l

    ----------------------------------------------------------------------
        86         16          0          0          0         68   Library Totals

    ----------------------------------------------------------------------

==============================================================================


      Code (inc. data)   RO Data    RW Data    ZI Data      Debug   

      2136        168        424         52       1228     310038   Grand Totals
      2136        168        424         52       1228     310038   ELF Image Totals
      2136        168        424         52          0          0   ROM Totals

==============================================================================

    Total RO  Size (Code + RO Data)                 2560 (   2.50kB)
    Total RW  Size (RW Data + ZI Data)              1280 (   1.25kB)
    Total ROM Size (Code + RO Data + RW Data)       2612 (   2.55kB)

==============================================================================

