Component: ARM Compiler 5.06 update 3 (build 300) Tool: armlink [4d35c9]

==============================================================================

Section Cross References

    main.o(i.getmsg) refers to usart1.o(.bss) for USART1_RX_BUF
    main.o(i.main) refers to systick.o(i.SysTick_Initialization) for SysTick_Initialization
    main.o(i.main) refers to usart1.o(i.Usart1_Initialization) for Usart1_Initialization
    main.o(i.main) refers to robotctrl.o(i.Robotctrl_Initialization) for Robotctrl_Initialization
    main.o(i.main) refers to memseta.o(.text) for __aeabi_memclr4
    main.o(i.main) refers to main.o(i.getmsg) for getmsg
    main.o(i.main) refers to robotctrl.o(i.Robotctrl_cmd) for Robotctrl_cmd
    main.o(i.main) refers to usart1.o(.data) for USART1_RX_STA
    main.o(i.main) refers to usart1.o(.bss) for USART1_RX_BUF
    system_stm32f4xx.o(i.SystemCoreClockUpdate) refers to system_stm32f4xx.o(.data) for SystemCoreClock
    system_stm32f4xx.o(i.SystemInit) refers to system_stm32f4xx.o(i.SetSysClock) for SetSysClock
    startup_stm32f40_41xxx.o(RESET) refers to startup_stm32f40_41xxx.o(STACK) for __initial_sp
    startup_stm32f40_41xxx.o(RESET) refers to startup_stm32f40_41xxx.o(.text) for Reset_Handler
    startup_stm32f40_41xxx.o(RESET) refers to stm32f4xx_it.o(i.NMI_Handler) for NMI_Handler
    startup_stm32f40_41xxx.o(RESET) refers to stm32f4xx_it.o(i.HardFault_Handler) for HardFault_Handler
    startup_stm32f40_41xxx.o(RESET) refers to stm32f4xx_it.o(i.MemManage_Handler) for MemManage_Handler
    startup_stm32f40_41xxx.o(RESET) refers to stm32f4xx_it.o(i.BusFault_Handler) for BusFault_Handler
    startup_stm32f40_41xxx.o(RESET) refers to stm32f4xx_it.o(i.UsageFault_Handler) for UsageFault_Handler
    startup_stm32f40_41xxx.o(RESET) refers to stm32f4xx_it.o(i.SVC_Handler) for SVC_Handler
    startup_stm32f40_41xxx.o(RESET) refers to stm32f4xx_it.o(i.DebugMon_Handler) for DebugMon_Handler
    startup_stm32f40_41xxx.o(RESET) refers to stm32f4xx_it.o(i.PendSV_Handler) for PendSV_Handler
    startup_stm32f40_41xxx.o(RESET) refers to stm32f4xx_it.o(i.SysTick_Handler) for SysTick_Handler
    startup_stm32f40_41xxx.o(RESET) refers to adc.o(i.ADC_IRQHandler) for ADC_IRQHandler
    startup_stm32f40_41xxx.o(RESET) refers to usart1.o(i.USART1_IRQHandler) for USART1_IRQHandler
    startup_stm32f40_41xxx.o(.text) refers to system_stm32f4xx.o(i.SystemInit) for SystemInit
    startup_stm32f40_41xxx.o(.text) refers to entry.o(.ARM.Collect$$$$00000000) for __main
    stm32f4xx_gpio.o(i.GPIO_DeInit) refers to stm32f4xx_rcc.o(i.RCC_AHB1PeriphResetCmd) for RCC_AHB1PeriphResetCmd
    stm32f4xx_rcc.o(i.RCC_GetClocksFreq) refers to stm32f4xx_rcc.o(.data) for APBAHBPrescTable
    stm32f4xx_rcc.o(i.RCC_WaitForHSEStartUp) refers to stm32f4xx_rcc.o(i.RCC_GetFlagStatus) for RCC_GetFlagStatus
    stm32f4xx_usart.o(i.USART_DeInit) refers to stm32f4xx_rcc.o(i.RCC_APB2PeriphResetCmd) for RCC_APB2PeriphResetCmd
    stm32f4xx_usart.o(i.USART_DeInit) refers to stm32f4xx_rcc.o(i.RCC_APB1PeriphResetCmd) for RCC_APB1PeriphResetCmd
    stm32f4xx_usart.o(i.USART_Init) refers to stm32f4xx_rcc.o(i.RCC_GetClocksFreq) for RCC_GetClocksFreq
    stm32f4xx_tim.o(i.TIM_DeInit) refers to stm32f4xx_rcc.o(i.RCC_APB2PeriphResetCmd) for RCC_APB2PeriphResetCmd
    stm32f4xx_tim.o(i.TIM_DeInit) refers to stm32f4xx_rcc.o(i.RCC_APB1PeriphResetCmd) for RCC_APB1PeriphResetCmd
    stm32f4xx_tim.o(i.TIM_ETRClockMode1Config) refers to stm32f4xx_tim.o(i.TIM_ETRConfig) for TIM_ETRConfig
    stm32f4xx_tim.o(i.TIM_ETRClockMode2Config) refers to stm32f4xx_tim.o(i.TIM_ETRConfig) for TIM_ETRConfig
    stm32f4xx_tim.o(i.TIM_ICInit) refers to stm32f4xx_tim.o(i.TI1_Config) for TI1_Config
    stm32f4xx_tim.o(i.TIM_ICInit) refers to stm32f4xx_tim.o(i.TIM_SetIC1Prescaler) for TIM_SetIC1Prescaler
    stm32f4xx_tim.o(i.TIM_ICInit) refers to stm32f4xx_tim.o(i.TI2_Config) for TI2_Config
    stm32f4xx_tim.o(i.TIM_ICInit) refers to stm32f4xx_tim.o(i.TIM_SetIC2Prescaler) for TIM_SetIC2Prescaler
    stm32f4xx_tim.o(i.TIM_ICInit) refers to stm32f4xx_tim.o(i.TI3_Config) for TI3_Config
    stm32f4xx_tim.o(i.TIM_ICInit) refers to stm32f4xx_tim.o(i.TIM_SetIC3Prescaler) for TIM_SetIC3Prescaler
    stm32f4xx_tim.o(i.TIM_ICInit) refers to stm32f4xx_tim.o(i.TI4_Config) for TI4_Config
    stm32f4xx_tim.o(i.TIM_ICInit) refers to stm32f4xx_tim.o(i.TIM_SetIC4Prescaler) for TIM_SetIC4Prescaler
    stm32f4xx_tim.o(i.TIM_ITRxExternalClockConfig) refers to stm32f4xx_tim.o(i.TIM_SelectInputTrigger) for TIM_SelectInputTrigger
    stm32f4xx_tim.o(i.TIM_PWMIConfig) refers to stm32f4xx_tim.o(i.TI1_Config) for TI1_Config
    stm32f4xx_tim.o(i.TIM_PWMIConfig) refers to stm32f4xx_tim.o(i.TIM_SetIC1Prescaler) for TIM_SetIC1Prescaler
    stm32f4xx_tim.o(i.TIM_PWMIConfig) refers to stm32f4xx_tim.o(i.TI2_Config) for TI2_Config
    stm32f4xx_tim.o(i.TIM_PWMIConfig) refers to stm32f4xx_tim.o(i.TIM_SetIC2Prescaler) for TIM_SetIC2Prescaler
[...]
    robotctrl.o(i.Robotctrl_solve) refers to robot.o(i.Robot_Dturn) for Robot_Dturn
    robotctrl.o(i.Robotctrl_solve) refers to robot.o(i.Robot_Lturn) for Robot_Lturn
    robotctrl.o(i.Robotctrl_solve) refers to robot.o(i.Robot_Bturn) for Robot_Bturn
    robotctrl.o(i.rcvturn) refers to systick.o(i.Delay_Ms) for Delay_Ms
    robotctrl.o(i.rcvturn) refers to motor.o(i.Motor_B1_Turn) for Motor_B1_Turn
    robotctrl.o(i.rcvturn) refers to motor.o(i.Motor_F1_Turn) for Motor_F1_Turn
    robotctrl.o(i.rcvturn) refers to robot.o(i.Robot_Lcatch) for Robot_Lcatch
    robotctrl.o(i.rcvturn) refers to robot.o(i.Robot_Rcatch) for Robot_Rcatch
    robotctrl.o(i.rcvturn) refers to robot.o(i.Robot_Bback) for Robot_Bback
    robotctrl.o(i.rcvturn) refers to robot.o(i.Robot_Fback) for Robot_Fback
    robotctrl.o(i.rcvturn) refers to motor.o(i.Motor_L1_Turn) for Motor_L1_Turn
    robotctrl.o(i.rcvturn) refers to motor.o(i.Motor_R1_Turn) for Motor_R1_Turn
    robotctrl.o(i.rcvturn) refers to robot.o(i.Robot_Bcatch) for Robot_Bcatch
    robotctrl.o(i.rcvturn) refers to robot.o(i.Robot_Fcatch) for Robot_Fcatch
    robotctrl.o(i.rcvturn) refers to robot.o(i.Robot_Lback) for Robot_Lback
    robotctrl.o(i.rcvturn) refers to robot.o(i.Robot_Rback) for Robot_Rback
    entry.o(.ARM.Collect$$$$00000000) refers (Special) to entry10a.o(.ARM.Collect$$$$0000000D) for __rt_final_cpp
    entry.o(.ARM.Collect$$$$00000000) refers (Special) to entry11a.o(.ARM.Collect$$$$0000000F) for __rt_final_exit
    entry.o(.ARM.Collect$$$$00000000) refers (Special) to entry7b.o(.ARM.Collect$$$$00000008) for _main_clock
    entry.o(.ARM.Collect$$$$00000000) refers (Special) to entry8b.o(.ARM.Collect$$$$0000000A) for _main_cpp_init
    entry.o(.ARM.Collect$$$$00000000) refers (Special) to entry9a.o(.ARM.Collect$$$$0000000B) for _main_init
    entry.o(.ARM.Collect$$$$00000000) refers (Special) to entry5.o(.ARM.Collect$$$$00000004) for _main_scatterload
    entry.o(.ARM.Collect$$$$00000000) refers (Special) to entry2.o(.ARM.Collect$$$$00000001) for _main_stk
    entry2.o(.ARM.Collect$$$$00000001) refers to entry2.o(.ARM.Collect$$$$00002712) for __lit__00000000
    entry2.o(.ARM.Collect$$$$00002712) refers to startup_stm32f40_41xxx.o(STACK) for __initial_sp
    entry2.o(__vectab_stack_and_reset_area) refers to startup_stm32f40_41xxx.o(STACK) for __initial_sp
    entry2.o(__vectab_stack_and_reset_area) refers to entry.o(.ARM.Collect$$$$00000000) for __main
    entry5.o(.ARM.Collect$$$$00000004) refers to init.o(.text) for __scatterload
    entry9a.o(.ARM.Collect$$$$0000000B) refers to main.o(i.main) for main
    entry9b.o(.ARM.Collect$$$$0000000C) refers to main.o(i.main) for main
    init.o(.text) refers to entry5.o(.ARM.Collect$$$$00000004) for __main_after_scatterload


==============================================================================

Removing Unused input sections from the image.

    Removing main.o(.rev16_text), (4 bytes).
    Removing main.o(.revsh_text), (4 bytes).
    Removing main.o(.rrx_text), (6 bytes).
    Removing stm32f4xx_it.o(.rev16_text), (4 bytes).
    Removing stm32f4xx_it.o(.revsh_text), (4 bytes).
    Removing stm32f4xx_it.o(.rrx_text), (6 bytes).
    Removing system_stm32f4xx.o(.rev16_text), (4 bytes).
    Removing system_stm32f4xx.o(.revsh_text), (4 bytes).
    Removing system_stm32f4xx.o(.rrx_text), (6 bytes).
    Removing system_stm32f4xx.o(i.SystemCoreClockUpdate), (192 bytes).
    Removing startup_stm32f40_41xxx.o(HEAP), (512 bytes).
    Removing misc.o(.rev16_text), (4 bytes).
    Removing misc.o(.revsh_text), (4 bytes).
    Removing misc.o(.rrx_text), (6 bytes).
    Removing misc.o(i.NVIC_SetVectorTable), (20 bytes).
    Removing misc.o(i.NVIC_SystemLPConfig), (32 bytes).
    Removing stm32f4xx_gpio.o(.rev16_text), (4 bytes).
    Removing stm32f4xx_gpio.o(.revsh_text), (4 bytes).
    Removing stm32f4xx_gpio.o(.rrx_text), (6 bytes).
    Removing stm32f4xx_gpio.o(i.GPIO_DeInit), (312 bytes).
    Removing stm32f4xx_gpio.o(i.GPIO_PinLockConfig), (34 bytes).
    Removing stm32f4xx_gpio.o(i.GPIO_ReadInputData), (8 bytes).
    Removing stm32f4xx_gpio.o(i.GPIO_ReadInputDataBit), (18 bytes).
    Removing stm32f4xx_gpio.o(i.GPIO_ReadOutputData), (8 bytes).
    Removing stm32f4xx_gpio.o(i.GPIO_ReadOutputDataBit), (18 bytes).
    Removing stm32f4xx_gpio.o(i.GPIO_ResetBits), (4 bytes).
    Removing stm32f4xx_gpio.o(i.GPIO_SetBits), (4 bytes).
    Removing stm32f4xx_gpio.o(i.GPIO_StructInit), (18 bytes).
    Removing stm32f4xx_gpio.o(i.GPIO_ToggleBits), (8 bytes).
    Removing stm32f4xx_gpio.o(i.GPIO_Write), (4 bytes).
    Removing stm32f4xx_gpio.o(i.GPIO_WriteBit), (10 bytes).
    Removing stm32f4xx_rcc.o(.rev16_text), (4 bytes).
    Removing stm32f4xx_rcc.o(.revsh_text), (4 bytes).
    Removing stm32f4xx_rcc.o(.rrx_text), (6 bytes).
    Removing stm32f4xx_rcc.o(i.RCC_AHB1PeriphClockLPModeCmd), (32 bytes).
    Removing stm32f4xx_rcc.o(i.RCC_AHB1PeriphResetCmd), (32 bytes).
    Removing stm32f4xx_rcc.o(i.RCC_AHB2PeriphClockCmd), (32 bytes).
    Removing stm32f4xx_rcc.o(i.RCC_AHB2PeriphClockLPModeCmd), (32 bytes).
    Removing stm32f4xx_rcc.o(i.RCC_AHB2PeriphResetCmd), (32 bytes).
    Removing stm32f4xx_rcc.o(i.RCC_AHB3PeriphClockCmd), (32 bytes).
    Removing stm32f4xx_rcc.o(i.RCC_AHB3PeriphClockLPModeCmd), (32 bytes).
    Removing stm32f4xx_rcc.o(i.RCC_AHB3PeriphResetCmd), (32 bytes).
    Removing stm32f4xx_rcc.o(i.RCC_APB1PeriphClockLPModeCmd), (32 bytes).
    Removing stm32f4xx_rcc.o(i.RCC_APB1PeriphResetCmd), (32 bytes).
    Removing stm32f4xx_rcc.o(i.RCC_APB2PeriphClockLPModeCmd), (32 bytes).
    Removing stm32f4xx_rcc.o(i.RCC_APB2PeriphResetCmd), (32 bytes).
    Removing stm32f4xx_rcc.o(i.RCC_AdjustHSICalibrationValue), (24 bytes).
    Removing stm32f4xx_rcc.o(i.RCC_BackupResetCmd), (12 bytes).
    Removing stm32f4xx_rcc.o(i.RCC_ClearFlag), (20 bytes).
    Removing stm32f4xx_rcc.o(i.RCC_ClearITPendingBit), (12 bytes).
    Removing stm32f4xx_rcc.o(i.RCC_ClockSecuritySystemCmd), (12 bytes).
    Removing stm32f4xx_rcc.o(i.RCC_DeInit), (100 bytes).
    Removing stm32f4xx_rcc.o(i.RCC_GetFlagStatus), (64 bytes).
    Removing stm32f4xx_rcc.o(i.RCC_GetITStatus), (24 bytes).
    Removing stm32f4xx_rcc.o(i.RCC_GetSYSCLKSource), (16 bytes).
    Removing stm32f4xx_rcc.o(i.RCC_HCLKConfig), (24 bytes).
    Removing stm32f4xx_rcc.o(i.RCC_HSEConfig), (16 bytes).
    Removing stm32f4xx_rcc.o(i.RCC_HSICmd), (12 bytes).
    Removing stm32f4xx_rcc.o(i.RCC_I2SCLKConfig), (12 bytes).
    Removing stm32f4xx_rcc.o(i.RCC_ITConfig), (32 bytes).
    Removing stm32f4xx_rcc.o(i.RCC_LSEConfig), (44 bytes).
    Removing stm32f4xx_rcc.o(i.RCC_LSEModeConfig), (36 bytes).
    Removing stm32f4xx_rcc.o(i.RCC_LSICmd), (12 bytes).
    Removing stm32f4xx_rcc.o(i.RCC_LTDCCLKDivConfig), (24 bytes).
    Removing stm32f4xx_rcc.o(i.RCC_MCO1Config), (28 bytes).
    Removing stm32f4xx_rcc.o(i.RCC_MCO2Config), (28 bytes).
    Removing stm32f4xx_rcc.o(i.RCC_PCLK1Config), (24 bytes).
    Removing stm32f4xx_rcc.o(i.RCC_PCLK2Config), (24 bytes).
    Removing stm32f4xx_rcc.o(i.RCC_PLLCmd), (12 bytes).
    Removing stm32f4xx_rcc.o(i.RCC_PLLConfig), (36 bytes).
    Removing stm32f4xx_rcc.o(i.RCC_PLLI2SCmd), (12 bytes).
    Removing stm32f4xx_rcc.o(i.RCC_PLLI2SConfig), (16 bytes).
    Removing stm32f4xx_rcc.o(i.RCC_PLLSAICmd), (12 bytes).
    Removing stm32f4xx_rcc.o(i.RCC_PLLSAIConfig), (24 bytes).
    Removing stm32f4xx_rcc.o(i.RCC_RTCCLKCmd), (12 bytes).
    Removing stm32f4xx_rcc.o(i.RCC_RTCCLKConfig), (60 bytes).
    Removing stm32f4xx_rcc.o(i.RCC_SAIBlockACLKConfig), (24 bytes).
    Removing stm32f4xx_rcc.o(i.RCC_SAIBlockBCLKConfig), (24 bytes).
    Removing stm32f4xx_rcc.o(i.RCC_SAIPLLI2SClkDivConfig), (28 bytes).
    Removing stm32f4xx_rcc.o(i.RCC_SAIPLLSAIClkDivConfig), (28 bytes).
    Removing stm32f4xx_rcc.o(i.RCC_SYSCLKConfig), (24 bytes).
    Removing stm32f4xx_rcc.o(i.RCC_TIMCLKPresConfig), (12 bytes).
    Removing stm32f4xx_rcc.o(i.RCC_WaitForHSEStartUp), (56 bytes).
    Removing stm32f4xx_usart.o(.rev16_text), (4 bytes).
    Removing stm32f4xx_usart.o(.revsh_text), (4 bytes).
    Removing stm32f4xx_usart.o(.rrx_text), (6 bytes).
    Removing stm32f4xx_usart.o(i.USART_ClearFlag), (18 bytes).
    Removing stm32f4xx_usart.o(i.USART_ClockInit), (32 bytes).
    Removing stm32f4xx_usart.o(i.USART_ClockStructInit), (12 bytes).
    Removing stm32f4xx_usart.o(i.USART_DMACmd), (18 bytes).
    Removing stm32f4xx_usart.o(i.USART_DeInit), (240 bytes).
    Removing stm32f4xx_usart.o(i.USART_HalfDuplexCmd), (24 bytes).
    Removing stm32f4xx_usart.o(i.USART_IrDACmd), (24 bytes).
    Removing stm32f4xx_usart.o(i.USART_IrDAConfig), (18 bytes).
    Removing stm32f4xx_usart.o(i.USART_LINBreakDetectLengthConfig), (18 bytes).
    Removing stm32f4xx_usart.o(i.USART_LINCmd), (24 bytes).
    Removing stm32f4xx_usart.o(i.USART_OneBitMethodCmd), (24 bytes).
    Removing stm32f4xx_usart.o(i.USART_OverSampling8Cmd), (22 bytes).
    Removing stm32f4xx_usart.o(i.USART_ReceiverWakeUpCmd), (24 bytes).
    Removing stm32f4xx_usart.o(i.USART_SendBreak), (10 bytes).
    Removing stm32f4xx_usart.o(i.USART_SetAddress), (18 bytes).
    Removing stm32f4xx_usart.o(i.USART_SetGuardTime), (16 bytes).
    Removing stm32f4xx_usart.o(i.USART_SetPrescaler), (16 bytes).
    Removing stm32f4xx_usart.o(i.USART_SmartCardCmd), (24 bytes).
    Removing stm32f4xx_usart.o(i.USART_SmartCardNACKCmd), (24 bytes).
    Removing stm32f4xx_usart.o(i.USART_StructInit), (24 bytes).
    Removing stm32f4xx_usart.o(i.USART_WakeUpConfig), (18 bytes).
    Removing stm32f4xx_tim.o(.rev16_text), (4 bytes).
    Removing stm32f4xx_tim.o(.revsh_text), (4 bytes).
    Removing stm32f4xx_tim.o(.rrx_text), (6 bytes).
    Removing stm32f4xx_tim.o(i.TI1_Config), (58 bytes).
    Removing stm32f4xx_tim.o(i.TI2_Config), (80 bytes).
    Removing stm32f4xx_tim.o(i.TI3_Config), (72 bytes).
    Removing stm32f4xx_tim.o(i.TI4_Config), (80 bytes).
    Removing stm32f4xx_tim.o(i.TIM_BDTRConfig), (32 bytes).
    Removing stm32f4xx_tim.o(i.TIM_BDTRStructInit), (18 bytes).
    Removing stm32f4xx_tim.o(i.TIM_CCPreloadControl), (24 bytes).
    Removing stm32f4xx_tim.o(i.TIM_CCxCmd), (30 bytes).
    Removing stm32f4xx_tim.o(i.TIM_CCxNCmd), (30 bytes).
    Removing stm32f4xx_tim.o(i.TIM_ClearFlag), (6 bytes).
    Removing stm32f4xx_tim.o(i.TIM_ClearITPendingBit), (6 bytes).
    Removing stm32f4xx_tim.o(i.TIM_ClearOC1Ref), (18 bytes).
    Removing stm32f4xx_tim.o(i.TIM_ClearOC2Ref), (24 bytes).
    Removing stm32f4xx_tim.o(i.TIM_ClearOC3Ref), (18 bytes).
    Removing stm32f4xx_tim.o(i.TIM_ClearOC4Ref), (24 bytes).
    Removing stm32f4xx_tim.o(i.TIM_CounterModeConfig), (18 bytes).
    Removing stm32f4xx_tim.o(i.TIM_CtrlPWMOutputs), (30 bytes).
    Removing stm32f4xx_tim.o(i.TIM_DMACmd), (18 bytes).
    Removing stm32f4xx_tim.o(i.TIM_DMAConfig), (10 bytes).
    Removing stm32f4xx_tim.o(i.TIM_DeInit), (400 bytes).
    Removing stm32f4xx_tim.o(i.TIM_ETRClockMode1Config), (54 bytes).
    Removing stm32f4xx_tim.o(i.TIM_ETRClockMode2Config), (32 bytes).
    Removing stm32f4xx_tim.o(i.TIM_ETRConfig), (28 bytes).
    Removing stm32f4xx_tim.o(i.TIM_EncoderInterfaceConfig), (66 bytes).
    Removing stm32f4xx_tim.o(i.TIM_ForcedOC1Config), (18 bytes).
    Removing stm32f4xx_tim.o(i.TIM_ForcedOC2Config), (26 bytes).
    Removing stm32f4xx_tim.o(i.TIM_ForcedOC3Config), (18 bytes).
    Removing stm32f4xx_tim.o(i.TIM_ForcedOC4Config), (26 bytes).
    Removing stm32f4xx_tim.o(i.TIM_GenerateEvent), (4 bytes).
    Removing stm32f4xx_tim.o(i.TIM_GetCapture1), (6 bytes).
    Removing stm32f4xx_tim.o(i.TIM_GetCapture2), (6 bytes).
    Removing stm32f4xx_tim.o(i.TIM_GetCapture3), (6 bytes).
    Removing stm32f4xx_tim.o(i.TIM_GetCapture4), (6 bytes).
    Removing stm32f4xx_tim.o(i.TIM_GetCounter), (6 bytes).
    Removing stm32f4xx_tim.o(i.TIM_GetFlagStatus), (18 bytes).
    Removing stm32f4xx_tim.o(i.TIM_GetITStatus), (34 bytes).
    Removing stm32f4xx_tim.o(i.TIM_GetPrescaler), (6 bytes).
    Removing stm32f4xx_tim.o(i.TIM_ICInit), (110 bytes).
    Removing stm32f4xx_tim.o(i.TIM_ICStructInit), (18 bytes).
    Removing stm32f4xx_tim.o(i.TIM_ITConfig), (18 bytes).
    Removing stm32f4xx_tim.o(i.TIM_ITRxExternalClockConfig), (24 bytes).
    Removing stm32f4xx_tim.o(i.TIM_InternalClockConfig), (12 bytes).
    Removing stm32f4xx_tim.o(i.TIM_OC1FastConfig), (18 bytes).
    Removing stm32f4xx_tim.o(i.TIM_OC1NPolarityConfig), (18 bytes).
    Removing stm32f4xx_tim.o(i.TIM_OC1PolarityConfig), (18 bytes).
    Removing stm32f4xx_tim.o(i.TIM_OC2FastConfig), (26 bytes).
    Removing stm32f4xx_tim.o(i.TIM_OC2NPolarityConfig), (26 bytes).
    Removing stm32f4xx_tim.o(i.TIM_OC2PolarityConfig), (26 bytes).
    Removing stm32f4xx_tim.o(i.TIM_OC3FastConfig), (18 bytes).
    Removing stm32f4xx_tim.o(i.TIM_OC3NPolarityConfig), (26 bytes).
    Removing stm32f4xx_tim.o(i.TIM_OC3PolarityConfig), (26 bytes).
    Removing stm32f4xx_tim.o(i.TIM_OC4FastConfig), (26 bytes).
    Removing stm32f4xx_tim.o(i.TIM_OC4Init), (120 bytes).
    Removing stm32f4xx_tim.o(i.TIM_OC4PolarityConfig), (26 bytes).
    Removing stm32f4xx_tim.o(i.TIM_OC4PreloadConfig), (26 bytes).
    Removing stm32f4xx_tim.o(i.TIM_OCStructInit), (20 bytes).
    Removing stm32f4xx_tim.o(i.TIM_PWMIConfig), (124 bytes).
    Removing stm32f4xx_tim.o(i.TIM_PrescalerConfig), (6 bytes).
    Removing stm32f4xx_tim.o(i.TIM_RemapConfig), (6 bytes).
    Removing stm32f4xx_tim.o(i.TIM_SelectCCDMA), (24 bytes).
    Removing stm32f4xx_tim.o(i.TIM_SelectCOM), (24 bytes).
    Removing stm32f4xx_tim.o(i.TIM_SelectHallSensor), (24 bytes).
    Removing stm32f4xx_tim.o(i.TIM_SelectInputTrigger), (18 bytes).
    Removing stm32f4xx_tim.o(i.TIM_SelectMasterSlaveMode), (18 bytes).
    Removing stm32f4xx_tim.o(i.TIM_SelectOCxM), (86 bytes).
    Removing stm32f4xx_tim.o(i.TIM_SelectOnePulseMode), (18 bytes).
    Removing stm32f4xx_tim.o(i.TIM_SelectOutputTrigger), (18 bytes).
    Removing stm32f4xx_tim.o(i.TIM_SelectSlaveMode), (18 bytes).
    Removing stm32f4xx_tim.o(i.TIM_SetAutoreload), (4 bytes).
    Removing stm32f4xx_tim.o(i.TIM_SetClockDivision), (18 bytes).
    Removing stm32f4xx_tim.o(i.TIM_SetCompare4), (4 bytes).
    Removing stm32f4xx_tim.o(i.TIM_SetCounter), (4 bytes).
    Removing stm32f4xx_tim.o(i.TIM_SetIC1Prescaler), (18 bytes).
    Removing stm32f4xx_tim.o(i.TIM_SetIC2Prescaler), (26 bytes).
    Removing stm32f4xx_tim.o(i.TIM_SetIC3Prescaler), (18 bytes).
    Removing stm32f4xx_tim.o(i.TIM_SetIC4Prescaler), (26 bytes).
    Removing stm32f4xx_tim.o(i.TIM_TIxExternalClockConfig), (62 bytes).
    Removing stm32f4xx_tim.o(i.TIM_TimeBaseStructInit), (18 bytes).
    Removing stm32f4xx_tim.o(i.TIM_UpdateDisableConfig), (24 bytes).
    Removing stm32f4xx_tim.o(i.TIM_UpdateRequestConfig), (24 bytes).
    Removing stm32f4xx_i2c.o(.rev16_text), (4 bytes).
    Removing stm32f4xx_i2c.o(.revsh_text), (4 bytes).
    Removing stm32f4xx_i2c.o(.rrx_text), (6 bytes).
    Removing stm32f4xx_i2c.o(i.I2C_ARPCmd), (24 bytes).
    Removing stm32f4xx_i2c.o(i.I2C_AcknowledgeConfig), (24 bytes).
    Removing stm32f4xx_i2c.o(i.I2C_AnalogFilterCmd), (24 bytes).
    Removing stm32f4xx_i2c.o(i.I2C_CalculatePEC), (24 bytes).
    Removing stm32f4xx_i2c.o(i.I2C_CheckEvent), (42 bytes).
    Removing stm32f4xx_i2c.o(i.I2C_ClearFlag), (12 bytes).
    Removing stm32f4xx_i2c.o(i.I2C_ClearITPendingBit), (12 bytes).
    Removing stm32f4xx_i2c.o(i.I2C_Cmd), (24 bytes).
    Removing stm32f4xx_i2c.o(i.I2C_DMACmd), (24 bytes).
    Removing stm32f4xx_i2c.o(i.I2C_DMALastTransferCmd), (24 bytes).
    Removing stm32f4xx_i2c.o(i.I2C_DeInit), (96 bytes).
    Removing stm32f4xx_i2c.o(i.I2C_DigitalFilterConfig), (22 bytes).
    Removing stm32f4xx_i2c.o(i.I2C_DualAddressCmd), (24 bytes).
    Removing stm32f4xx_i2c.o(i.I2C_FastModeDutyCycleConfig), (28 bytes).
    Removing stm32f4xx_i2c.o(i.I2C_GeneralCallCmd), (24 bytes).
    Removing stm32f4xx_i2c.o(i.I2C_GenerateSTART), (24 bytes).
    Removing stm32f4xx_i2c.o(i.I2C_GenerateSTOP), (24 bytes).
    Removing stm32f4xx_i2c.o(i.I2C_GetFlagStatus), (58 bytes).
    Removing stm32f4xx_i2c.o(i.I2C_GetITStatus), (38 bytes).
    Removing stm32f4xx_i2c.o(i.I2C_GetLastEvent), (26 bytes).
    Removing stm32f4xx_i2c.o(i.I2C_GetPEC), (8 bytes).
    Removing stm32f4xx_i2c.o(i.I2C_ITConfig), (18 bytes).
    Removing stm32f4xx_i2c.o(i.I2C_Init), (232 bytes).
    Removing stm32f4xx_i2c.o(i.I2C_NACKPositionConfig), (28 bytes).
    Removing stm32f4xx_i2c.o(i.I2C_OwnAddress2Config), (22 bytes).
    Removing stm32f4xx_i2c.o(i.I2C_PECPositionConfig), (28 bytes).
    Removing stm32f4xx_i2c.o(i.I2C_ReadRegister), (22 bytes).
    Removing stm32f4xx_i2c.o(i.I2C_ReceiveData), (8 bytes).
    Removing stm32f4xx_i2c.o(i.I2C_SMBusAlertConfig), (28 bytes).
    Removing stm32f4xx_i2c.o(i.I2C_Send7bitAddress), (16 bytes).
    Removing stm32f4xx_i2c.o(i.I2C_SendData), (4 bytes).
    Removing stm32f4xx_i2c.o(i.I2C_SoftwareResetCmd), (22 bytes).
    Removing stm32f4xx_i2c.o(i.I2C_StretchClockCmd), (24 bytes).
    Removing stm32f4xx_i2c.o(i.I2C_StructInit), (30 bytes).
    Removing stm32f4xx_i2c.o(i.I2C_TransmitPEC), (24 bytes).
    Removing stm32f4xx_syscfg.o(.rev16_text), (4 bytes).
    Removing stm32f4xx_syscfg.o(.revsh_text), (4 bytes).
    Removing stm32f4xx_syscfg.o(.rrx_text), (6 bytes).
    Removing stm32f4xx_syscfg.o(i.SYSCFG_CompensationCellCmd), (12 bytes).
    Removing stm32f4xx_syscfg.o(i.SYSCFG_DeInit), (22 bytes).
    Removing stm32f4xx_syscfg.o(i.SYSCFG_ETH_MediaInterfaceConfig), (12 bytes).
    Removing stm32f4xx_syscfg.o(i.SYSCFG_EXTILineConfig), (64 bytes).
    Removing stm32f4xx_syscfg.o(i.SYSCFG_GetCompensationCellStatus), (24 bytes).
    Removing stm32f4xx_syscfg.o(i.SYSCFG_MemoryRemapConfig), (12 bytes).
    Removing stm32f4xx_syscfg.o(i.SYSCFG_MemorySwappingBank), (12 bytes).
    Removing stm32f4xx_exti.o(.rev16_text), (4 bytes).
    Removing stm32f4xx_exti.o(.revsh_text), (4 bytes).
    Removing stm32f4xx_exti.o(.rrx_text), (6 bytes).
    Removing stm32f4xx_exti.o(i.EXTI_ClearFlag), (12 bytes).
    Removing stm32f4xx_exti.o(i.EXTI_ClearITPendingBit), (12 bytes).
    Removing stm32f4xx_exti.o(i.EXTI_DeInit), (36 bytes).
    Removing stm32f4xx_exti.o(i.EXTI_GenerateSWInterrupt), (16 bytes).
    Removing stm32f4xx_exti.o(i.EXTI_GetFlagStatus), (24 bytes).
    Removing stm32f4xx_exti.o(i.EXTI_GetITStatus), (24 bytes).
    Removing stm32f4xx_exti.o(i.EXTI_Init), (148 bytes).
    Removing stm32f4xx_exti.o(i.EXTI_StructInit), (16 bytes).
    Removing stm32f4xx_adc.o(.rev16_text), (4 bytes).
    Removing stm32f4xx_adc.o(.revsh_text), (4 bytes).
    Removing stm32f4xx_adc.o(.rrx_text), (6 bytes).
    Removing stm32f4xx_adc.o(i.ADC_AnalogWatchdogCmd), (20 bytes).
    Removing stm32f4xx_adc.o(i.ADC_AnalogWatchdogSingleChannelConfig), (16 bytes).
    Removing stm32f4xx_adc.o(i.ADC_AnalogWatchdogThresholdsConfig), (6 bytes).
    Removing stm32f4xx_adc.o(i.ADC_AutoInjectedConvCmd), (22 bytes).
    Removing stm32f4xx_adc.o(i.ADC_ClearFlag), (6 bytes).
    Removing stm32f4xx_adc.o(i.ADC_Cmd), (22 bytes).
    Removing stm32f4xx_adc.o(i.ADC_CommonInit), (48 bytes).
    Removing stm32f4xx_adc.o(i.ADC_CommonStructInit), (12 bytes).
    Removing stm32f4xx_adc.o(i.ADC_ContinuousModeCmd), (22 bytes).
    Removing stm32f4xx_adc.o(i.ADC_DMACmd), (22 bytes).
    Removing stm32f4xx_adc.o(i.ADC_DMARequestAfterLastTransferCmd), (22 bytes).
    Removing stm32f4xx_adc.o(i.ADC_DeInit), (22 bytes).
    Removing stm32f4xx_adc.o(i.ADC_DiscModeChannelCountConfig), (24 bytes).
    Removing stm32f4xx_adc.o(i.ADC_DiscModeCmd), (22 bytes).
    Removing stm32f4xx_adc.o(i.ADC_EOCOnEachRegularChannelCmd), (22 bytes).
    Removing stm32f4xx_adc.o(i.ADC_ExternalTrigInjectedConvConfig), (16 bytes).
    Removing stm32f4xx_adc.o(i.ADC_ExternalTrigInjectedConvEdgeConfig), (16 bytes).
    Removing stm32f4xx_adc.o(i.ADC_GetITStatus), (38 bytes).
    Removing stm32f4xx_adc.o(i.ADC_GetInjectedConversionValue), (28 bytes).
    Removing stm32f4xx_adc.o(i.ADC_GetMultiModeConversionValue), (12 bytes).
    Removing stm32f4xx_adc.o(i.ADC_GetSoftwareStartConvStatus), (20 bytes).
    Removing stm32f4xx_adc.o(i.ADC_GetSoftwareStartInjectedConvCmdStatus), (20 bytes).
    Removing stm32f4xx_adc.o(i.ADC_ITConfig), (32 bytes).
    Removing stm32f4xx_adc.o(i.ADC_Init), (84 bytes).
    Removing stm32f4xx_adc.o(i.ADC_InjectedChannelConfig), (130 bytes).
    Removing stm32f4xx_adc.o(i.ADC_InjectedDiscModeCmd), (22 bytes).
    Removing stm32f4xx_adc.o(i.ADC_InjectedSequencerLengthConfig), (24 bytes).
    Removing stm32f4xx_adc.o(i.ADC_MultiModeDMARequestAfterLastTransferCmd), (44 bytes).
    Removing stm32f4xx_adc.o(i.ADC_RegularChannelConfig), (184 bytes).
    Removing stm32f4xx_adc.o(i.ADC_SetInjectedOffset), (20 bytes).
    Removing stm32f4xx_adc.o(i.ADC_SoftwareStartConv), (10 bytes).
    Removing stm32f4xx_adc.o(i.ADC_SoftwareStartInjectedConv), (10 bytes).
    Removing stm32f4xx_adc.o(i.ADC_StructInit), (20 bytes).
    Removing stm32f4xx_adc.o(i.ADC_TempSensorVrefintCmd), (44 bytes).
    Removing stm32f4xx_adc.o(i.ADC_VBATCmd), (44 bytes).
    Removing led.o(.rev16_text), (4 bytes).
    Removing led.o(.revsh_text), (4 bytes).
    Removing led.o(.rrx_text), (6 bytes).
    Removing led.o(i.LED_GPIO_Init), (60 bytes).
    Removing led.o(i.LED_Initialization), (8 bytes).
    Removing led.o(i.LED_Off), (20 bytes).
    Removing led.o(i.LED_On), (20 bytes).
    Removing key.o(.rev16_text), (4 bytes).
    Removing key.o(.revsh_text), (4 bytes).
    Removing key.o(.rrx_text), (6 bytes).
    Removing key.o(i.KEY_GPIO_Init), (52 bytes).
    Removing key.o(i.KEY_Initialization), (8 bytes).
    Removing key.o(i.KEY_Scan), (76 bytes).
    Removing key.o(.data), (1 bytes).
    Removing systick.o(.rev16_text), (4 bytes).
    Removing systick.o(.revsh_text), (4 bytes).
    Removing systick.o(.rrx_text), (6 bytes).
    Removing systick.o(i.Delay_Us), (72 bytes).
    Removing i2c.o(.rev16_text), (4 bytes).
    Removing i2c.o(.revsh_text), (4 bytes).
    Removing i2c.o(.rrx_text), (6 bytes).
    Removing i2c.o(i.I2C_Ack), (80 bytes).
    Removing i2c.o(i.I2C_GPIO_Init), (120 bytes).
    Removing i2c.o(i.I2C_Initialization), (8 bytes).
    Removing i2c.o(i.I2C_NAck), (80 bytes).
    Removing i2c.o(i.I2C_ReceiveByte), (116 bytes).
    Removing i2c.o(i.I2C_Start), (80 bytes).
    Removing i2c.o(i.I2C_Stop), (80 bytes).
    Removing i2c.o(i.I2C_TransmitByte), (136 bytes).
    Removing i2c.o(i.I2C_WaitAck), (132 bytes).
    Removing usart1.o(.rev16_text), (4 bytes).
    Removing usart1.o(.revsh_text), (4 bytes).
    Removing usart1.o(.rrx_text), (6 bytes).
    Removing usart1.o(i.Usart1_SendNumber), (196 bytes).
    Removing adc.o(.rev16_text), (4 bytes).
    Removing adc.o(.revsh_text), (4 bytes).
    Removing adc.o(.rrx_text), (6 bytes).
    Removing adc.o(i.ADC_Config), (116 bytes).
    Removing adc.o(i.ADC_GPIO_Init), (52 bytes).
    Removing adc.o(i.ADC_Initialization), (16 bytes).
    Removing adc.o(i.ADC_NVIC_Config), (38 bytes).
    Removing pwm1.o(.rev16_text), (4 bytes).
    Removing pwm1.o(.revsh_text), (4 bytes).
    Removing pwm1.o(.rrx_text), (6 bytes).
    Removing pwm2.o(.rev16_text), (4 bytes).
    Removing pwm2.o(.revsh_text), (4 bytes).
    Removing pwm2.o(.rrx_text), (6 bytes).
    Removing pwm3.o(.rev16_text), (4 bytes).
    Removing pwm3.o(.revsh_text), (4 bytes).
    Removing pwm3.o(.rrx_text), (6 bytes).
    Removing pwm4.o(.rev16_text), (4 bytes).
    Removing pwm4.o(.revsh_text), (4 bytes).
    Removing pwm4.o(.rrx_text), (6 bytes).
    Removing pwm5.o(.rev16_text), (4 bytes).
    Removing pwm5.o(.revsh_text), (4 bytes).
    Removing pwm5.o(.rrx_text), (6 bytes).
    Removing pwm6.o(.rev16_text), (4 bytes).
    Removing pwm6.o(.revsh_text), (4 bytes).
    Removing pwm6.o(.rrx_text), (6 bytes).
    Removing pwm7.o(.rev16_text), (4 bytes).
    Removing pwm7.o(.revsh_text), (4 bytes).
    Removing pwm7.o(.rrx_text), (6 bytes).
    Removing pwm8.o(.rev16_text), (4 bytes).
    Removing pwm8.o(.revsh_text), (4 bytes).
    Removing pwm8.o(.rrx_text), (6 bytes).
    Removing motor.o(.rev16_text), (4 bytes).
    Removing motor.o(.revsh_text), (4 bytes).
    Removing motor.o(.rrx_text), (6 bytes).
    Removing robot.o(.rev16_text), (4 bytes).
    Removing robot.o(.revsh_text), (4 bytes).
    Removing robot.o(.rrx_text), (6 bytes).
    Removing robot.o(i.Robot_Initialization), (8 bytes).
    Removing robotctrl.o(.rev16_text), (4 bytes).
    Removing robotctrl.o(.revsh_text), (4 bytes).
    Removing robotctrl.o(.rrx_text), (6 bytes).

362 unused section(s) (total 10467 bytes) removed from the image.

==============================================================================

Image Symbol Table

    Local Symbols

    Symbol Name                              Value     Ov Type        Size  Object(Section)

    ../clib/microlib/init/entry.s            0x00000000   Number         0  entry8a.o ABSOLUTE
    ../clib/microlib/init/entry.s            0x00000000   Number         0  entry.o ABSOLUTE
    ../clib/microlib/init/entry.s            0x00000000   Number         0  entry10a.o ABSOLUTE
    ../clib/microlib/init/entry.s            0x00000000   Number         0  entry2.o ABSOLUTE
    ../clib/microlib/init/entry.s            0x00000000   Number         0  entry9b.o ABSOLUTE
    ../clib/microlib/init/entry.s            0x00000000   Number         0  entry11b.o ABSOLUTE
    ../clib/microlib/init/entry.s            0x00000000   Number         0  entry9a.o ABSOLUTE
    ../clib/microlib/init/entry.s            0x00000000   Number         0  entry11a.o ABSOLUTE
    ../clib/microlib/init/entry.s            0x00000000   Number         0  entry10b.o ABSOLUTE
    ../clib/microlib/init/entry.s            0x00000000   Number         0  entry8b.o ABSOLUTE
    ../clib/microlib/init/entry.s            0x00000000   Number         0  entry7b.o ABSOLUTE
    ../clib/microlib/init/entry.s            0x00000000   Number         0  entry7a.o ABSOLUTE
    ../clib/microlib/init/entry.s            0x00000000   Number         0  entry5.o ABSOLUTE
    ../clib/microlib/string/memset.c         0x00000000   Number         0  memseta.o ABSOLUTE
    ..\CORE\startup_stm32f40_41xxx.s         0x00000000   Number         0  startup_stm32f40_41xxx.o ABSOLUTE
    ..\FWLIB\src\misc.c                      0x00000000   Number         0  misc.o ABSOLUTE
    ..\FWLIB\src\stm32f4xx_adc.c             0x00000000   Number         0  stm32f4xx_adc.o ABSOLUTE
    ..\FWLIB\src\stm32f4xx_exti.c            0x00000000   Number         0  stm32f4xx_exti.o ABSOLUTE
    ..\FWLIB\src\stm32f4xx_gpio.c            0x00000000   Number         0  stm32f4xx_gpio.o ABSOLUTE
    ..\FWLIB\src\stm32f4xx_i2c.c             0x00000000   Number         0  stm32f4xx_i2c.o ABSOLUTE
    ..\FWLIB\src\stm32f4xx_rcc.c             0x00000000   Number         0  stm32f4xx_rcc.o ABSOLUTE
    ..\FWLIB\src\stm32f4xx_syscfg.c          0x00000000   Number         0  stm32f4xx_syscfg.o ABSOLUTE
    ..\FWLIB\src\stm32f4xx_tim.c             0x00000000   Number         0  stm32f4xx_tim.o ABSOLUTE
    ..\FWLIB\src\stm32f4xx_usart.c           0x00000000   Number         0  stm32f4xx_usart.o ABSOLUTE
    ..\HARDWARE\ADC\adc.c                    0x00000000   Number         0  adc.o ABSOLUTE
    ..\HARDWARE\CUBE\motor.c                 0x00000000   Number         0  motor.o ABSOLUTE
    ..\HARDWARE\CUBE\pwm1.c                  0x00000000   Number         0  pwm1.o ABSOLUTE
    ..\HARDWARE\CUBE\pwm2.c                  0x00000000   Number         0  pwm2.o ABSOLUTE
    ..\HARDWARE\CUBE\pwm3.c                  0x00000000   Number         0  pwm3.o ABSOLUTE
    ..\HARDWARE\CUBE\pwm4.c                  0x00000000   Number         0  pwm4.o ABSOLUTE
    ..\HARDWARE\CUBE\pwm5.c                  0x00000000   Number         0  pwm5.o ABSOLUTE
    ..\HARDWARE\CUBE\pwm6.c                  0x00000000   Number         0  pwm6.o ABSOLUTE
    ..\HARDWARE\CUBE\pwm7.c                  0x00000000   Number         0  pwm7.o ABSOLUTE
    ..\HARDWARE\CUBE\pwm8.c                  0x00000000   Number         0  pwm8.o ABSOLUTE
    ..\HARDWARE\I2C\i2c.c                    0x00000000   Number         0  i2c.o ABSOLUTE
    ..\HARDWARE\KEY\key.c                    0x00000000   Number         0  key.o ABSOLUTE
    ..\HARDWARE\LED\led.c                    0x00000000   Number         0  led.o ABSOLUTE
    ..\HARDWARE\ROBOT\robot.c                0x00000000   Number         0  robot.o ABSOLUTE
    ..\HARDWARE\ROBOT\robotctrl.c            0x00000000   Number         0  robotctrl.o ABSOLUTE
    ..\HARDWARE\SYSTICK\systick.c            0x00000000   Number         0  systick.o ABSOLUTE
    ..\HARDWARE\USART\usart1.c               0x00000000   Number         0  usart1.o ABSOLUTE
    ..\\FWLIB\\src\\misc.c                   0x00000000   Number         0  misc.o ABSOLUTE
    ..\\FWLIB\\src\\stm32f4xx_adc.c          0x00000000   Number         0  stm32f4xx_adc.o ABSOLUTE
    ..\\FWLIB\\src\\stm32f4xx_exti.c         0x00000000   Number         0  stm32f4xx_exti.o ABSOLUTE
    ..\\FWLIB\\src\\stm32f4xx_gpio.c         0x00000000   Number         0  stm32f4xx_gpio.o ABSOLUTE
    ..\\FWLIB\\src\\stm32f4xx_i2c.c          0x00000000   Number         0  stm32f4xx_i2c.o ABSOLUTE
    ..\\FWLIB\\src\\stm32f4xx_rcc.c          0x00000000   Number         0  stm32f4xx_rcc.o ABSOLUTE
    ..\\FWLIB\\src\\stm32f4xx_syscfg.c       0x00000000   Number         0  stm32f4xx_syscfg.o ABSOLUTE
    ..\\FWLIB\\src\\stm32f4xx_tim.c          0x00000000   Number         0  stm32f4xx_tim.o ABSOLUTE
    ..\\FWLIB\\src\\stm32f4xx_usart.c        0x00000000   Number         0  stm32f4xx_usart.o ABSOLUTE
    ..\\HARDWARE\\ADC\\adc.c                 0x00000000   Number         0  adc.o ABSOLUTE
    ..\\HARDWARE\\CUBE\\motor.c              0x00000000   Number         0  motor.o ABSOLUTE
    ..\\HARDWARE\\CUBE\\pwm1.c               0x00000000   Number         0  pwm1.o ABSOLUTE
    ..\\HARDWARE\\CUBE\\pwm2.c               0x00000000   Number         0  pwm2.o ABSOLUTE
    ..\\HARDWARE\\CUBE\\pwm3.c               0x00000000   Number         0  pwm3.o ABSOLUTE
    ..\\HARDWARE\\CUBE\\pwm4.c               0x00000000   Number         0  pwm4.o ABSOLUTE
    ..\\HARDWARE\\CUBE\\pwm5.c               0x00000000   Number         0  pwm5.o ABSOLUTE
    ..\\HARDWARE\\CUBE\\pwm6.c               0x00000000   Number         0  pwm6.o ABSOLUTE
    ..\\HARDWARE\\CUBE\\pwm7.c               0x00000000   Number         0  pwm7.o ABSOLUTE
    ..\\HARDWARE\\CUBE\\pwm8.c               0x00000000   Number         0  pwm8.o ABSOLUTE
    ..\\HARDWARE\\I2C\\i2c.c                 0x00000000   Number         0  i2c.o ABSOLUTE
    ..\\HARDWARE\\KEY\\key.c                 0x00000000   Number         0  key.o ABSOLUTE
    ..\\HARDWARE\\LED\\led.c                 0x00000000   Number         0  led.o ABSOLUTE
    ..\\HARDWARE\\ROBOT\\robot.c             0x00000000   Number         0  robot.o ABSOLUTE
    ..\\HARDWARE\\ROBOT\\robotctrl.c         0x00000000   Number         0  robotctrl.o ABSOLUTE
    ..\\HARDWARE\\SYSTICK\\systick.c         0x00000000   Number         0  systick.o ABSOLUTE
    ..\\HARDWARE\\USART\\usart1.c            0x00000000   Number         0  usart1.o ABSOLUTE
    dc.s                                     0x00000000   Number         0  dc.o ABSOLUTE
    handlers.s                               0x00000000   Number         0  handlers.o ABSOLUTE
    init.s                                   0x00000000   Number         0  init.o ABSOLUTE
    main.c                                   0x00000000   Number         0  main.o ABSOLUTE
    main.c                                   0x00000000   Number         0  main.o ABSOLUTE
    stm32f4xx_it.c                           0x00000000   Number         0  stm32f4xx_it.o ABSOLUTE
    stm32f4xx_it.c                           0x00000000   Number         0  stm32f4xx_it.o ABSOLUTE
    system_stm32f4xx.c                       0x00000000   Number         0  system_stm32f4xx.o ABSOLUTE
    system_stm32f4xx.c                       0x00000000   Number         0  system_stm32f4xx.o ABSOLUTE
    RESET                                    0x08000000   Section      392  startup_stm32f40_41xxx.o(RESET)
    .ARM.Collect$$$$00000000                 0x08000188   Section        0  entry.o(.ARM.Collect$$$$00000000)
    .ARM.Collect$$$$00000001                 0x08000188   Section        4  entry2.o(.ARM.Collect$$$$00000001)
    .ARM.Collect$$$$00000004                 0x0800018c   Section        4  entry5.o(.ARM.Collect$$$$00000004)
    .ARM.Collect$$$$00000008                 0x08000190   Section        0  entry7b.o(.ARM.Collect$$$$00000008)
    .ARM.Collect$$$$0000000A                 0x08000190   Section        0  entry8b.o(.ARM.Collect$$$$0000000A)
    .ARM.Collect$$$$0000000B                 0x08000190   Section        8  entry9a.o(.ARM.Collect$$$$0000000B)
    .ARM.Collect$$$$0000000D                 0x08000198   Section        0  entry10a.o(.ARM.Collect$$$$0000000D)
    .ARM.Collect$$$$0000000F                 0x08000198   Section        0  entry11a.o(.ARM.Collect$$$$0000000F)
    .ARM.Collect$$$$00002712                 0x08000198   Section        4  entry2.o(.ARM.Collect$$$$00002712)
    __lit__00000000                          0x08000198   Data           4  entry2.o(.ARM.Collect$$$$00002712)
    .text                                    0x0800019c   Section       36  startup_stm32f40_41xxx.o(.text)
    $v0                                      0x0800019c   Number         0  startup_stm32f40_41xxx.o(.text)
    .text                                    0x080001c0   Section        0  memseta.o(.text)
    .text                                    0x080001e4   Section       36  init.o(.text)
    i.ADC_ClearITPendingBit                  0x08000208   Section        0  stm32f4xx_adc.o(i.ADC_ClearITPendingBit)
    i.ADC_GetConversionValue                 0x08000212   Section        0  stm32f4xx_adc.o(i.ADC_GetConversionValue)
    i.ADC_GetFlagStatus                      0x0800021a   Section        0  stm32f4xx_adc.o(i.ADC_GetFlagStatus)
    i.ADC_IRQHandler                         0x0800022c   Section        0  adc.o(i.ADC_IRQHandler)
    i.BusFault_Handler                       0x08000260   Section        0  stm32f4xx_it.o(i.BusFault_Handler)
    i.DebugMon_Handler                       0x08000264   Section        0  stm32f4xx_it.o(i.DebugMon_Handler)
    i.Delay_Ms                               0x08000268   Section        0  systick.o(i.Delay_Ms)
    i.GPIO_Init                              0x08000300   Section        0  stm32f4xx_gpio.o(i.GPIO_Init)
    i.GPIO_PinAFConfig                       0x08000390   Section        0  stm32f4xx_gpio.o(i.GPIO_PinAFConfig)
    i.HardFault_Handler                      0x080003d6   Section        0  stm32f4xx_it.o(i.HardFault_Handler)
    i.MemManage_Handler                      0x080003da   Section        0  stm32f4xx_it.o(i.MemManage_Handler)
    i.Motor_B1_Turn                          0x080003de   Section        0  motor.o(i.Motor_B1_Turn)
    i.Motor_B2_Turn                          0x080003ea   Section        0  motor.o(i.Motor_B2_Turn)
    i.Motor_F1_Turn                          0x080003f6   Section        0  motor.o(i.Motor_F1_Turn)
    i.Motor_F2_Turn                          0x08000402   Section        0  motor.o(i.Motor_F2_Turn)
    i.Motor_Init                             0x0800040e   Section        0  motor.o(i.Motor_Init)
    i.Motor_Initialization                   0x08000432   Section        0  motor.o(i.Motor_Initialization)
    i.Motor_L1_Turn                          0x0800043e   Section        0  motor.o(i.Motor_L1_Turn)
    i.Motor_L2_Turn                          0x0800044a   Section        0  motor.o(i.Motor_L2_Turn)
    i.Motor_R1_Turn                          0x08000456   Section        0  motor.o(i.Motor_R1_Turn)
    i.Motor_R2_Turn                          0x08000462   Section        0  motor.o(i.Motor_R2_Turn)
    i.Motor_ctrl                             0x0800046e   Section        0  motor.o(i.Motor_ctrl)
    i.Motor_reset                            0x080004aa   Section        0  motor.o(i.Motor_reset)
    i.NMI_Handler                            0x080004ee   Section        0  stm32f4xx_it.o(i.NMI_Handler)
    i.NVIC_Init                              0x080004f0   Section        0  misc.o(i.NVIC_Init)
    i.NVIC_PriorityGroupConfig               0x08000568   Section        0  misc.o(i.NVIC_PriorityGroupConfig)
    i.PWM1_Ctrl                              0x0800057c   Section        0  pwm1.o(i.PWM1_Ctrl)
    i.PWM1_GPIO_Init                         0x08000598   Section        0  pwm1.o(i.PWM1_GPIO_Init)
    i.PWM1_Initialization                    0x080005d8   Section        0  pwm1.o(i.PWM1_Initialization)
    i.PWM1_SetScale                          0x080005e4   Section        0  pwm1.o(i.PWM1_SetScale)
    i.PWM1_TIM_Init                          0x080005f4   Section        0  pwm1.o(i.PWM1_TIM_Init)
    i.PWM2_Ctrl                              0x08000654   Section        0  pwm2.o(i.PWM2_Ctrl)
    i.PWM2_GPIO_Init                         0x08000670   Section        0  pwm2.o(i.PWM2_GPIO_Init)
    i.PWM2_Initialization                    0x080006b0   Section        0  pwm2.o(i.PWM2_Initialization)
    i.PWM2_SetScale                          0x080006bc   Section        0  pwm2.o(i.PWM2_SetScale)
    i.PWM2_TIM_Init                          0x080006cc   Section        0  pwm2.o(i.PWM2_TIM_Init)
    i.PWM3_Ctrl                              0x0800072c   Section        0  pwm3.o(i.PWM3_Ctrl)
    i.PWM3_GPIO_Init                         0x08000748   Section        0  pwm3.o(i.PWM3_GPIO_Init)
    i.PWM3_Initialization                    0x08000788   Section        0  pwm3.o(i.PWM3_Initialization)
    i.PWM3_SetScale                          0x08000794   Section        0  pwm3.o(i.PWM3_SetScale)
    i.PWM3_TIM_Init                          0x080007a4   Section        0  pwm3.o(i.PWM3_TIM_Init)
    i.PWM4_Ctrl                              0x08000804   Section        0  pwm4.o(i.PWM4_Ctrl)
    i.PWM4_GPIO_Init                         0x08000824   Section        0  pwm4.o(i.PWM4_GPIO_Init)
    i.PWM4_Initialization                    0x08000864   Section        0  pwm4.o(i.PWM4_Initialization)
    i.PWM4_SetScale                          0x08000870   Section        0  pwm4.o(i.PWM4_SetScale)
    i.PWM4_TIM_Init                          0x08000884   Section        0  pwm4.o(i.PWM4_TIM_Init)
    i.PWM5_Ctrl                              0x080008e8   Section        0  pwm5.o(i.PWM5_Ctrl)
    i.PWM5_GPIO_Init                         0x08000908   Section        0  pwm5.o(i.PWM5_GPIO_Init)
    i.PWM5_Initialization                    0x08000944   Section        0  pwm5.o(i.PWM5_Initialization)
    i.PWM5_SetScale                          0x08000950   Section        0  pwm5.o(i.PWM5_SetScale)
    i.PWM5_TIM_Init                          0x08000964   Section        0  pwm5.o(i.PWM5_TIM_Init)
    i.PWM6_Ctrl                              0x080009c8   Section        0  pwm6.o(i.PWM6_Ctrl)
    i.PWM6_GPIO_Init                         0x080009e8   Section        0  pwm6.o(i.PWM6_GPIO_Init)
    i.PWM6_Initialization                    0x08000a28   Section        0  pwm6.o(i.PWM6_Initialization)
    i.PWM6_SetScale                          0x08000a34   Section        0  pwm6.o(i.PWM6_SetScale)
    i.PWM6_TIM_Init                          0x08000a48   Section        0  pwm6.o(i.PWM6_TIM_Init)
    i.PWM7_Ctrl                              0x08000aac   Section        0  pwm7.o(i.PWM7_Ctrl)
    i.PWM7_GPIO_Init                         0x08000acc   Section        0  pwm7.o(i.PWM7_GPIO_Init)
    i.PWM7_Initialization                    0x08000b0c   Section        0  pwm7.o(i.PWM7_Initialization)
    i.PWM7_SetScale                          0x08000b18   Section        0  pwm7.o(i.PWM7_SetScale)
    i.PWM7_TIM_Init                          0x08000b2c   Section        0  pwm7.o(i.PWM7_TIM_Init)
    i.PWM8_Ctrl                              0x08000b90   Section        0  pwm8.o(i.PWM8_Ctrl)
    i.PWM8_GPIO_Init                         0x08000bb0   Section        0  pwm8.o(i.PWM8_GPIO_Init)
    i.PWM8_Initialization                    0x08000bf0   Section        0  pwm8.o(i.PWM8_Initialization)
    i.PWM8_SetScale                          0x08000bfc   Section        0  pwm8.o(i.PWM8_SetScale)
    i.PWM8_TIM_Init                          0x08000c10   Section        0  pwm8.o(i.PWM8_TIM_Init)
    i.PendSV_Handler                         0x08000c74   Section        0  stm32f4xx_it.o(i.PendSV_Handler)
    i.RCC_AHB1PeriphClockCmd                 0x08000c78   Section        0  stm32f4xx_rcc.o(i.RCC_AHB1PeriphClockCmd)
    i.RCC_APB1PeriphClockCmd                 0x08000c98   Section        0  stm32f4xx_rcc.o(i.RCC_APB1PeriphClockCmd)
    i.RCC_APB2PeriphClockCmd                 0x08000cb8   Section        0  stm32f4xx_rcc.o(i.RCC_APB2PeriphClockCmd)
    i.RCC_GetClocksFreq                      0x08000cd8   Section        0  stm32f4xx_rcc.o(i.RCC_GetClocksFreq)
    i.Robot_Bback                            0x08000dc0   Section        0  robot.o(i.Robot_Bback)
    i.Robot_Bcatch                           0x08000dcc   Section        0  robot.o(i.Robot_Bcatch)
    i.Robot_Bturn                            0x08000dd8   Section        0  robot.o(i.Robot_Bturn)
    i.Robot_Dturn                            0x08000e7e   Section        0  robot.o(i.Robot_Dturn)
    i.Robot_Fback                            0x08000e92   Section        0  robot.o(i.Robot_Fback)
    i.Robot_Fcatch                           0x08000e9e   Section        0  robot.o(i.Robot_Fcatch)
    i.Robot_Fturn                            0x08000eaa   Section        0  robot.o(i.Robot_Fturn)
    i.Robot_Init                             0x08000f50   Section        0  robot.o(i.Robot_Init)
    i.Robot_Lback                            0x08000f5e   Section        0  robot.o(i.Robot_Lback)
    i.Robot_Lcatch                           0x08000f6a   Section        0  robot.o(i.Robot_Lcatch)
    i.Robot_Lturn                            0x08000f76   Section        0  robot.o(i.Robot_Lturn)
    i.Robot_Rback                            0x0800101c   Section        0  robot.o(i.Robot_Rback)
    i.Robot_Rcatch                           0x08001028   Section        0  robot.o(i.Robot_Rcatch)
    i.Robot_Rturn                            0x08001034   Section        0  robot.o(i.Robot_Rturn)
    i.Robot_Uturn                            0x080010da   Section        0  robot.o(i.Robot_Uturn)
    i.Robot_getUDface                        0x080010ee   Section        0  robot.o(i.Robot_getUDface)
    i.Robot_reUDface                         0x08001162   Section        0  robot.o(i.Robot_reUDface)
    i.Robotctrl_Init                         0x080011d6   Section        0  robotctrl.o(i.Robotctrl_Init)
    i.Robotctrl_Initialization               0x080011de   Section        0  robotctrl.o(i.Robotctrl_Initialization)
    i.Robotctrl_Turnface                     0x080011f0   Section        0  robotctrl.o(i.Robotctrl_Turnface)
    i.Robotctrl_cmd                          0x080013dc   Section        0  robotctrl.o(i.Robotctrl_cmd)
    i.Robotctrl_solve                        0x0800141c   Section        0  robotctrl.o(i.Robotctrl_solve)
    i.SVC_Handler                            0x0800151a   Section        0  stm32f4xx_it.o(i.SVC_Handler)
    i.SetSysClock                            0x0800151c   Section        0  system_stm32f4xx.o(i.SetSysClock)
    SetSysClock                              0x0800151d   Thumb Code   220  system_stm32f4xx.o(i.SetSysClock)
    i.SysTick_CLKSourceConfig                0x08001608   Section        0  misc.o(i.SysTick_CLKSourceConfig)
    i.SysTick_Handler                        0x08001630   Section        0  stm32f4xx_it.o(i.SysTick_Handler)
    i.SysTick_Initialization                 0x08001634   Section        0  systick.o(i.SysTick_Initialization)
    i.SystemInit                             0x08001670   Section        0  system_stm32f4xx.o(i.SystemInit)
    i.TIM_ARRPreloadConfig                   0x080016d8   Section        0  stm32f4xx_tim.o(i.TIM_ARRPreloadConfig)
    i.TIM_Cmd                                0x080016f0   Section        0  stm32f4xx_tim.o(i.TIM_Cmd)
    i.TIM_OC1Init                            0x08001708   Section        0  stm32f4xx_tim.o(i.TIM_OC1Init)
    i.TIM_OC1PreloadConfig                   0x08001784   Section        0  stm32f4xx_tim.o(i.TIM_OC1PreloadConfig)
    i.TIM_OC2Init                            0x08001798   Section        0  stm32f4xx_tim.o(i.TIM_OC2Init)
    i.TIM_OC2PreloadConfig                   0x0800183c   Section        0  stm32f4xx_tim.o(i.TIM_OC2PreloadConfig)
    i.TIM_OC3Init                            0x08001858   Section        0  stm32f4xx_tim.o(i.TIM_OC3Init)
    i.TIM_OC3PreloadConfig                   0x080018f8   Section        0  stm32f4xx_tim.o(i.TIM_OC3PreloadConfig)
    i.TIM_SetCompare1                        0x0800190a   Section        0  stm32f4xx_tim.o(i.TIM_SetCompare1)
    i.TIM_SetCompare2                        0x0800190e   Section        0  stm32f4xx_tim.o(i.TIM_SetCompare2)
    i.TIM_SetCompare3                        0x08001912   Section        0  stm32f4xx_tim.o(i.TIM_SetCompare3)
    i.TIM_TimeBaseInit                       0x08001918   Section        0  stm32f4xx_tim.o(i.TIM_TimeBaseInit)
    i.USART1_IRQHandler                      0x0800199c   Section        0  usart1.o(i.USART1_IRQHandler)
    i.USART_ClearITPendingBit                0x08001a30   Section        0  stm32f4xx_usart.o(i.USART_ClearITPendingBit)
    i.USART_Cmd                              0x08001a4e   Section        0  stm32f4xx_usart.o(i.USART_Cmd)
    i.USART_GetFlagStatus                    0x08001a66   Section        0  stm32f4xx_usart.o(i.USART_GetFlagStatus)
    i.USART_GetITStatus                      0x08001a80   Section        0  stm32f4xx_usart.o(i.USART_GetITStatus)
    i.USART_ITConfig                         0x08001ad4   Section        0  stm32f4xx_usart.o(i.USART_ITConfig)
    i.USART_Init                             0x08001b20   Section        0  stm32f4xx_usart.o(i.USART_Init)
    i.USART_ReceiveData                      0x08001bf4   Section        0  stm32f4xx_usart.o(i.USART_ReceiveData)
    i.USART_SendData                         0x08001bfe   Section        0  stm32f4xx_usart.o(i.USART_SendData)
    i.UsageFault_Handler                     0x08001c06   Section        0  stm32f4xx_it.o(i.UsageFault_Handler)
    i.Usart1_Config                          0x08001c0c   Section        0  usart1.o(i.Usart1_Config)
    i.Usart1_GPIO_Init                       0x08001c58   Section        0  usart1.o(i.Usart1_GPIO_Init)
    i.Usart1_Initialization                  0x08001ca4   Section        0  usart1.o(i.Usart1_Initialization)
    i.Usart1_NVIC_Config                     0x08001cb4   Section        0  usart1.o(i.Usart1_NVIC_Config)
    i.Usart1_SendByte                        0x08001cdc   Section        0  usart1.o(i.Usart1_SendByte)
    i.Usart1_SendString                      0x08001cfc   Section        0  usart1.o(i.Usart1_SendString)
    i.__scatterload_copy                     0x08001d16   Section       14  handlers.o(i.__scatterload_copy)
    i.__scatterload_null                     0x08001d24   Section        2  handlers.o(i.__scatterload_null)
    i.__scatterload_zeroinit                 0x08001d26   Section       14  handlers.o(i.__scatterload_zeroinit)
    i.getmsg                                 0x08001d34   Section        0  main.o(i.getmsg)
    i.main                                   0x08001d58   Section        0  main.o(i.main)
    i.rcvturn                                0x08001db0   Section        0  robotctrl.o(i.rcvturn)
    .data                                    0x20000000   Section       20  system_stm32f4xx.o(.data)
    .data                                    0x20000014   Section       16  stm32f4xx_rcc.o(.data)
    APBAHBPrescTable                         0x20000014   Data          16  stm32f4xx_rcc.o(.data)
    .data                                    0x20000024   Section        8  systick.o(.data)
    fac_us                                   0x20000024   Data           1  systick.o(.data)
    fac_ms                                   0x20000028   Data           4  systick.o(.data)
    .data                                    0x2000002c   Section        2  usart1.o(.data)
    .data                                    0x20000030   Section        4  adc.o(.data)
    .data                                    0x20000034   Section        5  robotctrl.o(.data)
    count                                    0x20000038   Data           1  robotctrl.o(.data)
    .bss                                     0x2000003c   Section      200  usart1.o(.bss)
    STACK                                    0x20000108   Section     1024  startup_stm32f40_41xxx.o(STACK)

    Global Symbols

    Symbol Name                              Value     Ov Type        Size  Object(Section)

    BuildAttributes$$THM_ISAv4$E$P$D$K$B$S$7EM$VFPi3$EXTD16$VFPS$VFMA$PE$A:L22UL41UL21$X:L11$S22US41US21$IEEE1$IW$USESV6$~STKCKD$USESV7$~SHL$OSPACE$EBA8$MICROLIB$REQ8$PRES8$EABIv2 0x00000000   Number         0  anon$$obj.o ABSOLUTE
    __ARM_use_no_argv                        0x00000000   Number         0  main.o ABSOLUTE
    __cpp_initialize__aeabi_                  - Undefined Weak Reference
    __cxa_finalize                            - Undefined Weak Reference
    __decompress                              - Undefined Weak Reference
    _clock_init                               - Undefined Weak Reference
    _microlib_exit                            - Undefined Weak Reference
    __Vectors_Size                           0x00000188   Number         0  startup_stm32f40_41xxx.o ABSOLUTE
    __Vectors                                0x08000000   Data           4  startup_stm32f40_41xxx.o(RESET)
    __Vectors_End                            0x08000188   Data           0  startup_stm32f40_41xxx.o(RESET)
    __main                                   0x08000189   Thumb Code     0  entry.o(.ARM.Collect$$$$00000000)
    _main_stk                                0x08000189   Thumb Code     0  entry2.o(.ARM.Collect$$$$00000001)
    _main_scatterload                        0x0800018d   Thumb Code     0  entry5.o(.ARM.Collect$$$$00000004)
    __main_after_scatterload                 0x08000191   Thumb Code     0  entry5.o(.ARM.Collect$$$$00000004)
    _main_clock                              0x08000191   Thumb Code     0  entry7b.o(.ARM.Collect$$$$00000008)
    _main_cpp_init                           0x08000191   Thumb Code     0  entry8b.o(.ARM.Collect$$$$0000000A)
    _main_init                               0x08000191   Thumb Code     0  entry9a.o(.ARM.Collect$$$$0000000B)
    __rt_final_cpp                           0x08000199   Thumb Code     0  entry10a.o(.ARM.Collect$$$$0000000D)
    __rt_final_exit                          0x08000199   Thumb Code     0  entry11a.o(.ARM.Collect$$$$0000000F)
    Reset_Handler                            0x0800019d   Thumb Code     8  startup_stm32f40_41xxx.o(.text)
    CAN1_RX0_IRQHandler                      0x080001b7   Thumb Code     0  startup_stm32f40_41xxx.o(.text)
    CAN1_RX1_IRQHandler                      0x080001b7   Thumb Code     0  startup_stm32f40_41xxx.o(.text)
    CAN1_SCE_IRQHandler                      0x080001b7   Thumb Code     0  startup_stm32f40_41xxx.o(.text)
    CAN1_TX_IRQHandler                       0x080001b7   Thumb Code     0  startup_stm32f40_41xxx.o(.text)
    CAN2_RX0_IRQHandler                      0x080001b7   Thumb Code     0  startup_stm32f40_41xxx.o(.text)
    CAN2_RX1_IRQHandler                      0x080001b7   Thumb Code     0  startup_stm32f40_41xxx.o(.text)
    CAN2_SCE_IRQHandler                      0x080001b7   Thumb Code     0  startup_stm32f40_41xxx.o(.text)
    CAN2_TX_IRQHandler                       0x080001b7   Thumb Code     0  startup_stm32f40_41xxx.o(.text)
    CRYP_IRQHandler                          0x080001b7   Thumb Code     0  startup_stm32f40_41xxx.o(.text)
    DCMI_IRQHandler                          0x080001b7   Thumb Code     0  startup_stm32f40_41xxx.o(.text)
    DMA1_Stream0_IRQHandler                  0x080001b7   Thumb Code     0  startup_stm32f40_41xxx.o(.text)
    DMA1_Stream1_IRQHandler                  0x080001b7   Thumb Code     0  startup_stm32f40_41xxx.o(.text)
    DMA1_Stream2_IRQHandler                  0x080001b7   Thumb Code     0  startup_stm32f40_41xxx.o(.text)
    DMA1_Stream3_IRQHandler                  0x080001b7   Thumb Code     0  startup_stm32f40_41xxx.o(.text)
    DMA1_Stream4_IRQHandler                  0x080001b7   Thumb Code     0  startup_stm32f40_41xxx.o(.text)
    DMA1_Stream5_IRQHandler                  0x080001b7   Thumb Code     0  startup_stm32f40_41xxx.o(.text)
    DMA1_Stream6_IRQHandler                  0x080001b7   Thumb Code     0  startup_stm32f40_41xxx.o(.text)
    DMA1_Stream7_IRQHandler                  0x080001b7   Thumb Code     0  startup_stm32f40_41xxx.o(.text)
    DMA2_Stream0_IRQHandler                  0x080001b7   Thumb Code     0  startup_stm32f40_41xxx.o(.text)
    DMA2_Stream1_IRQHandler                  0x080001b7   Thumb Code     0  startup_stm32f40_41xxx.o(.text)
    DMA2_Stream2_IRQHandler                  0x080001b7   Thumb Code     0  startup_stm32f40_41xxx.o(.text)
    DMA2_Stream3_IRQHandler                  0x080001b7   Thumb Code     0  startup_stm32f40_41xxx.o(.text)
    DMA2_Stream4_IRQHandler                  0x080001b7   Thumb Code     0  startup_stm32f40_41xxx.o(.text)
    DMA2_Stream5_IRQHandler                  0x080001b7   Thumb Code     0  startup_stm32f40_41xxx.o(.text)
    DMA2_Stream6_IRQHandler                  0x080001b7   Thumb Code     0  startup_stm32f40_41xxx.o(.text)
    DMA2_Stream7_IRQHandler                  0x080001b7   Thumb Code     0  startup_stm32f40_41xxx.o(.text)
    ETH_IRQHandler                           0x080001b7   Thumb Code     0  startup_stm32f40_41xxx.o(.text)
    ETH_WKUP_IRQHandler                      0x080001b7   Thumb Code     0  startup_stm32f40_41xxx.o(.text)
    EXTI0_IRQHandler                         0x080001b7   Thumb Code     0  startup_stm32f40_41xxx.o(.text)
    EXTI15_10_IRQHandler                     0x080001b7   Thumb Code     0  startup_stm32f40_41xxx.o(.text)
    EXTI1_IRQHandler                         0x080001b7   Thumb Code     0  startup_stm32f40_41xxx.o(.text)
    EXTI2_IRQHandler                         0x080001b7   Thumb Code     0  startup_stm32f40_41xxx.o(.text)
    EXTI3_IRQHandler                         0x080001b7   Thumb Code     0  startup_stm32f40_41xxx.o(.text)
    EXTI4_IRQHandler                         0x080001b7   Thumb Code     0  startup_stm32f40_41xxx.o(.text)
    EXTI9_5_IRQHandler                       0x080001b7   Thumb Code     0  startup_stm32f40_41xxx.o(.text)
    FLASH_IRQHandler                         0x080001b7   Thumb Code     0  startup_stm32f40_41xxx.o(.text)
    FPU_IRQHandler                           0x080001b7   Thumb Code     0  startup_stm32f40_41xxx.o(.text)
    FSMC_IRQHandler                          0x080001b7   Thumb Code     0  startup_stm32f40_41xxx.o(.text)
    HASH_RNG_IRQHandler                      0x080001b7   Thumb Code     0  startup_stm32f40_41xxx.o(.text)
    I2C1_ER_IRQHandler                       0x080001b7   Thumb Code     0  startup_stm32f40_41xxx.o(.text)
    I2C1_EV_IRQHandler                       0x080001b7   Thumb Code     0  startup_stm32f40_41xxx.o(.text)
    I2C2_ER_IRQHandler                       0x080001b7   Thumb Code     0  startup_stm32f40_41xxx.o(.text)
    I2C2_EV_IRQHandler                       0x080001b7   Thumb Code     0  startup_stm32f40_41xxx.o(.text)
    I2C3_ER_IRQHandler                       0x080001b7   Thumb Code     0  startup_stm32f40_41xxx.o(.text)
    I2C3_EV_IRQHandler                       0x080001b7   Thumb Code     0  startup_stm32f40_41xxx.o(.text)
    OTG_FS_IRQHandler                        0x080001b7   Thumb Code     0  startup_stm32f40_41xxx.o(.text)
    OTG_FS_WKUP_IRQHandler                   0x080001b7   Thumb Code     0  startup_stm32f40_41xxx.o(.text)
    OTG_HS_EP1_IN_IRQHandler                 0x080001b7   Thumb Code     0  startup_stm32f40_41xxx.o(.text)
    OTG_HS_EP1_OUT_IRQHandler                0x080001b7   Thumb Code     0  startup_stm32f40_41xxx.o(.text)
    OTG_HS_IRQHandler                        0x080001b7   Thumb Code     0  startup_stm32f40_41xxx.o(.text)
    OTG_HS_WKUP_IRQHandler                   0x080001b7   Thumb Code     0  startup_stm32f40_41xxx.o(.text)
    PVD_IRQHandler                           0x080001b7   Thumb Code     0  startup_stm32f40_41xxx.o(.text)
    RCC_IRQHandler                           0x080001b7   Thumb Code     0  startup_stm32f40_41xxx.o(.text)
    RTC_Alarm_IRQHandler                     0x080001b7   Thumb Code     0  startup_stm32f40_41xxx.o(.text)
    RTC_WKUP_IRQHandler                      0x080001b7   Thumb Code     0  startup_stm32f40_41xxx.o(.text)
    SDIO_IRQHandler                          0x080001b7   Thumb Code     0  startup_stm32f40_41xxx.o(.text)
    SPI1_IRQHandler                          0x080001b7   Thumb Code     0  startup_stm32f40_41xxx.o(.text)
    SPI2_IRQHandler                          0x080001b7   Thumb Code     0  startup_stm32f40_41xxx.o(.text)
    SPI3_IRQHandler                          0x080001b7   Thumb Code     0  startup_stm32f40_41xxx.o(.text)
    TAMP_STAMP_IRQHandler                    0x080001b7   Thumb Code     0  startup_stm32f40_41xxx.o(.text)
    TIM1_BRK_TIM9_IRQHandler                 0x080001b7   Thumb Code     0  startup_stm32f40_41xxx.o(.text)
    TIM1_CC_IRQHandler                       0x080001b7   Thumb Code     0  startup_stm32f40_41xxx.o(.text)
    TIM1_TRG_COM_TIM11_IRQHandler            0x080001b7   Thumb Code     0  startup_stm32f40_41xxx.o(.text)
    TIM1_UP_TIM10_IRQHandler                 0x080001b7   Thumb Code     0  startup_stm32f40_41xxx.o(.text)
    TIM2_IRQHandler                          0x080001b7   Thumb Code     0  startup_stm32f40_41xxx.o(.text)
    TIM3_IRQHandler                          0x080001b7   Thumb Code     0  startup_stm32f40_41xxx.o(.text)
    TIM4_IRQHandler                          0x080001b7   Thumb Code     0  startup_stm32f40_41xxx.o(.text)
    TIM5_IRQHandler                          0x080001b7   Thumb Code     0  startup_stm32f40_41xxx.o(.text)
    TIM6_DAC_IRQHandler                      0x080001b7   Thumb Code     0  startup_stm32f40_41xxx.o(.text)
    TIM7_IRQHandler                          0x080001b7   Thumb Code     0  startup_stm32f40_41xxx.o(.text)
    TIM8_BRK_TIM12_IRQHandler                0x080001b7   Thumb Code     0  startup_stm32f40_41xxx.o(.text)
    TIM8_CC_IRQHandler                       0x080001b7   Thumb Code     0  startup_stm32f40_41xxx.o(.text)
    TIM8_TRG_COM_TIM14_IRQHandler            0x080001b7   Thumb Code     0  startup_stm32f40_41xxx.o(.text)
    TIM8_UP_TIM13_IRQHandler                 0x080001b7   Thumb Code     0  startup_stm32f40_41xxx.o(.text)
    UART4_IRQHandler                         0x080001b7   Thumb Code     0  startup_stm32f40_41xxx.o(.text)
    UART5_IRQHandler                         0x080001b7   Thumb Code     0  startup_stm32f40_41xxx.o(.text)
    USART2_IRQHandler                        0x080001b7   Thumb Code     0  startup_stm32f40_41xxx.o(.text)
    USART3_IRQHandler                        0x080001b7   Thumb Code     0  startup_stm32f40_41xxx.o(.text)
    USART6_IRQHandler                        0x080001b7   Thumb Code     0  startup_stm32f40_41xxx.o(.text)
    WWDG_IRQHandler                          0x080001b7   Thumb Code     0  startup_stm32f40_41xxx.o(.text)
    __aeabi_memset                           0x080001c1   Thumb Code    14  memseta.o(.text)
    __aeabi_memset4                          0x080001c1   Thumb Code     0  memseta.o(.text)
    __aeabi_memset8                          0x080001c1   Thumb Code     0  memseta.o(.text)
    __aeabi_memclr                           0x080001cf   Thumb Code     4  memseta.o(.text)
    __aeabi_memclr4                          0x080001cf   Thumb Code     0  memseta.o(.text)
    __aeabi_memclr8                          0x080001cf   Thumb Code     0  memseta.o(.text)
    _memset$wrapper                          0x080001d3   Thumb Code    18  memseta.o(.text)
    __scatterload                            0x080001e5   Thumb Code    28  init.o(.text)
    __scatterload_rt2                        0x080001e5   Thumb Code     0  init.o(.text)
    ADC_ClearITPendingBit                    0x08000209   Thumb Code    10  stm32f4xx_adc.o(i.ADC_ClearITPendingBit)
    ADC_GetConversionValue                   0x08000213   Thumb Code     8  stm32f4xx_adc.o(i.ADC_GetConversionValue)
    ADC_GetFlagStatus                        0x0800021b   Thumb Code    18  stm32f4xx_adc.o(i.ADC_GetFlagStatus)
    ADC_IRQHandler                           0x0800022d   Thumb Code    44  adc.o(i.ADC_IRQHandler)
    BusFault_Handler                         0x08000261   Thumb Code     4  stm32f4xx_it.o(i.BusFault_Handler)
    DebugMon_Handler                         0x08000265   Thumb Code     2  stm32f4xx_it.o(i.DebugMon_Handler)
    Delay_Ms                                 0x08000269   Thumb Code   148  systick.o(i.Delay_Ms)
    GPIO_Init                                0x08000301   Thumb Code   144  stm32f4xx_gpio.o(i.GPIO_Init)
    GPIO_PinAFConfig                         0x08000391   Thumb Code    70  stm32f4xx_gpio.o(i.GPIO_PinAFConfig)
    HardFault_Handler                        0x080003d7   Thumb Code     4  stm32f4xx_it.o(i.HardFault_Handler)
    MemManage_Handler                        0x080003db   Thumb Code     4  stm32f4xx_it.o(i.MemManage_Handler)
    Motor_B1_Turn                            0x080003df   Thumb Code    12  motor.o(i.Motor_B1_Turn)
    Motor_B2_Turn                            0x080003eb   Thumb Code    12  motor.o(i.Motor_B2_Turn)
    Motor_F1_Turn                            0x080003f7   Thumb Code    12  motor.o(i.Motor_F1_Turn)
    Motor_F2_Turn                            0x08000403   Thumb Code    12  motor.o(i.Motor_F2_Turn)
    Motor_Init                               0x0800040f   Thumb Code    36  motor.o(i.Motor_Init)
    Motor_Initialization                     0x08000433   Thumb Code    12  motor.o(i.Motor_Initialization)
    Motor_L1_Turn                            0x0800043f   Thumb Code    12  motor.o(i.Motor_L1_Turn)
    Motor_L2_Turn                            0x0800044b   Thumb Code    12  motor.o(i.Motor_L2_Turn)
    Motor_R1_Turn                            0x08000457   Thumb Code    12  motor.o(i.Motor_R1_Turn)
    Motor_R2_Turn                            0x08000463   Thumb Code    12  motor.o(i.Motor_R2_Turn)
    Motor_ctrl                               0x0800046f   Thumb Code    60  motor.o(i.Motor_ctrl)
    Motor_reset                              0x080004ab   Thumb Code    68  motor.o(i.Motor_reset)
    NMI_Handler                              0x080004ef   Thumb Code     2  stm32f4xx_it.o(i.NMI_Handler)
    NVIC_Init                                0x080004f1   Thumb Code   106  misc.o(i.NVIC_Init)
    NVIC_PriorityGroupConfig                 0x08000569   Thumb Code    10  misc.o(i.NVIC_PriorityGroupConfig)
    PWM1_Ctrl                                0x0800057d   Thumb Code    28  pwm1.o(i.PWM1_Ctrl)
    PWM1_GPIO_Init                           0x08000599   Thumb Code    58  pwm1.o(i.PWM1_GPIO_Init)
    PWM1_Initialization                      0x080005d9   Thumb Code    12  pwm1.o(i.PWM1_Initialization)
    PWM1_SetScale                            0x080005e5   Thumb Code    16  pwm1.o(i.PWM1_SetScale)
    PWM1_TIM_Init                            0x080005f5   Thumb Code    96  pwm1.o(i.PWM1_TIM_Init)
    PWM2_Ctrl                                0x08000655   Thumb Code    28  pwm2.o(i.PWM2_Ctrl)
    PWM2_GPIO_Init                           0x08000671   Thumb Code    58  pwm2.o(i.PWM2_GPIO_Init)
    PWM2_Initialization                      0x080006b1   Thumb Code    12  pwm2.o(i.PWM2_Initialization)
    PWM2_SetScale                            0x080006bd   Thumb Code    16  pwm2.o(i.PWM2_SetScale)
    PWM2_TIM_Init                            0x080006cd   Thumb Code    96  pwm2.o(i.PWM2_TIM_Init)
    PWM3_Ctrl                                0x0800072d   Thumb Code    28  pwm3.o(i.PWM3_Ctrl)
    PWM3_GPIO_Init                           0x08000749   Thumb Code    58  pwm3.o(i.PWM3_GPIO_Init)
    PWM3_Initialization                      0x08000789   Thumb Code    12  pwm3.o(i.PWM3_Initialization)
    PWM3_SetScale                            0x08000795   Thumb Code    16  pwm3.o(i.PWM3_SetScale)
    PWM3_TIM_Init                            0x080007a5   Thumb Code    96  pwm3.o(i.PWM3_TIM_Init)
    PWM4_Ctrl                                0x08000805   Thumb Code    26  pwm4.o(i.PWM4_Ctrl)
    PWM4_GPIO_Init                           0x08000825   Thumb Code    58  pwm4.o(i.PWM4_GPIO_Init)
    PWM4_Initialization                      0x08000865   Thumb Code    12  pwm4.o(i.PWM4_Initialization)
    PWM4_SetScale                            0x08000871   Thumb Code    14  pwm4.o(i.PWM4_SetScale)
    PWM4_TIM_Init                            0x08000885   Thumb Code    94  pwm4.o(i.PWM4_TIM_Init)
    PWM5_Ctrl                                0x080008e9   Thumb Code    26  pwm5.o(i.PWM5_Ctrl)
    PWM5_GPIO_Init                           0x08000909   Thumb Code    56  pwm5.o(i.PWM5_GPIO_Init)
    PWM5_Initialization                      0x08000945   Thumb Code    12  pwm5.o(i.PWM5_Initialization)
    PWM5_SetScale                            0x08000951   Thumb Code    14  pwm5.o(i.PWM5_SetScale)
    PWM5_TIM_Init                            0x08000965   Thumb Code    94  pwm5.o(i.PWM5_TIM_Init)
    PWM6_Ctrl                                0x080009c9   Thumb Code    26  pwm6.o(i.PWM6_Ctrl)
    PWM6_GPIO_Init                           0x080009e9   Thumb Code    58  pwm6.o(i.PWM6_GPIO_Init)
    PWM6_Initialization                      0x08000a29   Thumb Code    12  pwm6.o(i.PWM6_Initialization)
    PWM6_SetScale                            0x08000a35   Thumb Code    14  pwm6.o(i.PWM6_SetScale)
    PWM6_TIM_Init                            0x08000a49   Thumb Code    94  pwm6.o(i.PWM6_TIM_Init)
    PWM7_Ctrl                                0x08000aad   Thumb Code    26  pwm7.o(i.PWM7_Ctrl)
    PWM7_GPIO_Init                           0x08000acd   Thumb Code    58  pwm7.o(i.PWM7_GPIO_Init)
    PWM7_Initialization                      0x08000b0d   Thumb Code    12  pwm7.o(i.PWM7_Initialization)
    PWM7_SetScale                            0x08000b19   Thumb Code    14  pwm7.o(i.PWM7_SetScale)
    PWM7_TIM_Init                            0x08000b2d   Thumb Code    94  pwm7.o(i.PWM7_TIM_Init)
    PWM8_Ctrl                                0x08000b91   Thumb Code    26  pwm8.o(i.PWM8_Ctrl)
    PWM8_GPIO_Init                           0x08000bb1   Thumb Code    58  pwm8.o(i.PWM8_GPIO_Init)
    PWM8_Initialization                      0x08000bf1   Thumb Code    12  pwm8.o(i.PWM8_Initialization)
    PWM8_SetScale                            0x08000bfd   Thumb Code    14  pwm8.o(i.PWM8_SetScale)
    PWM8_TIM_Init                            0x08000c11   Thumb Code    94  pwm8.o(i.PWM8_TIM_Init)
    PendSV_Handler                           0x08000c75   Thumb Code     2  stm32f4xx_it.o(i.PendSV_Handler)
    RCC_AHB1PeriphClockCmd                   0x08000c79   Thumb Code    26  stm32f4xx_rcc.o(i.RCC_AHB1PeriphClockCmd)
    RCC_APB1PeriphClockCmd                   0x08000c99   Thumb Code    26  stm32f4xx_rcc.o(i.RCC_APB1PeriphClockCmd)
    RCC_APB2PeriphClockCmd                   0x08000cb9   Thumb Code    26  stm32f4xx_rcc.o(i.RCC_APB2PeriphClockCmd)
    RCC_GetClocksFreq                        0x08000cd9   Thumb Code   214  stm32f4xx_rcc.o(i.RCC_GetClocksFreq)
    Robot_Bback                              0x08000dc1   Thumb Code    12  robot.o(i.Robot_Bback)
    Robot_Bcatch                             0x08000dcd   Thumb Code    12  robot.o(i.Robot_Bcatch)
    Robot_Bturn                              0x08000dd9   Thumb Code   166  robot.o(i.Robot_Bturn)
    Robot_Dturn                              0x08000e7f   Thumb Code    20  robot.o(i.Robot_Dturn)
    Robot_Fback                              0x08000e93   Thumb Code    12  robot.o(i.Robot_Fback)
    Robot_Fcatch                             0x08000e9f   Thumb Code    12  robot.o(i.Robot_Fcatch)
    Robot_Fturn                              0x08000eab   Thumb Code   166  robot.o(i.Robot_Fturn)
    Robot_Init                               0x08000f51   Thumb Code    14  robot.o(i.Robot_Init)
    Robot_Lback                              0x08000f5f   Thumb Code    12  robot.o(i.Robot_Lback)
    Robot_Lcatch                             0x08000f6b   Thumb Code    12  robot.o(i.Robot_Lcatch)
    Robot_Lturn                              0x08000f77   Thumb Code   166  robot.o(i.Robot_Lturn)
    Robot_Rback                              0x0800101d   Thumb Code    12  robot.o(i.Robot_Rback)
    Robot_Rcatch                             0x08001029   Thumb Code    12  robot.o(i.Robot_Rcatch)
    Robot_Rturn                              0x08001035   Thumb Code   166  robot.o(i.Robot_Rturn)
    Robot_Uturn                              0x080010db   Thumb Code    20  robot.o(i.Robot_Uturn)
    Robot_getUDface                          0x080010ef   Thumb Code   116  robot.o(i.Robot_getUDface)
    Robot_reUDface                           0x08001163   Thumb Code   116  robot.o(i.Robot_reUDface)
    Robotctrl_Init                           0x080011d7   Thumb Code     8  robotctrl.o(i.Robotctrl_Init)
    Robotctrl_Initialization                 0x080011df   Thumb Code    16  robotctrl.o(i.Robotctrl_Initialization)
    Robotctrl_Turnface                       0x080011f1   Thumb Code   486  robotctrl.o(i.Robotctrl_Turnface)
    Robotctrl_cmd                            0x080013dd   Thumb Code    58  robotctrl.o(i.Robotctrl_cmd)
    Robotctrl_solve                          0x0800141d   Thumb Code   254  robotctrl.o(i.Robotctrl_solve)
    SVC_Handler                              0x0800151b   Thumb Code     2  stm32f4xx_it.o(i.SVC_Handler)
    SysTick_CLKSourceConfig                  0x08001609   Thumb Code    40  misc.o(i.SysTick_CLKSourceConfig)
    SysTick_Handler                          0x08001631   Thumb Code     2  stm32f4xx_it.o(i.SysTick_Handler)
    SysTick_Initialization                   0x08001635   Thumb Code    42  systick.o(i.SysTick_Initialization)
    SystemInit                               0x08001671   Thumb Code    88  system_stm32f4xx.o(i.SystemInit)
    TIM_ARRPreloadConfig                     0x080016d9   Thumb Code    24  stm32f4xx_tim.o(i.TIM_ARRPreloadConfig)
    TIM_Cmd                                  0x080016f1   Thumb Code    24  stm32f4xx_tim.o(i.TIM_Cmd)
    TIM_OC1Init                              0x08001709   Thumb Code   114  stm32f4xx_tim.o(i.TIM_OC1Init)
    TIM_OC1PreloadConfig                     0x08001785   Thumb Code    18  stm32f4xx_tim.o(i.TIM_OC1PreloadConfig)
    TIM_OC2Init                              0x08001799   Thumb Code   154  stm32f4xx_tim.o(i.TIM_OC2Init)
    TIM_OC2PreloadConfig                     0x0800183d   Thumb Code    26  stm32f4xx_tim.o(i.TIM_OC2PreloadConfig)
    TIM_OC3Init                              0x08001859   Thumb Code   150  stm32f4xx_tim.o(i.TIM_OC3Init)
    TIM_OC3PreloadConfig                     0x080018f9   Thumb Code    18  stm32f4xx_tim.o(i.TIM_OC3PreloadConfig)
    TIM_SetCompare1                          0x0800190b   Thumb Code     4  stm32f4xx_tim.o(i.TIM_SetCompare1)
    TIM_SetCompare2                          0x0800190f   Thumb Code     4  stm32f4xx_tim.o(i.TIM_SetCompare2)
    TIM_SetCompare3                          0x08001913   Thumb Code     4  stm32f4xx_tim.o(i.TIM_SetCompare3)
    TIM_TimeBaseInit                         0x08001919   Thumb Code   104  stm32f4xx_tim.o(i.TIM_TimeBaseInit)
    USART1_IRQHandler                        0x0800199d   Thumb Code   134  usart1.o(i.USART1_IRQHandler)
    USART_ClearITPendingBit                  0x08001a31   Thumb Code    30  stm32f4xx_usart.o(i.USART_ClearITPendingBit)
    USART_Cmd                                0x08001a4f   Thumb Code    24  stm32f4xx_usart.o(i.USART_Cmd)
    USART_GetFlagStatus                      0x08001a67   Thumb Code    26  stm32f4xx_usart.o(i.USART_GetFlagStatus)
    USART_GetITStatus                        0x08001a81   Thumb Code    84  stm32f4xx_usart.o(i.USART_GetITStatus)
    USART_ITConfig                           0x08001ad5   Thumb Code    74  stm32f4xx_usart.o(i.USART_ITConfig)
    USART_Init                               0x08001b21   Thumb Code   204  stm32f4xx_usart.o(i.USART_Init)
    USART_ReceiveData                        0x08001bf5   Thumb Code    10  stm32f4xx_usart.o(i.USART_ReceiveData)
    USART_SendData                           0x08001bff   Thumb Code     8  stm32f4xx_usart.o(i.USART_SendData)
    UsageFault_Handler                       0x08001c07   Thumb Code     4  stm32f4xx_it.o(i.UsageFault_Handler)
    Usart1_Config                            0x08001c0d   Thumb Code    72  usart1.o(i.Usart1_Config)
    Usart1_GPIO_Init                         0x08001c59   Thumb Code    70  usart1.o(i.Usart1_GPIO_Init)
    Usart1_Initialization                    0x08001ca5   Thumb Code    16  usart1.o(i.Usart1_Initialization)
    Usart1_NVIC_Config                       0x08001cb5   Thumb Code    38  usart1.o(i.Usart1_NVIC_Config)
    Usart1_SendByte                          0x08001cdd   Thumb Code    28  usart1.o(i.Usart1_SendByte)
    Usart1_SendString                        0x08001cfd   Thumb Code    26  usart1.o(i.Usart1_SendString)
    __scatterload_copy                       0x08001d17   Thumb Code    14  handlers.o(i.__scatterload_copy)
    __scatterload_null                       0x08001d25   Thumb Code     2  handlers.o(i.__scatterload_null)
    __scatterload_zeroinit                   0x08001d27   Thumb Code    14  handlers.o(i.__scatterload_zeroinit)
    getmsg                                   0x08001d35   Thumb Code    30  main.o(i.getmsg)
    main                                     0x08001d59   Thumb Code    78  main.o(i.main)
    rcvturn                                  0x08001db1   Thumb Code   180  robotctrl.o(i.rcvturn)
    Region$$Table$$Base                      0x08001e64   Number         0  anon$$obj.o(Region$$Table)
    Region$$Table$$Limit                     0x08001e84   Number         0  anon$$obj.o(Region$$Table)
    SystemCoreClock                          0x20000000   Data           4  system_stm32f4xx.o(.data)
    AHBPrescTable                            0x20000004   Data          16  system_stm32f4xx.o(.data)
    USART1_RX_STA                            0x2000002c   Data           2  usart1.o(.data)
    ADC_ConvertedValue                       0x20000030   Data           4  adc.o(.data)
    sendstr                                  0x20000034   Data           4  robotctrl.o(.data)
    USART1_RX_BUF                            0x2000003c   Data         200  usart1.o(.bss)
    __initial_sp                             0x20000508   Data           0  startup_stm32f40_41xxx.o(STACK)



==============================================================================

Memory Map of the image

  Image Entry point : 0x08000189

  Load Region LR_IROM1 (Base: 0x08000000, Size: 0x00001ec0, Max: 0x00080000, ABSOLUTE)

    Execution Region ER_IROM1 (Base: 0x08000000, Size: 0x00001e84, Max: 0x00080000, ABSOLUTE)

    Base Addr    Size         Type   Attr      Idx    E Section Name        Object

    0x08000000   0x00000188   Data   RO          296    RESET               startup_stm32f40_41xxx.o
    0x08000188   0x00000000   Code   RO         3161  * .ARM.Collect$$$$00000000  mc_w.l(entry.o)
    0x08000188   0x00000004   Code   RO         3166    .ARM.Collect$$$$00000001  mc_w.l(entry2.o)
    0x0800018c   0x00000004   Code   RO         3169    .ARM.Collect$$$$00000004  mc_w.l(entry5.o)
    0x08000190   0x00000000   Code   RO         3171    .ARM.Collect$$$$00000008  mc_w.l(entry7b.o)
    0x08000190   0x00000000   Code   RO         3173    .ARM.Collect$$$$0000000A  mc_w.l(entry8b.o)
    0x08000190   0x00000008   Code   RO         3174    .ARM.Collect$$$$0000000B  mc_w.l(entry9a.o)
    0x08000198   0x00000000   Code   RO         3176    .ARM.Collect$$$$0000000D  mc_w.l(entry10a.o)
    0x08000198   0x00000000   Code   RO         3178    .ARM.Collect$$$$0000000F  mc_w.l(entry11a.o)
    0x08000198   0x00000004   Code   RO         3167    .ARM.Collect$$$$00002712  mc_w.l(entry2.o)
    0x0800019c   0x00000024   Code   RO          297    .text               startup_stm32f40_41xxx.o
    0x080001c0   0x00000024   Code   RO         3164    .text               mc_w.l(memseta.o)
    0x080001e4   0x00000024   Code   RO         3180    .text               mc_w.l(init.o)
    0x08000208   0x0000000a   Code   RO         1935    i.ADC_ClearITPendingBit  stm32f4xx_adc.o
    0x08000212   0x00000008   Code   RO         1948    i.ADC_GetConversionValue  stm32f4xx_adc.o
    0x0800021a   0x00000012   Code   RO         1949    i.ADC_GetFlagStatus  stm32f4xx_adc.o
    0x0800022c   0x00000034   Code   RO         2452    i.ADC_IRQHandler    adc.o
    0x08000260   0x00000004   Code   RO          181    i.BusFault_Handler  stm32f4xx_it.o
    0x08000264   0x00000002   Code   RO          182    i.DebugMon_Handler  stm32f4xx_it.o
    0x08000266   0x00000002   PAD
    0x08000268   0x00000098   Code   RO         2261    i.Delay_Ms          systick.o
    0x08000300   0x00000090   Code   RO          379    i.GPIO_Init         stm32f4xx_gpio.o
    0x08000390   0x00000046   Code   RO          380    i.GPIO_PinAFConfig  stm32f4xx_gpio.o
    0x080003d6   0x00000004   Code   RO          183    i.HardFault_Handler  stm32f4xx_it.o
    0x080003da   0x00000004   Code   RO          184    i.MemManage_Handler  stm32f4xx_it.o
    0x080003de   0x0000000c   Code   RO         2887    i.Motor_B1_Turn     motor.o
    0x080003ea   0x0000000c   Code   RO         2888    i.Motor_B2_Turn     motor.o
    0x080003f6   0x0000000c   Code   RO         2889    i.Motor_F1_Turn     motor.o
    0x08000402   0x0000000c   Code   RO         2890    i.Motor_F2_Turn     motor.o
    0x0800040e   0x00000024   Code   RO         2891    i.Motor_Init        motor.o
    0x08000432   0x0000000c   Code   RO         2892    i.Motor_Initialization  motor.o
    0x0800043e   0x0000000c   Code   RO         2893    i.Motor_L1_Turn     motor.o
    0x0800044a   0x0000000c   Code   RO         2894    i.Motor_L2_Turn     motor.o
    0x08000456   0x0000000c   Code   RO         2895    i.Motor_R1_Turn     motor.o
    0x08000462   0x0000000c   Code   RO         2896    i.Motor_R2_Turn     motor.o
    0x0800046e   0x0000003c   Code   RO         2897    i.Motor_ctrl        motor.o
    0x080004aa   0x00000044   Code   RO         2898    i.Motor_reset       motor.o
    0x080004ee   0x00000002   Code   RO          185    i.NMI_Handler       stm32f4xx_it.o
    0x080004f0   0x00000078   Code   RO          304    i.NVIC_Init         misc.o
    0x08000568   0x00000014   Code   RO          305    i.NVIC_PriorityGroupConfig  misc.o
    0x0800057c   0x0000001c   Code   RO         2503    i.PWM1_Ctrl         pwm1.o
    0x08000598   0x00000040   Code   RO         2504    i.PWM1_GPIO_Init    pwm1.o
    0x080005d8   0x0000000c   Code   RO         2505    i.PWM1_Initialization  pwm1.o
    0x080005e4   0x00000010   Code   RO         2506    i.PWM1_SetScale     pwm1.o
    0x080005f4   0x00000060   Code   RO         2507    i.PWM1_TIM_Init     pwm1.o
    0x08000654   0x0000001c   Code   RO         2551    i.PWM2_Ctrl         pwm2.o
    0x08000670   0x00000040   Code   RO         2552    i.PWM2_GPIO_Init    pwm2.o
    0x080006b0   0x0000000c   Code   RO         2553    i.PWM2_Initialization  pwm2.o
    0x080006bc   0x00000010   Code   RO         2554    i.PWM2_SetScale     pwm2.o
    0x080006cc   0x00000060   Code   RO         2555    i.PWM2_TIM_Init     pwm2.o
    0x0800072c   0x0000001c   Code   RO         2599    i.PWM3_Ctrl         pwm3.o
    0x08000748   0x00000040   Code   RO         2600    i.PWM3_GPIO_Init    pwm3.o
    0x08000788   0x0000000c   Code   RO         2601    i.PWM3_Initialization  pwm3.o
    0x08000794   0x00000010   Code   RO         2602    i.PWM3_SetScale     pwm3.o
    0x080007a4   0x00000060   Code   RO         2603    i.PWM3_TIM_Init     pwm3.o
    0x08000804   0x00000020   Code   RO         2647    i.PWM4_Ctrl         pwm4.o
    0x08000824   0x00000040   Code   RO         2648    i.PWM4_GPIO_Init    pwm4.o
    0x08000864   0x0000000c   Code   RO         2649    i.PWM4_Initialization  pwm4.o
    0x08000870   0x00000014   Code   RO         2650    i.PWM4_SetScale     pwm4.o
    0x08000884   0x00000064   Code   RO         2651    i.PWM4_TIM_Init     pwm4.o
    0x080008e8   0x00000020   Code   RO         2695    i.PWM5_Ctrl         pwm5.o
    0x08000908   0x0000003c   Code   RO         2696    i.PWM5_GPIO_Init    pwm5.o
    0x08000944   0x0000000c   Code   RO         2697    i.PWM5_Initialization  pwm5.o
    0x08000950   0x00000014   Code   RO         2698    i.PWM5_SetScale     pwm5.o
    0x08000964   0x00000064   Code   RO         2699    i.PWM5_TIM_Init     pwm5.o
    0x080009c8   0x00000020   Code   RO         2743    i.PWM6_Ctrl         pwm6.o
    0x080009e8   0x00000040   Code   RO         2744    i.PWM6_GPIO_Init    pwm6.o
    0x08000a28   0x0000000c   Code   RO         2745    i.PWM6_Initialization  pwm6.o
    0x08000a34   0x00000014   Code   RO         2746    i.PWM6_SetScale     pwm6.o
    0x08000a48   0x00000064   Code   RO         2747    i.PWM6_TIM_Init     pwm6.o
    0x08000aac   0x00000020   Code   RO         2791    i.PWM7_Ctrl         pwm7.o
    0x08000acc   0x00000040   Code   RO         2792    i.PWM7_GPIO_Init    pwm7.o
    0x08000b0c   0x0000000c   Code   RO         2793    i.PWM7_Initialization  pwm7.o
    0x08000b18   0x00000014   Code   RO         2794    i.PWM7_SetScale     pwm7.o
    0x08000b2c   0x00000064   Code   RO         2795    i.PWM7_TIM_Init     pwm7.o
    0x08000b90   0x00000020   Code   RO         2839    i.PWM8_Ctrl         pwm8.o
    0x08000bb0   0x00000040   Code   RO         2840    i.PWM8_GPIO_Init    pwm8.o
    0x08000bf0   0x0000000c   Code   RO         2841    i.PWM8_Initialization  pwm8.o
    0x08000bfc   0x00000014   Code   RO         2842    i.PWM8_SetScale     pwm8.o
    0x08000c10   0x00000064   Code   RO         2843    i.PWM8_TIM_Init     pwm8.o
    0x08000c74   0x00000002   Code   RO          186    i.PendSV_Handler    stm32f4xx_it.o
    0x08000c76   0x00000002   PAD
    0x08000c78   0x00000020   Code   RO          480    i.RCC_AHB1PeriphClockCmd  stm32f4xx_rcc.o
    0x08000c98   0x00000020   Code   RO          489    i.RCC_APB1PeriphClockCmd  stm32f4xx_rcc.o
    0x08000cb8   0x00000020   Code   RO          492    i.RCC_APB2PeriphClockCmd  stm32f4xx_rcc.o
    0x08000cd8   0x000000e8   Code   RO          501    i.RCC_GetClocksFreq  stm32f4xx_rcc.o
    0x08000dc0   0x0000000c   Code   RO         2977    i.Robot_Bback       robot.o
    0x08000dcc   0x0000000c   Code   RO         2978    i.Robot_Bcatch      robot.o
    0x08000dd8   0x000000a6   Code   RO         2979    i.Robot_Bturn       robot.o
    0x08000e7e   0x00000014   Code   RO         2980    i.Robot_Dturn       robot.o
    0x08000e92   0x0000000c   Code   RO         2981    i.Robot_Fback       robot.o
    0x08000e9e   0x0000000c   Code   RO         2982    i.Robot_Fcatch      robot.o
    0x08000eaa   0x000000a6   Code   RO         2983    i.Robot_Fturn       robot.o
    0x08000f50   0x0000000e   Code   RO         2984    i.Robot_Init        robot.o
    0x08000f5e   0x0000000c   Code   RO         2986    i.Robot_Lback       robot.o
    0x08000f6a   0x0000000c   Code   RO         2987    i.Robot_Lcatch      robot.o
    0x08000f76   0x000000a6   Code   RO         2988    i.Robot_Lturn       robot.o
    0x0800101c   0x0000000c   Code   RO         2989    i.Robot_Rback       robot.o
    0x08001028   0x0000000c   Code   RO         2990    i.Robot_Rcatch      robot.o
    0x08001034   0x000000a6   Code   RO         2991    i.Robot_Rturn       robot.o
    0x080010da   0x00000014   Code   RO         2992    i.Robot_Uturn       robot.o
    0x080010ee   0x00000074   Code   RO         2993    i.Robot_getUDface   robot.o
    0x08001162   0x00000074   Code   RO         2994    i.Robot_reUDface    robot.o
    0x080011d6   0x00000008   Code   RO         3103    i.Robotctrl_Init    robotctrl.o
    0x080011de   0x00000010   Code   RO         3104    i.Robotctrl_Initialization  robotctrl.o
    0x080011ee   0x00000002   PAD
    0x080011f0   0x000001ec   Code   RO         3105    i.Robotctrl_Turnface  robotctrl.o
    0x080013dc   0x00000040   Code   RO         3106    i.Robotctrl_cmd     robotctrl.o
    0x0800141c   0x000000fe   Code   RO         3107    i.Robotctrl_solve   robotctrl.o
    0x0800151a   0x00000002   Code   RO          187    i.SVC_Handler       stm32f4xx_it.o
    0x0800151c   0x000000ec   Code   RO          256    i.SetSysClock       system_stm32f4xx.o
    0x08001608   0x00000028   Code   RO          308    i.SysTick_CLKSourceConfig  misc.o
    0x08001630   0x00000002   Code   RO          188    i.SysTick_Handler   stm32f4xx_it.o
    0x08001632   0x00000002   PAD
    0x08001634   0x0000003c   Code   RO         2263    i.SysTick_Initialization  systick.o
    0x08001670   0x00000068   Code   RO          258    i.SystemInit        system_stm32f4xx.o
    0x080016d8   0x00000018   Code   RO         1014    i.TIM_ARRPreloadConfig  stm32f4xx_tim.o
    0x080016f0   0x00000018   Code   RO         1026    i.TIM_Cmd           stm32f4xx_tim.o
    0x08001708   0x0000007c   Code   RO         1055    i.TIM_OC1Init       stm32f4xx_tim.o
    0x08001784   0x00000012   Code   RO         1058    i.TIM_OC1PreloadConfig  stm32f4xx_tim.o
    0x08001796   0x00000002   PAD
    0x08001798   0x000000a4   Code   RO         1060    i.TIM_OC2Init       stm32f4xx_tim.o
    0x0800183c   0x0000001a   Code   RO         1063    i.TIM_OC2PreloadConfig  stm32f4xx_tim.o
    0x08001856   0x00000002   PAD
    0x08001858   0x000000a0   Code   RO         1065    i.TIM_OC3Init       stm32f4xx_tim.o
    0x080018f8   0x00000012   Code   RO         1068    i.TIM_OC3PreloadConfig  stm32f4xx_tim.o
    0x0800190a   0x00000004   Code   RO         1088    i.TIM_SetCompare1   stm32f4xx_tim.o
    0x0800190e   0x00000004   Code   RO         1089    i.TIM_SetCompare2   stm32f4xx_tim.o
    0x08001912   0x00000004   Code   RO         1090    i.TIM_SetCompare3   stm32f4xx_tim.o
    0x08001916   0x00000002   PAD
    0x08001918   0x00000084   Code   RO         1098    i.TIM_TimeBaseInit  stm32f4xx_tim.o
    0x0800199c   0x00000094   Code   RO         2377    i.USART1_IRQHandler  usart1.o
    0x08001a30   0x0000001e   Code   RO          819    i.USART_ClearITPendingBit  stm32f4xx_usart.o
    0x08001a4e   0x00000018   Code   RO          822    i.USART_Cmd         stm32f4xx_usart.o
    0x08001a66   0x0000001a   Code   RO          825    i.USART_GetFlagStatus  stm32f4xx_usart.o
    0x08001a80   0x00000054   Code   RO          826    i.USART_GetITStatus  stm32f4xx_usart.o
    0x08001ad4   0x0000004a   Code   RO          828    i.USART_ITConfig    stm32f4xx_usart.o
    0x08001b1e   0x00000002   PAD
    0x08001b20   0x000000d4   Code   RO          829    i.USART_Init        stm32f4xx_usart.o
    0x08001bf4   0x0000000a   Code   RO          836    i.USART_ReceiveData  stm32f4xx_usart.o
    0x08001bfe   0x00000008   Code   RO          839    i.USART_SendData    stm32f4xx_usart.o
    0x08001c06   0x00000004   Code   RO          189    i.UsageFault_Handler  stm32f4xx_it.o
    0x08001c0a   0x00000002   PAD
    0x08001c0c   0x0000004c   Code   RO         2378    i.Usart1_Config     usart1.o
    0x08001c58   0x0000004c   Code   RO         2379    i.Usart1_GPIO_Init  usart1.o
    0x08001ca4   0x00000010   Code   RO         2380    i.Usart1_Initialization  usart1.o
    0x08001cb4   0x00000026   Code   RO         2381    i.Usart1_NVIC_Config  usart1.o
    0x08001cda   0x00000002   PAD
    0x08001cdc   0x00000020   Code   RO         2382    i.Usart1_SendByte   usart1.o
    0x08001cfc   0x0000001a   Code   RO         2384    i.Usart1_SendString  usart1.o
    0x08001d16   0x0000000e   Code   RO         3184    i.__scatterload_copy  mc_w.l(handlers.o)
    0x08001d24   0x00000002   Code   RO         3185    i.__scatterload_null  mc_w.l(handlers.o)
    0x08001d26   0x0000000e   Code   RO         3186    i.__scatterload_zeroinit  mc_w.l(handlers.o)
    0x08001d34   0x00000024   Code   RO            4    i.getmsg            main.o
    0x08001d58   0x00000058   Code   RO            5    i.main              main.o
    0x08001db0   0x000000b4   Code   RO         3108    i.rcvturn           robotctrl.o
    0x08001e64   0x00000020   Data   RO         3182    Region$$Table       anon$$obj.o


    Execution Region RW_IRAM1 (Base: 0x20000000, Size: 0x00000508, Max: 0x00020000, ABSOLUTE)

    Base Addr    Size         Type   Attr      Idx    E Section Name        Object

    0x20000000   0x00000014   Data   RW          259    .data               system_stm32f4xx.o
    0x20000014   0x00000010   Data   RW          533    .data               stm32f4xx_rcc.o
    0x20000024   0x00000008   Data   RW         2264    .data               systick.o
    0x2000002c   0x00000002   Data   RW         2386    .data               usart1.o
    0x2000002e   0x00000002   PAD
    0x20000030   0x00000004   Data   RW         2455    .data               adc.o
    0x20000034   0x00000005   Data   RW         3109    .data               robotctrl.o
    0x20000039   0x00000003   PAD
    0x2000003c   0x000000c8   Zero   RW         2385    .bss                usart1.o
    0x20000104   0x00000004   PAD
    0x20000108   0x00000400   Zero   RW          294    STACK               startup_stm32f40_41xxx.o


==============================================================================

Image component sizes


      Code (inc. data)   RO Data    RW Data    ZI Data      Debug   Object Name

        52          8          0          4          0        746   adc.o
       124         16          0          0          0     290544   main.o
       180         24          0          0          0     254261   misc.o
       272          0          0          0          0       6447   motor.o
       216          6          0          0          0       2763   pwm1.o
       216          6          0          0          0       2763   pwm2.o
       216          6          0          0          0       2763   pwm3.o
       228         24          0          0          0       2763   pwm4.o
       224         22          0          0          0       2759   pwm5.o
       228         24          0          0          0       2763   pwm6.o
       228         24          0          0          0       2763   pwm7.o
       228         24          0          0          0       2763   pwm8.o
      1046          0          0          0          0       9220   robot.o
      1014         12          0          5          0       4387   robotctrl.o
        36          8        392          0       1024        836   startup_stm32f40_41xxx.o
        36          0          0          0          0       2917   stm32f4xx_adc.o
       214          0          0          0          0       1755   stm32f4xx_gpio.o
        26          0          0          0          0       4034   stm32f4xx_it.o
       328         36          0         16          0       4643   stm32f4xx_rcc.o
       702         58          0          0          0       8025   stm32f4xx_tim.o
       468          8          0          0          0       6095   stm32f4xx_usart.o
       340         32          0         20          0       1737   system_stm32f4xx.o
       212         22          0          8          0       1484   systick.o
       412         28          0          2        200       4612   usart1.o

    ----------------------------------------------------------------------
      7266        388        424         60       1228     623843   Object Totals
         0          0         32          0          0          0   (incl. Generated)
        20          0          0          5          4          0   (incl. Padding)

    ----------------------------------------------------------------------

      Code (inc. data)   RO Data    RW Data    ZI Data      Debug   Library Member Name

         0          0          0          0          0          0   entry.o
         0          0          0          0          0          0   entry10a.o
         0          0          0          0          0          0   entry11a.o
         8          4          0          0          0          0   entry2.o
         4          0          0          0          0          0   entry5.o
         0          0          0          0          0          0   entry7b.o
         0          0          0          0          0          0   entry8b.o
         8          4          0          0          0          0   entry9a.o
        30          0          0          0          0          0   handlers.o
        36          8          0          0          0         68   init.o
        36          0          0          0          0        108   memseta.o

    ----------------------------------------------------------------------
       122         16          0          0          0        176   Library Totals
         0          0          0          0          0          0   (incl. Padding)

    ----------------------------------------------------------------------

      Code (inc. data)   RO Data    RW Data    ZI Data      Debug   Library Name

       122         16          0          0          0        176   mc_w.l

    ----------------------------------------------------------------------
       122         16          0          0          0        176   Library Totals

    ----------------------------------------------------------------------

==============================================================================


      Code (inc. data)   RO Data    RW Data    ZI Data      Debug   

      7388        404        424         60       1228     611723   Grand Totals
      7388        404        424         60       1228     611723   ELF Image Totals
      7388        404        424         60          0          0   ROM Totals

==============================================================================

    Total RO  Size (Code + RO Data)                 7812 (   7.63kB)
    Total RW  Size (RW Data + ZI Data)              1288 (   1.26kB)
    Total ROM Size (Code + RO Data + RW Data)       7872 (   7.69kB)

==============================================================================

